Archive member included because of file (symbol)

c:/freescale/kds_1.1.1/toolchain/bin/../lib/gcc/arm-none-eabi/4.8.0/../../../../arm-none-eabi/lib\libm.a(lib_a-w_pow.o)
                              ./Sources/sensors/BMP180.o (pow)
c:/freescale/kds_1.1.1/toolchain/bin/../lib/gcc/arm-none-eabi/4.8.0/../../../../arm-none-eabi/lib\libm.a(lib_a-e_pow.o)
                              c:/freescale/kds_1.1.1/toolchain/bin/../lib/gcc/arm-none-eabi/4.8.0/../../../../arm-none-eabi/lib\libm.a(lib_a-w_pow.o) (__ieee754_pow)
c:/freescale/kds_1.1.1/toolchain/bin/../lib/gcc/arm-none-eabi/4.8.0/../../../../arm-none-eabi/lib\libm.a(lib_a-e_sqrt.o)
                              c:/freescale/kds_1.1.1/toolchain/bin/../lib/gcc/arm-none-eabi/4.8.0/../../../../arm-none-eabi/lib\libm.a(lib_a-e_pow.o) (__ieee754_sqrt)
c:/freescale/kds_1.1.1/toolchain/bin/../lib/gcc/arm-none-eabi/4.8.0/../../../../arm-none-eabi/lib\libm.a(lib_a-s_fabs.o)
                              c:/freescale/kds_1.1.1/toolchain/bin/../lib/gcc/arm-none-eabi/4.8.0/../../../../arm-none-eabi/lib\libm.a(lib_a-e_pow.o) (fabs)
c:/freescale/kds_1.1.1/toolchain/bin/../lib/gcc/arm-none-eabi/4.8.0/../../../../arm-none-eabi/lib\libm.a(lib_a-s_finite.o)
                              c:/freescale/kds_1.1.1/toolchain/bin/../lib/gcc/arm-none-eabi/4.8.0/../../../../arm-none-eabi/lib\libm.a(lib_a-w_pow.o) (finite)
c:/freescale/kds_1.1.1/toolchain/bin/../lib/gcc/arm-none-eabi/4.8.0/../../../../arm-none-eabi/lib\libm.a(lib_a-s_fpclassify.o)
                              c:/freescale/kds_1.1.1/toolchain/bin/../lib/gcc/arm-none-eabi/4.8.0/../../../../arm-none-eabi/lib\libm.a(lib_a-w_pow.o) (__fpclassifyd)
c:/freescale/kds_1.1.1/toolchain/bin/../lib/gcc/arm-none-eabi/4.8.0/../../../../arm-none-eabi/lib\libm.a(lib_a-s_lib_ver.o)
                              c:/freescale/kds_1.1.1/toolchain/bin/../lib/gcc/arm-none-eabi/4.8.0/../../../../arm-none-eabi/lib\libm.a(lib_a-w_pow.o) (__fdlib_version)
c:/freescale/kds_1.1.1/toolchain/bin/../lib/gcc/arm-none-eabi/4.8.0/../../../../arm-none-eabi/lib\libm.a(lib_a-s_matherr.o)
                              c:/freescale/kds_1.1.1/toolchain/bin/../lib/gcc/arm-none-eabi/4.8.0/../../../../arm-none-eabi/lib\libm.a(lib_a-w_pow.o) (matherr)
c:/freescale/kds_1.1.1/toolchain/bin/../lib/gcc/arm-none-eabi/4.8.0/../../../../arm-none-eabi/lib\libm.a(lib_a-s_nan.o)
                              c:/freescale/kds_1.1.1/toolchain/bin/../lib/gcc/arm-none-eabi/4.8.0/../../../../arm-none-eabi/lib\libm.a(lib_a-e_pow.o) (nan)
c:/freescale/kds_1.1.1/toolchain/bin/../lib/gcc/arm-none-eabi/4.8.0/../../../../arm-none-eabi/lib\libm.a(lib_a-s_rint.o)
                              c:/freescale/kds_1.1.1/toolchain/bin/../lib/gcc/arm-none-eabi/4.8.0/../../../../arm-none-eabi/lib\libm.a(lib_a-w_pow.o) (rint)
c:/freescale/kds_1.1.1/toolchain/bin/../lib/gcc/arm-none-eabi/4.8.0/../../../../arm-none-eabi/lib\libm.a(lib_a-s_scalbn.o)
                              c:/freescale/kds_1.1.1/toolchain/bin/../lib/gcc/arm-none-eabi/4.8.0/../../../../arm-none-eabi/lib\libm.a(lib_a-e_pow.o) (scalbn)
c:/freescale/kds_1.1.1/toolchain/bin/../lib/gcc/arm-none-eabi/4.8.0/../../../../arm-none-eabi/lib\libm.a(lib_a-s_copysign.o)
                              c:/freescale/kds_1.1.1/toolchain/bin/../lib/gcc/arm-none-eabi/4.8.0/../../../../arm-none-eabi/lib\libm.a(lib_a-s_scalbn.o) (copysign)
c:/freescale/kds_1.1.1/toolchain/bin/../lib/gcc/arm-none-eabi/4.8.0\libgcc.a(_thumb1_case_uqi.o)
                              ./MQXLITE/psp/cortex_m/mem_zero.o (__gnu_thumb1_case_uqi)
c:/freescale/kds_1.1.1/toolchain/bin/../lib/gcc/arm-none-eabi/4.8.0\libgcc.a(_udivsi3.o)
                              ./Sources/sensors/BMP180.o (__aeabi_uidiv)
c:/freescale/kds_1.1.1/toolchain/bin/../lib/gcc/arm-none-eabi/4.8.0\libgcc.a(_divsi3.o)
                              ./Sources/sensors/BMP180.o (__aeabi_idiv)
c:/freescale/kds_1.1.1/toolchain/bin/../lib/gcc/arm-none-eabi/4.8.0\libgcc.a(_dvmd_tls.o)
                              c:/freescale/kds_1.1.1/toolchain/bin/../lib/gcc/arm-none-eabi/4.8.0\libgcc.a(_udivsi3.o) (__aeabi_idiv0)
c:/freescale/kds_1.1.1/toolchain/bin/../lib/gcc/arm-none-eabi/4.8.0\libgcc.a(_arm_cmpdf2.o)
                              c:/freescale/kds_1.1.1/toolchain/bin/../lib/gcc/arm-none-eabi/4.8.0/../../../../arm-none-eabi/lib\libm.a(lib_a-w_pow.o) (__aeabi_dcmpeq)
c:/freescale/kds_1.1.1/toolchain/bin/../lib/gcc/arm-none-eabi/4.8.0\libgcc.a(_arm_cmpsf2.o)
                              ./Sources/sensors/BMP180.o (__aeabi_fcmpeq)
c:/freescale/kds_1.1.1/toolchain/bin/../lib/gcc/arm-none-eabi/4.8.0\libgcc.a(divsf3.o)
                              ./Sources/sensors/BMP180.o (__aeabi_fdiv)
c:/freescale/kds_1.1.1/toolchain/bin/../lib/gcc/arm-none-eabi/4.8.0\libgcc.a(eqsf2.o)
                              c:/freescale/kds_1.1.1/toolchain/bin/../lib/gcc/arm-none-eabi/4.8.0\libgcc.a(_arm_cmpsf2.o) (__eqsf2)
c:/freescale/kds_1.1.1/toolchain/bin/../lib/gcc/arm-none-eabi/4.8.0\libgcc.a(gesf2.o)
[...]
Memory Configuration

Name             Origin             Length             Attributes
m_interrupts     0x00000000         0x000000c0         xr
m_text           0x00000410         0x0003fbf0         xr
m_data           0x1fffe000         0x00008000         rw
m_cfmprotrom     0x00000400         0x00000010         xr
*default*        0x00000000         0xffffffff

Linker script and memory map

LOAD c:/freescale/kds_1.1.1/toolchain/bin/../lib/gcc/arm-none-eabi/4.8.0/crti.o
LOAD c:/freescale/kds_1.1.1/toolchain/bin/../lib/gcc/arm-none-eabi/4.8.0/crtbegin.o
LOAD c:/freescale/kds_1.1.1/toolchain/bin/../lib/gcc/arm-none-eabi/4.8.0/../../../../arm-none-eabi/lib/crt0.o
LOAD ./Sources/sensors/BMP180.o
LOAD ./Sources/sensors/adt7410.o
LOAD ./Sources/lcd/LCD.o
LOAD ./Sources/lcd/s401.o
LOAD ./Sources/i2c/i2c.o
LOAD ./Sources/Events.o
LOAD ./Sources/main.o
LOAD ./Sources/mqx_tasks.o
LOAD ./Project_Settings/Startup_Code/startup.o
LOAD ./MQXLITE/psp/cortex_m/core/M0/boot.o
LOAD ./MQXLITE/psp/cortex_m/core/M0/dispatch.o
LOAD ./MQXLITE/psp/cortex_m/cortex.o
LOAD ./MQXLITE/psp/cortex_m/int_gkis.o
LOAD ./MQXLITE/psp/cortex_m/int_inst.o
LOAD ./MQXLITE/psp/cortex_m/int_kisr.o
LOAD ./MQXLITE/psp/cortex_m/int_pvta.o
LOAD ./MQXLITE/psp/cortex_m/int_unx.o
LOAD ./MQXLITE/psp/cortex_m/int_vtab.o
LOAD ./MQXLITE/psp/cortex_m/int_xcpt.o
LOAD ./MQXLITE/psp/cortex_m/mem_zero.o
LOAD ./MQXLITE/psp/cortex_m/psp_iinit.o
LOAD ./MQXLITE/psp/cortex_m/psp_supp.o
LOAD ./MQXLITE/psp/cortex_m/psp_tiad.o
LOAD ./MQXLITE/psp/cortex_m/psp_tinm.o
LOAD ./MQXLITE/psp/cortex_m/psp_tipr.o
LOAD ./MQXLITE/psp/cortex_m/psp_tisu.o
LOAD ./MQXLITE/psp/cortex_m/sc_irdyq.o
LOAD ./MQXLITE/psp/cortex_m/stack_bu.o
LOAD ./MQXLITE/psp/cortex_m/stack_de.o
LOAD ./MQXLITE/psp/cortex_m/stack_st.o
LOAD ./MQXLITE/kernel/idletask.o
LOAD ./MQXLITE/kernel/int.o
LOAD ./MQXLITE/kernel/klog.o
LOAD ./MQXLITE/kernel/lwevent.o
LOAD ./MQXLITE/kernel/lwlog.o
LOAD ./MQXLITE/kernel/lwmem.o
LOAD ./MQXLITE/kernel/lwmsgq.o
LOAD ./MQXLITE/kernel/lwsem.o
LOAD ./MQXLITE/kernel/lwtimer.o
LOAD ./MQXLITE/kernel/mqx_utils.o
LOAD ./MQXLITE/kernel/mqxlite.o
LOAD ./MQXLITE/kernel/mutex.o
LOAD ./MQXLITE/kernel/qu_test.o
LOAD ./MQXLITE/kernel/sched.o
LOAD ./MQXLITE/kernel/task.o
LOAD ./MQXLITE/kernel/time_ticks.o
LOAD ./MQXLITE/config/task_template_list.o
LOAD ./Generated_Code/Cpu.o
LOAD ./Generated_Code/I2C1.o
LOAD ./Generated_Code/MQX1.o
LOAD ./Generated_Code/PE_LDD.o
LOAD ./Generated_Code/SegLCD1.o
LOAD ./Generated_Code/SystemTimer1.o
LOAD ./Generated_Code/TU1.o
LOAD ./Generated_Code/USART0_DEBUG.o
LOAD ./Generated_Code/Vectors.o
LOAD ./Generated_Code/WDog1.o
LOAD c:/freescale/kds_1.1.1/toolchain/bin/../lib/gcc/arm-none-eabi/4.8.0/../../../../arm-none-eabi/lib\libstdc++.a
LOAD c:/freescale/kds_1.1.1/toolchain/bin/../lib/gcc/arm-none-eabi/4.8.0/../../../../arm-none-eabi/lib\libm.a
START GROUP
LOAD c:/freescale/kds_1.1.1/toolchain/bin/../lib/gcc/arm-none-eabi/4.8.0\libgcc.a
LOAD c:/freescale/kds_1.1.1/toolchain/bin/../lib/gcc/arm-none-eabi/4.8.0/../../../../arm-none-eabi/lib\libg_s.a
LOAD c:/freescale/kds_1.1.1/toolchain/bin/../lib/gcc/arm-none-eabi/4.8.0/../../../../arm-none-eabi/lib\libc_s.a
END GROUP
LOAD c:/freescale/kds_1.1.1/toolchain/bin/../lib/gcc/arm-none-eabi/4.8.0/crtend.o
LOAD c:/freescale/kds_1.1.1/toolchain/bin/../lib/gcc/arm-none-eabi/4.8.0/crtn.o
                0x20006000                _estack = 0x20006000
                0x20006000                __SP_INIT = _estack
                0x00000000                __heap_size = 0x0
                0x00000400                __stack_size = 0x400

.interrupts     0x00000000       0xc0
                0x00000000                __vector_table = .
                0x00000000                . = ALIGN (0x4)
 *(.vectortable)
 .vectortable   0x00000000       0xc0 ./Generated_Code/Vectors.o
                0x00000000                __vect_table
                0x000000c0                . = ALIGN (0x4)

.cfmprotect     0x00000400       0x10
                0x00000400                . = ALIGN (0x4)
 *(.cfmconfig)
 .cfmconfig     0x00000400       0x10 ./Generated_Code/Cpu.o
                0x00000400                _cfm
                0x00000410                . = ALIGN (0x4)

.text           0x00000410     0x39e0
                0x00000410                . = ALIGN (0x4)
 *(.text)
 .text          0x00000410       0x34 ./MQXLITE/psp/cortex_m/core/M0/boot.o
                0x00000410                __boot
 .text          0x00000444       0x14 c:/freescale/kds_1.1.1/toolchain/bin/../lib/gcc/arm-none-eabi/4.8.0\libgcc.a(_thumb1_case_uqi.o)
                0x00000444                __gnu_thumb1_case_uqi
 .text          0x00000458       0x9c c:/freescale/kds_1.1.1/toolchain/bin/../lib/gcc/arm-none-eabi/4.8.0\libgcc.a(_udivsi3.o)
                0x00000458                __aeabi_uidiv
                0x00000458                __udivsi3
                0x000004e0                __aeabi_uidivmod
 .text          0x000004f4        0x4 c:/freescale/kds_1.1.1/toolchain/bin/../lib/gcc/arm-none-eabi/4.8.0\libgcc.a(_dvmd_tls.o)
                0x000004f4                __aeabi_idiv0
                0x000004f4                __aeabi_ldiv0
 .text          0x000004f8       0x14 c:/freescale/kds_1.1.1/toolchain/bin/../lib/gcc/arm-none-eabi/4.8.0\libgcc.a(_thumb1_case_uhi.o)
                0x000004f8                __gnu_thumb1_case_uhi
 .text          0x0000050c       0x3c c:/freescale/kds_1.1.1/toolchain/bin/../lib/gcc/arm-none-eabi/4.8.0\libgcc.a(_clzsi2.o)
                0x0000050c                __clzsi2
 *(.text*)
 .text.deregister_tm_clones
                0x00000548       0x24 c:/freescale/kds_1.1.1/toolchain/bin/../lib/gcc/arm-none-eabi/4.8.0/crtbegin.o
 .text.register_tm_clones
                0x0000056c       0x28 c:/freescale/kds_1.1.1/toolchain/bin/../lib/gcc/arm-none-eabi/4.8.0/crtbegin.o
 .text.__do_global_dtors_aux
                0x00000594       0x30 c:/freescale/kds_1.1.1/toolchain/bin/../lib/gcc/arm-none-eabi/4.8.0/crtbegin.o
 .text.frame_dummy
                0x000005c4       0x3c c:/freescale/kds_1.1.1/toolchain/bin/../lib/gcc/arm-none-eabi/4.8.0/crtbegin.o
 .text.adt7410ReadTemp
                0x00000600       0x78 ./Sources/sensors/adt7410.o
                0x00000600                adt7410ReadTemp
 .text.adt7410SetResolution
                0x00000678       0x50 ./Sources/sensors/adt7410.o
                0x00000678                adt7410SetResolution
 .text.adt7410Init
                0x000006c8       0x12 ./Sources/sensors/adt7410.o
                0x000006c8                adt7410Init
 .text.adt7410GetIdNumber
                0x000006da       0x28 ./Sources/sensors/adt7410.o
                0x000006da                adt7410GetIdNumber
 *fill*         0x00000702        0x2 
 .text.adt7410GetTemperature
                0x00000704        0xc ./Sources/sensors/adt7410.o
                0x00000704                adt7410GetTemperature
 .text.vfnLCD_Home
                0x00000710        0xc ./Sources/lcd/LCD.o
                0x00000710                vfnLCD_Home
 .text.vfnLCD_Write_Char
                0x0000071c       0x68 ./Sources/lcd/LCD.o
                0x0000071c                vfnLCD_Write_Char
 .text.vfnLCD_Write_Msg
                0x00000784       0x34 ./Sources/lcd/LCD.o
                0x00000784                vfnLCD_Write_Msg
 .text.i2cInit  0x000007b8       0x28 ./Sources/i2c/i2c.o
                0x000007b8                i2cInit
 .text.i2cRead  0x000007e0       0x68 ./Sources/i2c/i2c.o
                0x000007e0                i2cRead
 .text.i2cWrite
                0x00000848       0x68 ./Sources/i2c/i2c.o
                0x00000848                i2cWrite
 .text.Cpu_OnNMIINT
                0x000008b0        0x2 ./Sources/Events.o
                0x000008b0                Cpu_OnNMIINT
 .text.I2C1_OnMasterBlockSent
                0x000008b2        0x6 ./Sources/Events.o
                0x000008b2                I2C1_OnMasterBlockSent
 .text.I2C1_OnMasterBlockReceived
                0x000008b8        0x6 ./Sources/Events.o
                0x000008b8                I2C1_OnMasterBlockReceived
 .text.I2C1_OnMasterByteReceived
                0x000008be        0x2 ./Sources/Events.o
                0x000008be                I2C1_OnMasterByteReceived
 .text.USART0_DEBUG_OnBlockReceived
                0x000008c0        0x2 ./Sources/Events.o
                0x000008c0                USART0_DEBUG_OnBlockReceived
 .text.USART0_DEBUG_OnBlockSent
                0x000008c2        0x2 ./Sources/Events.o
                0x000008c2                USART0_DEBUG_OnBlockSent
 .text.startup.main
                0x000008c4        0xc ./Sources/main.o
                0x000008c4                main
 .text.UsartDebug_task
                0x000008d0       0x1c ./Sources/mqx_tasks.o
                0x000008d0                UsartDebug_task
 .text.Lcd_task
                0x000008ec       0x40 ./Sources/mqx_tasks.o
                0x000008ec                Lcd_task
 *fill*         0x0000092c        0x4 
 .text.Task3_task
                0x00000930       0xb0 ./Sources/mqx_tasks.o
                0x00000930                Task3_task
 .text.__copy_rom_section
                0x000009e0       0x46 ./Project_Settings/Startup_Code/startup.o
                0x000009e0                __copy_rom_section
 *fill*         0x00000a26        0x2 
 .text.__copy_rom_sections_to_ram
                0x00000a28       0x34 ./Project_Settings/Startup_Code/startup.o
                0x00000a28                __copy_rom_sections_to_ram
 .text.__init_registers
                0x00000a5c        0x2 ./Project_Settings/Startup_Code/startup.o
                0x00000a5c                __init_registers
 .text.__init_user
                0x00000a5e        0x2 ./Project_Settings/Startup_Code/startup.o
                0x00000a5e                __init_user
 .text.__thumb_startup
                0x00000a60       0x80 ./Project_Settings/Startup_Code/startup.o
                0x00000a60                __thumb_startup
 .text._psp_int_install
                0x00000ae0       0x14 ./MQXLITE/psp/cortex_m/int_inst.o
                0x00000ae0                _psp_int_install
 .text._int_set_vector_table
                0x00000af4       0x14 ./MQXLITE/psp/cortex_m/int_vtab.o
                0x00000af4                _int_set_vector_table
 .text._mem_zero
                0x00000b08       0xe2 ./MQXLITE/psp/cortex_m/mem_zero.o
                0x00000b08                _mem_zero
 .text._psp_int_init
                0x00000bea       0x12 ./MQXLITE/psp/cortex_m/psp_iinit.o
                0x00000bea                _psp_int_init
 .text._psp_normalize_ticks
                0x00000bfc       0x38 ./MQXLITE/psp/cortex_m/psp_tinm.o
                0x00000bfc                _psp_normalize_ticks
 .text._psp_set_kernel_disable_level
                0x00000c34       0x50 ./MQXLITE/psp/cortex_m/sc_irdyq.o
                0x00000c34                _psp_set_kernel_disable_level
 .text._psp_init_readyqs
                0x00000c84       0x60 ./MQXLITE/psp/cortex_m/sc_irdyq.o
                0x00000c84                _psp_init_readyqs
 .text._psp_build_stack_frame
                0x00000ce4       0x40 ./MQXLITE/psp/cortex_m/stack_bu.o
                0x00000ce4                _psp_build_stack_frame
 .text._psp_destroy_stack_frame
                0x00000d24        0x2 ./MQXLITE/psp/cortex_m/stack_de.o
                0x00000d24                _psp_destroy_stack_frame
 *fill*         0x00000d26        0x2 
 .text._mqx_idle_task
                0x00000d28       0x50 ./MQXLITE/kernel/idletask.o
                0x00000d28                _mqx_idle_task
 .text._int_disable
                0x00000d78       0x1c ./MQXLITE/kernel/int.o
                0x00000d78                _int_disable
 .text._int_enable
                0x00000d94       0x20 ./MQXLITE/kernel/int.o
                0x00000d94                _int_enable
 .text._int_default_isr
                0x00000db4       0x34 ./MQXLITE/kernel/int.o
                0x00000db4                _int_default_isr
 .text._int_get_isr_data
                0x00000de8       0x38 ./MQXLITE/kernel/int.o
                0x00000de8                _int_get_isr_data
 .text._int_install_isr
                0x00000e20       0x4c ./MQXLITE/kernel/int.o
                0x00000e20                _int_install_isr
 .text._int_init
                0x00000e6c       0x50 ./MQXLITE/kernel/int.o
                0x00000e6c                _int_init
 .text._lwmem_create_pool
                0x00000ebc       0x6c ./MQXLITE/kernel/lwmem.o
                0x00000ebc                _lwmem_create_pool
 .text._lwmem_set_default_pool
                0x00000f28       0x14 ./MQXLITE/kernel/lwmem.o
                0x00000f28                _lwmem_set_default_pool
 .text._lwsem_create_internal
                0x00000f3c       0x64 ./MQXLITE/kernel/lwsem.o
                0x00000f3c                _lwsem_create_internal
 .text._lwsem_create
                0x00000fa0        0xc ./MQXLITE/kernel/lwsem.o
                0x00000fa0                _lwsem_create
 .text._lwsem_post
                0x00000fac       0xac ./MQXLITE/kernel/lwsem.o
                0x00000fac                _lwsem_post
 .text._lwsem_wait
                0x00001058       0x90 ./MQXLITE/kernel/lwsem.o
                0x00001058                _lwsem_wait
 .text._mqx_set_cpu_type
                0x000010e8        0xc ./MQXLITE/kernel/mqx_utils.o
                0x000010e8                _mqx_set_cpu_type
 .text._mqx_init_kernel_data_internal
                0x000010f4       0xdc ./MQXLITE/kernel/mqx_utils.o
                0x000010f4                _mqx_init_kernel_data_internal
 .text._mqxlite_init
                0x000011d0       0xb8 ./MQXLITE/kernel/mqxlite.o
                0x000011d0                _mqxlite_init
 .text._mqxlite
                0x00001288       0x84 ./MQXLITE/kernel/mqxlite.o
                0x00001288                _mqxlite
 .text._mqx_exit
                0x0000130c        0x8 ./MQXLITE/kernel/mqxlite.o
                0x0000130c                _mqx_exit
 .text._task_get_td
                0x00001314       0x64 ./MQXLITE/kernel/task.o
                0x00001314                _task_get_td
 .text._task_destroy_internal
                0x00001378      0x144 ./MQXLITE/kernel/task.o
                0x00001378                _task_destroy_internal
 .text._task_destroy
                0x000014bc        0xa ./MQXLITE/kernel/task.o
                0x000014bc                _task_destroy
 .text._task_exit_function_internal
                0x000014c6        0xa ./MQXLITE/kernel/task.o
                0x000014c6                _task_exit_function_internal
 .text._task_set_error
                0x000014d0       0x34 ./MQXLITE/kernel/task.o
                0x000014d0                _task_set_error
 .text._task_fill_stack_internal
                0x00001504       0x18 ./MQXLITE/kernel/task.o
                0x00001504                _task_fill_stack_internal
 .text._task_ready_internal
                0x0000151c       0x28 ./MQXLITE/kernel/task.o
                0x0000151c                _task_ready_internal
 .text._task_alloc_td_internal
                0x00001544       0x90 ./MQXLITE/kernel/task.o
                0x00001544                _task_alloc_td_internal
 .text._task_init_internal
                0x000015d4      0x10c ./MQXLITE/kernel/task.o
                0x000015d4                _task_init_internal
 .text._task_set_error_td_internal
                0x000016e0       0x12 ./MQXLITE/kernel/task.o
                0x000016e0                _task_set_error_td_internal
 *fill*         0x000016f2        0x2 
 .text._time_delay_internal
                0x000016f4       0x64 ./MQXLITE/kernel/time_ticks.o
                0x000016f4                _time_delay_internal
 .text._time_delay_ticks
                0x00001758       0x4c ./MQXLITE/kernel/time_ticks.o
                0x00001758                _time_delay_ticks
 .text._time_notify_kernel
                0x000017a4       0xfc ./MQXLITE/kernel/time_ticks.o
                0x000017a4                _time_notify_kernel
 .text._time_set_hwtick_function
                0x000018a0       0x10 ./MQXLITE/kernel/time_ticks.o
                0x000018a0                _time_set_hwtick_function
 .text._time_set_hwticks_per_tick
                0x000018b0       0x10 ./MQXLITE/kernel/time_ticks.o
                0x000018b0                _time_set_hwticks_per_tick
 .text.Cpu_INT_NMIInterrupt
                0x000018c0        0x8 ./Generated_Code/Cpu.o
                0x000018c0                Cpu_INT_NMIInterrupt
 .text.Cpu_Interrupt
                0x000018c8        0x4 ./Generated_Code/Cpu.o
                0x000018c8                Cpu_Interrupt
 .text.__init_hardware
                0x000018cc       0xc0 ./Generated_Code/Cpu.o
                0x000018cc                __init_hardware
 .text.PE_low_level_init
                0x0000198c       0x94 ./Generated_Code/Cpu.o
                0x0000198c                PE_low_level_init
 .text.I2C1_Interrupt
                0x00001a20      0x140 ./Generated_Code/I2C1.o
                0x00001a20                I2C1_Interrupt
 .text.HWEnDi   0x00001b60       0x38 ./Generated_Code/I2C1.o
 .text.I2C1_Init
                0x00001b98       0xc0 ./Generated_Code/I2C1.o
                0x00001b98                I2C1_Init
 .text.I2C1_MasterSendBlock
                0x00001c58       0xac ./Generated_Code/I2C1.o
                0x00001c58                I2C1_MasterSendBlock
 .text.I2C1_MasterReceiveBlock
                0x00001d04       0xb0 ./Generated_Code/I2C1.o
                0x00001d04                I2C1_MasterReceiveBlock
 .text.I2C1_SelectSlaveDevice
                0x00001db4       0x74 ./Generated_Code/I2C1.o
                0x00001db4                I2C1_SelectSlaveDevice
 .text.SystemTimer1_OnCounterRestart
                0x00001e28        0x8 ./Generated_Code/MQX1.o
                0x00001e28                SystemTimer1_OnCounterRestart
 .text.SystemTimer1_GetTicsPerSecond
                0x00001e30       0x18 ./Generated_Code/MQX1.o
                0x00001e30                SystemTimer1_GetTicsPerSecond
 .text.system_timer_init
                0x00001e48       0x40 ./Generated_Code/MQX1.o
                0x00001e48                system_timer_init
 .text.system_timer_start
                0x00001e88       0x14 ./Generated_Code/MQX1.o
                0x00001e88                system_timer_start
 .text.mqx_initialize_heap
                0x00001e9c       0x20 ./Generated_Code/MQX1.o
                0x00001e9c                mqx_initialize_heap
 .text.SegLCD1_Init
                0x00001ebc      0x104 ./Generated_Code/SegLCD1.o
                0x00001ebc                SegLCD1_Init
 .text.SystemTimer1_Interrupt
                0x00001fc0       0x1c ./Generated_Code/SystemTimer1.o
                0x00001fc0                SystemTimer1_Interrupt
 .text.SystemTimer1_Init
                0x00001fdc       0x60 ./Generated_Code/SystemTimer1.o
                0x00001fdc                SystemTimer1_Init
 .text.SystemTimer1_Enable
                0x0000203c       0x14 ./Generated_Code/SystemTimer1.o
                0x0000203c                SystemTimer1_Enable
 .text.SystemTimer1_GetInputFrequency
                0x00002050        0x6 ./Generated_Code/SystemTimer1.o
                0x00002050                SystemTimer1_GetInputFrequency
 *fill*         0x00002056        0x2 
 .text.SystemTimer1_GetPeriodTicks
                0x00002058       0x14 ./Generated_Code/SystemTimer1.o
                0x00002058                SystemTimer1_GetPeriodTicks
 .text.SystemTimer1_GetCounterValue
                0x0000206c        0xc ./Generated_Code/SystemTimer1.o
                0x0000206c                SystemTimer1_GetCounterValue
 .text.USART0_DEBUG_Interrupt
                0x00002078       0x9c ./Generated_Code/USART0_DEBUG.o
                0x00002078                USART0_DEBUG_Interrupt
 .text.USART0_DEBUG_Init
                0x00002114      0x104 ./Generated_Code/USART0_DEBUG.o
                0x00002114                USART0_DEBUG_Init
 .text.USART0_DEBUG_SendBlock
                0x00002218       0x44 ./Generated_Code/USART0_DEBUG.o
                0x00002218                USART0_DEBUG_SendBlock
 .text.__aeabi_fmul
                0x0000225c      0x1dc c:/freescale/kds_1.1.1/toolchain/bin/../lib/gcc/arm-none-eabi/4.8.0\libgcc.a(mulsf3.o)
                0x0000225c                __aeabi_fmul
 .text.__aeabi_f2iz
                0x00002438       0x40 c:/freescale/kds_1.1.1/toolchain/bin/../lib/gcc/arm-none-eabi/4.8.0\libgcc.a(fixsfsi.o)
                0x00002438                __aeabi_f2iz
 .text.__aeabi_i2f
                0x00002478       0x94 c:/freescale/kds_1.1.1/toolchain/bin/../lib/gcc/arm-none-eabi/4.8.0\libgcc.a(floatsisf.o)
                0x00002478                __aeabi_i2f
 .text.__aeabi_dmul
                0x0000250c      0x440 c:/freescale/kds_1.1.1/toolchain/bin/../lib/gcc/arm-none-eabi/4.8.0\libgcc.a(muldf3.o)
                0x0000250c                __aeabi_dmul
 .text.__aeabi_dsub
                0x0000294c      0x5f0 c:/freescale/kds_1.1.1/toolchain/bin/../lib/gcc/arm-none-eabi/4.8.0\libgcc.a(subdf3.o)
                0x0000294c                __aeabi_dsub
 .text.__aeabi_d2iz
                0x00002f3c       0x6c c:/freescale/kds_1.1.1/toolchain/bin/../lib/gcc/arm-none-eabi/4.8.0\libgcc.a(fixdfsi.o)
                0x00002f3c                __aeabi_d2iz
 .text.__aeabi_i2d
                0x00002fa8       0x6c c:/freescale/kds_1.1.1/toolchain/bin/../lib/gcc/arm-none-eabi/4.8.0\libgcc.a(floatsidf.o)
                0x00002fa8                __aeabi_i2d
 .text.__aeabi_f2d
                0x00003014       0xa0 c:/freescale/kds_1.1.1/toolchain/bin/../lib/gcc/arm-none-eabi/4.8.0\libgcc.a(extendsfdf2.o)
                0x00003014                __aeabi_f2d
 .text.__errno  0x000030b4        0xc c:/freescale/kds_1.1.1/toolchain/bin/../lib/gcc/arm-none-eabi/4.8.0/../../../../arm-none-eabi/lib\libg_s.a(lib_a-errno.o)
                0x000030b4                __errno
 .text.memcpy   0x000030c0       0x12 c:/freescale/kds_1.1.1/toolchain/bin/../lib/gcc/arm-none-eabi/4.8.0/../../../../arm-none-eabi/lib\libg_s.a(lib_a-memcpy.o)
                0x000030c0                memcpy
 *fill*         0x000030d2        0x2 
 .text.snprintf
                0x000030d4       0x64 c:/freescale/kds_1.1.1/toolchain/bin/../lib/gcc/arm-none-eabi/4.8.0/../../../../arm-none-eabi/lib\libg_s.a(lib_a-snprintf.o)
                0x000030d4                sniprintf
                0x000030d4                snprintf
 .text.__ssputc_r
                0x00003138       0xb0 c:/freescale/kds_1.1.1/toolchain/bin/../lib/gcc/arm-none-eabi/4.8.0/../../../../arm-none-eabi/lib\libg_s.a(lib_a-svfprintf.o)
                0x00003138                __ssputc_r
 .text._svfprintf_r
                0x000031e8      0x1f8 c:/freescale/kds_1.1.1/toolchain/bin/../lib/gcc/arm-none-eabi/4.8.0/../../../../arm-none-eabi/lib\libg_s.a(lib_a-svfprintf.o)
                0x000031e8                _svfiprintf_r
                0x000031e8                _svfprintf_r
 .text._sbrk    0x000033e0       0x38 c:/freescale/kds_1.1.1/toolchain/bin/../lib/gcc/arm-none-eabi/4.8.0/../../../../arm-none-eabi/lib\libg_s.a(lib_a-syscalls.o)
                0x000033e0                _sbrk
 .text._printf_common
                0x00003418       0xe0 c:/freescale/kds_1.1.1/toolchain/bin/../lib/gcc/arm-none-eabi/4.8.0/../../../../arm-none-eabi/lib\libg_s.a(lib_a-vfprintf_i.o)
                0x00003418                _printf_common
 .text._printf_i
                0x000034f8      0x230 c:/freescale/kds_1.1.1/toolchain/bin/../lib/gcc/arm-none-eabi/4.8.0/../../../../arm-none-eabi/lib\libg_s.a(lib_a-vfprintf_i.o)
                0x000034f8                _printf_i
 .text._free_r  0x00003728       0x90 c:/freescale/kds_1.1.1/toolchain/bin/../lib/gcc/arm-none-eabi/4.8.0/../../../../arm-none-eabi/lib\libg_s.a(lib_a-freer.o)
                0x00003728                _free_r
 .text._malloc_r
                0x000037b8       0x98 c:/freescale/kds_1.1.1/toolchain/bin/../lib/gcc/arm-none-eabi/4.8.0/../../../../arm-none-eabi/lib\libg_s.a(lib_a-mallocr.o)
                0x000037b8                _malloc_r
 .text.memchr   0x00003850       0x18 c:/freescale/kds_1.1.1/toolchain/bin/../lib/gcc/arm-none-eabi/4.8.0/../../../../arm-none-eabi/lib\libg_s.a(lib_a-memchr.o)
                0x00003850                memchr
 .text._realloc_r
                0x00003868       0x4c c:/freescale/kds_1.1.1/toolchain/bin/../lib/gcc/arm-none-eabi/4.8.0/../../../../arm-none-eabi/lib\libg_s.a(lib_a-reallocr.o)
                0x00003868                _realloc_r
 .text._sbrk_r  0x000038b4       0x24 c:/freescale/kds_1.1.1/toolchain/bin/../lib/gcc/arm-none-eabi/4.8.0/../../../../arm-none-eabi/lib\libg_s.a(lib_a-sbrkr.o)
                0x000038b4                _sbrk_r
 .text.strlen   0x000038d8        0xe c:/freescale/kds_1.1.1/toolchain/bin/../lib/gcc/arm-none-eabi/4.8.0/../../../../arm-none-eabi/lib\libg_s.a(lib_a-strlen.o)
                0x000038d8                strlen
 .text._malloc_usable_size_r
                0x000038e6       0x14 c:/freescale/kds_1.1.1/toolchain/bin/../lib/gcc/arm-none-eabi/4.8.0/../../../../arm-none-eabi/lib\libg_s.a(lib_a-msizer.o)
                0x000038e6                _malloc_usable_size_r
 *(.rodata)
 *(.rodata*)
 .rodata.WF_ORDERING_TABLE
                0x000038fa        0xc ./Sources/lcd/s401.o
                0x000038fa                WF_ORDERING_TABLE
 .rodata.ASCII_TO_WF_CODIFICATION_TABLE
                0x00003906       0x62 ./Sources/lcd/s401.o
                0x00003906                ASCII_TO_WF_CODIFICATION_TABLE
 .rodata.str1.1
                0x00003968       0x19 ./Sources/mqx_tasks.o
 .rodata.str1.1
                0x00003981        0xf ./MQXLITE/kernel/mqx_utils.o
 .rodata.str1.1
                0x00003990       0xd1 ./MQXLITE/kernel/mqxlite.o
 *fill*         0x00003a61        0x3 
 .rodata._mqx_path
                0x00003a64        0x4 ./MQXLITE/kernel/mqxlite.o
                0x00003a64                _mqx_path
 .rodata._mqx_vendor
                0x00003a68        0x4 ./MQXLITE/kernel/mqxlite.o
                0x00003a68                _mqx_vendor
 .rodata._mqxlite_version_number
                0x00003a6c        0x4 ./MQXLITE/kernel/mqxlite.o
                0x00003a6c                _mqxlite_version_number
 .rodata._mqx_version_number
                0x00003a70        0x4 ./MQXLITE/kernel/mqxlite.o
                0x00003a70                _mqx_version_number
 .rodata.str1.1
                0x00003a74       0x1d ./MQXLITE/config/task_template_list.o
 *fill*         0x00003a91        0x3 
 .rodata.MQX_template_list
                0x00003a94       0x70 ./MQXLITE/config/task_template_list.o
                0x00003a94                MQX_template_list
 .rodata.MQX_init_struct
                0x00003b04       0x24 ./Generated_Code/MQX1.o
                0x00003b04                MQX_init_struct
 .rodata.str1.1
                0x00003b28        0x2 c:/freescale/kds_1.1.1/toolchain/bin/../lib/gcc/arm-none-eabi/4.8.0/../../../../arm-none-eabi/lib\libg_s.a(lib_a-impure.o)
 .rodata.str1.1
                0x00003b2a       0x11 c:/freescale/kds_1.1.1/toolchain/bin/../lib/gcc/arm-none-eabi/4.8.0/../../../../arm-none-eabi/lib\libg_s.a(lib_a-svfprintf.o)
 .rodata.str1.1
                0x00003b3b       0x22 c:/freescale/kds_1.1.1/toolchain/bin/../lib/gcc/arm-none-eabi/4.8.0/../../../../arm-none-eabi/lib\libg_s.a(lib_a-vfprintf_i.o)
 *(.glue_7)
 .glue_7        0x00000000        0x0 linker stubs
 *(.glue_7t)
 .glue_7t       0x00000000        0x0 linker stubs
 *(.eh_frame)
 *fill*         0x00003b5d        0x3 
 .eh_frame      0x00003b60        0x0 c:/freescale/kds_1.1.1/toolchain/bin/../lib/gcc/arm-none-eabi/4.8.0/crtbegin.o
 *(.init)
 .init          0x00003b60        0x4 c:/freescale/kds_1.1.1/toolchain/bin/../lib/gcc/arm-none-eabi/4.8.0/crti.o
                0x00003b60                _init
 .init          0x00003b64        0x8 c:/freescale/kds_1.1.1/toolchain/bin/../lib/gcc/arm-none-eabi/4.8.0/crtn.o
 *(.fini)
 .fini          0x00003b6c        0x4 c:/freescale/kds_1.1.1/toolchain/bin/../lib/gcc/arm-none-eabi/4.8.0/crti.o
                0x00003b6c                _fini
 .fini          0x00003b70        0x8 c:/freescale/kds_1.1.1/toolchain/bin/../lib/gcc/arm-none-eabi/4.8.0/crtn.o
                0x00003b78                . = ALIGN (0x4)
 *(KERNEL)
 KERNEL         0x00003b78      0x278 ./MQXLITE/psp/cortex_m/core/M0/dispatch.o
                0x00003b78                _sched_start_internal
                0x00003b7e                _sched_run_internal
                0x00003b84                _sched_check_scheduler_internal
                0x00003b9c                _sched_execute_scheduler_internal
                0x00003c64                _mqx_api_call
                0x00003c66                _task_block
                0x00003cae                _int_kernel_isr
                0x00003d58                _psp_exception_return
                0x00003d90                _mem_test_and_set
                0x00003da6                __get_PSP
                0x00003dac                __get_MSP
                0x00003db2                __set_MSP
                0x00003db8                __get_PSR
                0x00003dbe                __enable_interrupt
                0x00003dc2                __disable_interrupt
                0x00003dc6                __get_LR
                0x00003dca                __get_PC
                0x00003dce                __get_CONTROL
                0x00000000                __VECTOR_TABLE_START = __vector_table
                0x00003df0                . = ALIGN (0x4)
 *(.rdata)
                0x00003df0                . = ALIGN (0x4)
 *(.exception)
                0x00003df0                . = ALIGN (0x4)
                0x00003df0                __exception_table_start__ = .
                0x00003df0                __exception_table_end__ = .
                0x00003df0                __sinit__ = .
                0x00003df0                _etext = .

.vfp11_veneer   0x00003df0        0x0
 .vfp11_veneer  0x00000000        0x0 linker stubs

.v4_bx          0x00003df0        0x0
 .v4_bx         0x00000000        0x0 linker stubs

.iplt           0x00003df0        0x0
 .iplt          0x00000000        0x0 c:/freescale/kds_1.1.1/toolchain/bin/../lib/gcc/arm-none-eabi/4.8.0/crtbegin.o

.rel.dyn        0x00003df0        0x0
 .rel.iplt      0x00000000        0x0 c:/freescale/kds_1.1.1/toolchain/bin/../lib/gcc/arm-none-eabi/4.8.0/crtbegin.o

.ARM.extab
 *(.ARM.extab* .gnu.linkonce.armextab.*)

.ARM            0x00003df0        0x0
                0x00003df0                __exidx_start = .
 *(.ARM.exidx*)
                0x00003df0                __exidx_end = .

.ctors          0x00003df0        0x0
                0x00003df0                __CTOR_LIST__ = .
 *crtbegin.o(.ctors)
 *(EXCLUDE_FILE(*crtend.o) .ctors)
 *(SORT(.ctors.*))
 *(.ctors)
                0x00003df0                __CTOR_END__ = .

.dtors          0x00003df0        0x0
                0x00003df0                __DTOR_LIST__ = .
 *crtbegin.o(.dtors)
 *(EXCLUDE_FILE(*crtend.o) .dtors)
 *(SORT(.dtors.*))
 *(.dtors)
                0x00003df0                __DTOR_END__ = .

.preinit_array  0x00003df0        0x0
                0x00003df0                PROVIDE (__preinit_array_start, .)
 *(.preinit_array*)
                0x00003df0                PROVIDE (__preinit_array_end, .)

.init_array     0x00003df0        0x4
                0x00003df0                PROVIDE (__init_array_start, .)
 *(SORT(.init_array.*))
 *(.init_array*)
 .init_array    0x00003df0        0x4 c:/freescale/kds_1.1.1/toolchain/bin/../lib/gcc/arm-none-eabi/4.8.0/crtbegin.o
                0x00003df4                PROVIDE (__init_array_end, .)

.fini_array     0x00003df4        0x4
                0x00003df4                PROVIDE (__fini_array_start, .)
 *(SORT(.fini_array.*))
 *(.fini_array*)
 .fini_array    0x00003df4        0x4 c:/freescale/kds_1.1.1/toolchain/bin/../lib/gcc/arm-none-eabi/4.8.0/crtbegin.o
                0x00003df8                PROVIDE (__fini_array_end, .)
                0x00003df8                ___ROM_AT = .

.mtb            0x1fffe000        0x0
                0x1fffe000                . = ALIGN (0x8)
                0x1fffe000                _mtb_start = .
 *(.mtb_buf)
                0x1fffe000                . = ALIGN (0x8)
                0x1fffe000                _mtb_end = .

.data           0x1fffe000      0x2b4 load address 0x00003df8
                0x1fffe000                . = ALIGN (0x4)
                0x1fffe000                _sdata = .
 *(.data)
 *(.data*)
 .data._mqx_kernel_data
                0x1fffe000        0x4 ./MQXLITE/kernel/mqxlite.o
                0x1fffe000                _mqx_kernel_data
 .data.mqx_task_stack_pointers
                0x1fffe004       0x10 ./Generated_Code/MQX1.o
                0x1fffe004                mqx_task_stack_pointers
 *fill*         0x1fffe014        0x4 
 .data.impure_data
                0x1fffe018      0x298 c:/freescale/kds_1.1.1/toolchain/bin/../lib/gcc/arm-none-eabi/4.8.0/../../../../arm-none-eabi/lib\libg_s.a(lib_a-impure.o)
 .data._impure_ptr
                0x1fffe2b0        0x4 c:/freescale/kds_1.1.1/toolchain/bin/../lib/gcc/arm-none-eabi/4.8.0/../../../../arm-none-eabi/lib\libg_s.a(lib_a-impure.o)
                0x1fffe2b0                _impure_ptr
                0x1fffe2b4                . = ALIGN (0x4)
                0x1fffe2b4                _edata = .
                0x000002b4                ___data_size = (_edata - _sdata)

.jcr            0x1fffe2b4        0x0 load address 0x000040ac
 .jcr           0x1fffe2b4        0x0 c:/freescale/kds_1.1.1/toolchain/bin/../lib/gcc/arm-none-eabi/4.8.0/crtbegin.o

.tm_clone_table
                0x1fffe2b4        0x0 load address 0x000040ac
 .tm_clone_table
                0x1fffe2b4        0x0 c:/freescale/kds_1.1.1/toolchain/bin/../lib/gcc/arm-none-eabi/4.8.0/crtbegin.o
 .tm_clone_table
                0x1fffe2b4        0x0 c:/freescale/kds_1.1.1/toolchain/bin/../lib/gcc/arm-none-eabi/4.8.0/crtend.o

.igot.plt       0x1fffe2b4        0x0 load address 0x000040ac
 .igot.plt      0x00000000        0x0 c:/freescale/kds_1.1.1/toolchain/bin/../lib/gcc/arm-none-eabi/4.8.0/crtbegin.o
                0x1fffe2b4                . = ALIGN (0x4)

.bss            0x1fffe2b4      0xf48 load address 0x000040ac
                0x1fffe2b4                __START_BSS = .
                0x1fffe2b4                PROVIDE (__bss_start__, __START_BSS)
 *(.bss)
 *(.bss*)
 .bss.completed.6137
                0x1fffe2b4        0x1 c:/freescale/kds_1.1.1/toolchain/bin/../lib/gcc/arm-none-eabi/4.8.0/crtbegin.o
 *fill*         0x1fffe2b5        0x3 
 .bss.object.6142
                0x1fffe2b8       0x18 c:/freescale/kds_1.1.1/toolchain/bin/../lib/gcc/arm-none-eabi/4.8.0/crtbegin.o
 .bss.mAdt7410Resolution
                0x1fffe2d0        0x1 ./Sources/sensors/adt7410.o
 *fill*         0x1fffe2d1        0x3 
 .bss.mAdt7410CurrentTemperature
                0x1fffe2d4        0x4 ./Sources/sensors/adt7410.o
 .bss.mI2c1Handle
                0x1fffe2d8        0x8 ./Sources/i2c/i2c.o
 .bss.debugData.7616
                0x1fffe2e0        0xc ./Sources/mqx_tasks.o
 .bss.argv      0x1fffe2ec       0x28 ./Project_Settings/Startup_Code/startup.o
 .bss.DeviceDataPrv__DEFAULT_RTOS_ALLOC
                0x1fffe314       0x20 ./Generated_Code/I2C1.o
 .bss.SystemTimerDeviceDataPtr
                0x1fffe334        0x4 ./Generated_Code/MQX1.o
 .bss.PE_LDD_DeviceDataList
                0x1fffe338       0x18 ./Generated_Code/PE_LDD.o
                0x1fffe338                PE_LDD_DeviceDataList
 .bss.DeviceDataPrv__DEFAULT_RTOS_ALLOC
                0x1fffe350        0x4 ./Generated_Code/SegLCD1.o
 .bss.DeviceDataPrv__DEFAULT_RTOS_ALLOC
                0x1fffe354        0xc ./Generated_Code/SystemTimer1.o
 .bss.DeviceDataPrv__DEFAULT_RTOS_ALLOC
                0x1fffe360       0x20 ./Generated_Code/USART0_DEBUG.o
 .bss.heap_end.5175
                0x1fffe380        0x4 c:/freescale/kds_1.1.1/toolchain/bin/../lib/gcc/arm-none-eabi/4.8.0/../../../../arm-none-eabi/lib\libg_s.a(lib_a-syscalls.o)
 .bss.__malloc_free_list
                0x1fffe384        0x4 c:/freescale/kds_1.1.1/toolchain/bin/../lib/gcc/arm-none-eabi/4.8.0/../../../../arm-none-eabi/lib\libg_s.a(lib_a-mallocr.o)
                0x1fffe384                __malloc_free_list
 *(COMMON)
 COMMON         0x1fffe388       0x22 ./Sources/lcd/LCD.o
                0x1fffe388                bLCD_CharPosition
                0x1fffe389                lcd_alternate_mode
                0x1fffe38a                lcdBuffer
 *fill*         0x1fffe3aa        0x2 
 COMMON         0x1fffe3ac      0xe4c ./Generated_Code/MQX1.o
                0x1fffe3ac                _mqx_kernel_data_struct
                0x1fffe61c                mqx_interrupt_stack
                0x1fffe72c                Task3_task_stack
                0x1fffe9b4                UsartDebugTask_task_stack
                0x1fffec3c                LcdTask_task_stack
                0x1fffeec4                mqx_static_ready_queue
                0x1fffef64                mqx_static_isr_table
                0x1ffff0cc                mqx_idle_task_stack
 COMMON         0x1ffff1f8        0x4 c:/freescale/kds_1.1.1/toolchain/bin/../lib/gcc/arm-none-eabi/4.8.0/../../../../arm-none-eabi/lib\libg_s.a(lib_a-reent.o)
                0x1ffff1f8                errno
                0x1ffff1fc                . = ALIGN (0x4)
                0x1ffff1fc                __END_BSS = .
                0x1ffff1fc                PROVIDE (__bss_end__, __END_BSS)
                0x000040ac                _romp_at = (___ROM_AT + SIZEOF (.data))

.romp           0x1ffff1fc       0x18 load address 0x000040ac
                0x000040ac                __S_romp = _romp_at
                0x1ffff1fc        0x4 LONG 0x3df8 ___ROM_AT
                0x1ffff200        0x4 LONG 0x1fffe000 _sdata
                0x1ffff204        0x4 LONG 0x2b4 ___data_size
                0x1ffff208        0x4 LONG 0x0
                0x1ffff20c        0x4 LONG 0x0
                0x1ffff210        0x4 LONG 0x0

._user_heap_stack
                0x1ffff214      0x400 load address 0x000040c4
                0x1ffff214                . = ALIGN (0x4)
                0x1ffff214                PROVIDE (end, .)
                0x1ffff214                PROVIDE (_end, .)
                0x1ffff214                __heap_addr = .
                0x1ffff214                __HeapBase = .
                0x1ffff214                . = (. + __heap_size)
                0x1ffff214                __HeapLimit = .
                0x1ffff614                . = (. + __stack_size)
 *fill*         0x1ffff214      0x400 
                0x1ffff614                . = ALIGN (0x4)

.ARM.attributes
                0x00000000       0x2d
 *(.ARM.attributes)
 .ARM.attributes
                0x00000000       0x23 c:/freescale/kds_1.1.1/toolchain/bin/../lib/gcc/arm-none-eabi/4.8.0/crti.o
 .ARM.attributes
                0x00000023       0x31 c:/freescale/kds_1.1.1/toolchain/bin/../lib/gcc/arm-none-eabi/4.8.0/crtbegin.o
 .ARM.attributes
                0x00000054       0x32 ./Sources/sensors/adt7410.o
 .ARM.attributes
                0x00000086       0x32 ./Sources/lcd/LCD.o
 .ARM.attributes
                0x000000b8       0x32 ./Sources/lcd/s401.o
 .ARM.attributes
                0x000000ea       0x32 ./Sources/i2c/i2c.o
 .ARM.attributes
                0x0000011c       0x32 ./Sources/Events.o
 .ARM.attributes
                0x0000014e       0x32 ./Sources/main.o
 .ARM.attributes
                0x00000180       0x32 ./Sources/mqx_tasks.o
 .ARM.attributes
                0x000001b2       0x32 ./Project_Settings/Startup_Code/startup.o
 .ARM.attributes
                0x000001e4       0x22 ./MQXLITE/psp/cortex_m/core/M0/boot.o
 .ARM.attributes
                0x00000206       0x22 ./MQXLITE/psp/cortex_m/core/M0/dispatch.o
 .ARM.attributes
                0x00000228       0x32 ./MQXLITE/psp/cortex_m/int_inst.o
 .ARM.attributes
                0x0000025a       0x32 ./MQXLITE/psp/cortex_m/int_vtab.o
 .ARM.attributes
                0x0000028c       0x32 ./MQXLITE/psp/cortex_m/mem_zero.o
 .ARM.attributes
                0x000002be       0x32 ./MQXLITE/psp/cortex_m/psp_iinit.o
 .ARM.attributes
                0x000002f0       0x32 ./MQXLITE/psp/cortex_m/psp_tinm.o
 .ARM.attributes
                0x00000322       0x32 ./MQXLITE/psp/cortex_m/sc_irdyq.o
 .ARM.attributes
                0x00000354       0x32 ./MQXLITE/psp/cortex_m/stack_bu.o
 .ARM.attributes
                0x00000386       0x32 ./MQXLITE/psp/cortex_m/stack_de.o
 .ARM.attributes
                0x000003b8       0x32 ./MQXLITE/kernel/idletask.o
 .ARM.attributes
                0x000003ea       0x32 ./MQXLITE/kernel/int.o
 .ARM.attributes
                0x0000041c       0x32 ./MQXLITE/kernel/lwmem.o
 .ARM.attributes
                0x0000044e       0x32 ./MQXLITE/kernel/lwsem.o
 .ARM.attributes
                0x00000480       0x32 ./MQXLITE/kernel/mqx_utils.o
 .ARM.attributes
                0x000004b2       0x32 ./MQXLITE/kernel/mqxlite.o
 .ARM.attributes
                0x000004e4       0x32 ./MQXLITE/kernel/task.o
 .ARM.attributes
                0x00000516       0x32 ./MQXLITE/kernel/time_ticks.o
 .ARM.attributes
                0x00000548       0x32 ./MQXLITE/config/task_template_list.o
 .ARM.attributes
                0x0000057a       0x32 ./Generated_Code/Cpu.o
 .ARM.attributes
                0x000005ac       0x32 ./Generated_Code/I2C1.o
 .ARM.attributes
                0x000005de       0x32 ./Generated_Code/MQX1.o
 .ARM.attributes
                0x00000610       0x32 ./Generated_Code/PE_LDD.o
 .ARM.attributes
                0x00000642       0x32 ./Generated_Code/SegLCD1.o
 .ARM.attributes
                0x00000674       0x32 ./Generated_Code/SystemTimer1.o
 .ARM.attributes
                0x000006a6       0x32 ./Generated_Code/USART0_DEBUG.o
 .ARM.attributes
                0x000006d8       0x32 ./Generated_Code/Vectors.o
 .ARM.attributes
                0x0000070a       0x23 c:/freescale/kds_1.1.1/toolchain/bin/../lib/gcc/arm-none-eabi/4.8.0\libgcc.a(_thumb1_case_uqi.o)
 .ARM.attributes
                0x0000072d       0x23 c:/freescale/kds_1.1.1/toolchain/bin/../lib/gcc/arm-none-eabi/4.8.0\libgcc.a(_udivsi3.o)
 .ARM.attributes
                0x00000750       0x23 c:/freescale/kds_1.1.1/toolchain/bin/../lib/gcc/arm-none-eabi/4.8.0\libgcc.a(_dvmd_tls.o)
 .ARM.attributes
                0x00000773       0x31 c:/freescale/kds_1.1.1/toolchain/bin/../lib/gcc/arm-none-eabi/4.8.0\libgcc.a(mulsf3.o)
 .ARM.attributes
                0x000007a4       0x31 c:/freescale/kds_1.1.1/toolchain/bin/../lib/gcc/arm-none-eabi/4.8.0\libgcc.a(fixsfsi.o)
 .ARM.attributes
                0x000007d5       0x31 c:/freescale/kds_1.1.1/toolchain/bin/../lib/gcc/arm-none-eabi/4.8.0\libgcc.a(floatsisf.o)
 .ARM.attributes
                0x00000806       0x31 c:/freescale/kds_1.1.1/toolchain/bin/../lib/gcc/arm-none-eabi/4.8.0\libgcc.a(muldf3.o)
 .ARM.attributes
                0x00000837       0x31 c:/freescale/kds_1.1.1/toolchain/bin/../lib/gcc/arm-none-eabi/4.8.0\libgcc.a(subdf3.o)
 .ARM.attributes
                0x00000868       0x31 c:/freescale/kds_1.1.1/toolchain/bin/../lib/gcc/arm-none-eabi/4.8.0\libgcc.a(fixdfsi.o)
 .ARM.attributes
                0x00000899       0x31 c:/freescale/kds_1.1.1/toolchain/bin/../lib/gcc/arm-none-eabi/4.8.0\libgcc.a(floatsidf.o)
 .ARM.attributes
                0x000008ca       0x31 c:/freescale/kds_1.1.1/toolchain/bin/../lib/gcc/arm-none-eabi/4.8.0\libgcc.a(extendsfdf2.o)
 .ARM.attributes
                0x000008fb       0x23 c:/freescale/kds_1.1.1/toolchain/bin/../lib/gcc/arm-none-eabi/4.8.0\libgcc.a(_thumb1_case_uhi.o)
 .ARM.attributes
                0x0000091e       0x23 c:/freescale/kds_1.1.1/toolchain/bin/../lib/gcc/arm-none-eabi/4.8.0\libgcc.a(_clzsi2.o)
 .ARM.attributes
                0x00000941       0x31 c:/freescale/kds_1.1.1/toolchain/bin/../lib/gcc/arm-none-eabi/4.8.0/../../../../arm-none-eabi/lib\libg_s.a(lib_a-errno.o)
 .ARM.attributes
                0x00000972       0x31 c:/freescale/kds_1.1.1/toolchain/bin/../lib/gcc/arm-none-eabi/4.8.0/../../../../arm-none-eabi/lib\libg_s.a(lib_a-impure.o)
 .ARM.attributes
                0x000009a3       0x31 c:/freescale/kds_1.1.1/toolchain/bin/../lib/gcc/arm-none-eabi/4.8.0/../../../../arm-none-eabi/lib\libg_s.a(lib_a-memcpy.o)
 .ARM.attributes
                0x000009d4       0x31 c:/freescale/kds_1.1.1/toolchain/bin/../lib/gcc/arm-none-eabi/4.8.0/../../../../arm-none-eabi/lib\libg_s.a(lib_a-snprintf.o)
 .ARM.attributes
                0x00000a05       0x31 c:/freescale/kds_1.1.1/toolchain/bin/../lib/gcc/arm-none-eabi/4.8.0/../../../../arm-none-eabi/lib\libg_s.a(lib_a-svfprintf.o)
 .ARM.attributes
                0x00000a36       0x31 c:/freescale/kds_1.1.1/toolchain/bin/../lib/gcc/arm-none-eabi/4.8.0/../../../../arm-none-eabi/lib\libg_s.a(lib_a-syscalls.o)
 .ARM.attributes
                0x00000a67       0x31 c:/freescale/kds_1.1.1/toolchain/bin/../lib/gcc/arm-none-eabi/4.8.0/../../../../arm-none-eabi/lib\libg_s.a(lib_a-vfprintf_i.o)
 .ARM.attributes
                0x00000a98       0x31 c:/freescale/kds_1.1.1/toolchain/bin/../lib/gcc/arm-none-eabi/4.8.0/../../../../arm-none-eabi/lib\libg_s.a(lib_a-freer.o)
 .ARM.attributes
                0x00000ac9       0x31 c:/freescale/kds_1.1.1/toolchain/bin/../lib/gcc/arm-none-eabi/4.8.0/../../../../arm-none-eabi/lib\libg_s.a(lib_a-mallocr.o)
 .ARM.attributes
                0x00000afa       0x31 c:/freescale/kds_1.1.1/toolchain/bin/../lib/gcc/arm-none-eabi/4.8.0/../../../../arm-none-eabi/lib\libg_s.a(lib_a-memchr.o)
 .ARM.attributes
                0x00000b2b       0x31 c:/freescale/kds_1.1.1/toolchain/bin/../lib/gcc/arm-none-eabi/4.8.0/../../../../arm-none-eabi/lib\libg_s.a(lib_a-reallocr.o)
 .ARM.attributes
                0x00000b5c       0x31 c:/freescale/kds_1.1.1/toolchain/bin/../lib/gcc/arm-none-eabi/4.8.0/../../../../arm-none-eabi/lib\libg_s.a(lib_a-sbrkr.o)
 .ARM.attributes
                0x00000b8d       0x31 c:/freescale/kds_1.1.1/toolchain/bin/../lib/gcc/arm-none-eabi/4.8.0/../../../../arm-none-eabi/lib\libg_s.a(lib_a-strlen.o)
 .ARM.attributes
                0x00000bbe       0x31 c:/freescale/kds_1.1.1/toolchain/bin/../lib/gcc/arm-none-eabi/4.8.0/../../../../arm-none-eabi/lib\libg_s.a(lib_a-msizer.o)
 .ARM.attributes
                0x00000bef       0x31 c:/freescale/kds_1.1.1/toolchain/bin/../lib/gcc/arm-none-eabi/4.8.0/../../../../arm-none-eabi/lib\libg_s.a(lib_a-reent.o)
 .ARM.attributes
                0x00000c20       0x31 c:/freescale/kds_1.1.1/toolchain/bin/../lib/gcc/arm-none-eabi/4.8.0/crtend.o
 .ARM.attributes
                0x00000c51       0x23 c:/freescale/kds_1.1.1/toolchain/bin/../lib/gcc/arm-none-eabi/4.8.0/crtn.o
OUTPUT(WeatherStation.elf elf32-littlearm)

.comment        0x00000000       0x2a
 .comment       0x00000000       0x2a c:/freescale/kds_1.1.1/toolchain/bin/../lib/gcc/arm-none-eabi/4.8.0/crtbegin.o
                                 0x2b (size before relaxing)
 .comment       0x00000000       0x2b ./Sources/sensors/adt7410.o
 .comment       0x00000000       0x2b ./Sources/lcd/LCD.o
 .comment       0x00000000       0x2b ./Sources/lcd/s401.o
 .comment       0x00000000       0x2b ./Sources/i2c/i2c.o
 .comment       0x00000000       0x2b ./Sources/Events.o
 .comment       0x00000000       0x2b ./Sources/main.o
 .comment       0x00000000       0x2b ./Sources/mqx_tasks.o
 .comment       0x00000000       0x2b ./Project_Settings/Startup_Code/startup.o
 .comment       0x00000000       0x2b ./MQXLITE/psp/cortex_m/int_inst.o
 .comment       0x00000000       0x2b ./MQXLITE/psp/cortex_m/int_vtab.o
 .comment       0x00000000       0x2b ./MQXLITE/psp/cortex_m/mem_zero.o
 .comment       0x00000000       0x2b ./MQXLITE/psp/cortex_m/psp_iinit.o
 .comment       0x00000000       0x2b ./MQXLITE/psp/cortex_m/psp_tinm.o
 .comment       0x00000000       0x2b ./MQXLITE/psp/cortex_m/sc_irdyq.o
 .comment       0x00000000       0x2b ./MQXLITE/psp/cortex_m/stack_bu.o
 .comment       0x00000000       0x2b ./MQXLITE/psp/cortex_m/stack_de.o
 .comment       0x00000000       0x2b ./MQXLITE/kernel/idletask.o
 .comment       0x00000000       0x2b ./MQXLITE/kernel/int.o
 .comment       0x00000000       0x2b ./MQXLITE/kernel/lwmem.o
 .comment       0x00000000       0x2b ./MQXLITE/kernel/lwsem.o
 .comment       0x00000000       0x2b ./MQXLITE/kernel/mqx_utils.o
 .comment       0x00000000       0x2b ./MQXLITE/kernel/mqxlite.o
 .comment       0x00000000       0x2b ./MQXLITE/kernel/task.o
 .comment       0x00000000       0x2b ./MQXLITE/kernel/time_ticks.o
 .comment       0x00000000       0x2b ./MQXLITE/config/task_template_list.o
 .comment       0x00000000       0x2b ./Generated_Code/Cpu.o
 .comment       0x00000000       0x2b ./Generated_Code/I2C1.o
 .comment       0x00000000       0x2b ./Generated_Code/MQX1.o
 .comment       0x00000000       0x2b ./Generated_Code/PE_LDD.o
 .comment       0x00000000       0x2b ./Generated_Code/SegLCD1.o
 .comment       0x00000000       0x2b ./Generated_Code/SystemTimer1.o
 .comment       0x00000000       0x2b ./Generated_Code/USART0_DEBUG.o
 .comment       0x00000000       0x2b ./Generated_Code/Vectors.o
 .comment       0x00000000       0x2b c:/freescale/kds_1.1.1/toolchain/bin/../lib/gcc/arm-none-eabi/4.8.0\libgcc.a(mulsf3.o)
 .comment       0x00000000       0x2b c:/freescale/kds_1.1.1/toolchain/bin/../lib/gcc/arm-none-eabi/4.8.0\libgcc.a(fixsfsi.o)
 .comment       0x00000000       0x2b c:/freescale/kds_1.1.1/toolchain/bin/../lib/gcc/arm-none-eabi/4.8.0\libgcc.a(floatsisf.o)
 .comment       0x00000000       0x2b c:/freescale/kds_1.1.1/toolchain/bin/../lib/gcc/arm-none-eabi/4.8.0\libgcc.a(muldf3.o)
 .comment       0x00000000       0x2b c:/freescale/kds_1.1.1/toolchain/bin/../lib/gcc/arm-none-eabi/4.8.0\libgcc.a(subdf3.o)
 .comment       0x00000000       0x2b c:/freescale/kds_1.1.1/toolchain/bin/../lib/gcc/arm-none-eabi/4.8.0\libgcc.a(fixdfsi.o)
 .comment       0x00000000       0x2b c:/freescale/kds_1.1.1/toolchain/bin/../lib/gcc/arm-none-eabi/4.8.0\libgcc.a(floatsidf.o)
 .comment       0x00000000       0x2b c:/freescale/kds_1.1.1/toolchain/bin/../lib/gcc/arm-none-eabi/4.8.0\libgcc.a(extendsfdf2.o)
 .comment       0x00000000       0x2b c:/freescale/kds_1.1.1/toolchain/bin/../lib/gcc/arm-none-eabi/4.8.0/../../../../arm-none-eabi/lib\libg_s.a(lib_a-errno.o)
 .comment       0x00000000       0x2b c:/freescale/kds_1.1.1/toolchain/bin/../lib/gcc/arm-none-eabi/4.8.0/../../../../arm-none-eabi/lib\libg_s.a(lib_a-impure.o)
 .comment       0x00000000       0x2b c:/freescale/kds_1.1.1/toolchain/bin/../lib/gcc/arm-none-eabi/4.8.0/../../../../arm-none-eabi/lib\libg_s.a(lib_a-memcpy.o)
 .comment       0x00000000       0x2b c:/freescale/kds_1.1.1/toolchain/bin/../lib/gcc/arm-none-eabi/4.8.0/../../../../arm-none-eabi/lib\libg_s.a(lib_a-snprintf.o)
 .comment       0x00000000       0x2b c:/freescale/kds_1.1.1/toolchain/bin/../lib/gcc/arm-none-eabi/4.8.0/../../../../arm-none-eabi/lib\libg_s.a(lib_a-svfprintf.o)
 .comment       0x00000000       0x2b c:/freescale/kds_1.1.1/toolchain/bin/../lib/gcc/arm-none-eabi/4.8.0/../../../../arm-none-eabi/lib\libg_s.a(lib_a-syscalls.o)
 .comment       0x00000000       0x2b c:/freescale/kds_1.1.1/toolchain/bin/../lib/gcc/arm-none-eabi/4.8.0/../../../../arm-none-eabi/lib\libg_s.a(lib_a-vfprintf_i.o)
 .comment       0x00000000       0x2b c:/freescale/kds_1.1.1/toolchain/bin/../lib/gcc/arm-none-eabi/4.8.0/../../../../arm-none-eabi/lib\libg_s.a(lib_a-freer.o)
 .comment       0x00000000       0x2b c:/freescale/kds_1.1.1/toolchain/bin/../lib/gcc/arm-none-eabi/4.8.0/../../../../arm-none-eabi/lib\libg_s.a(lib_a-mallocr.o)
 .comment       0x00000000       0x2b c:/freescale/kds_1.1.1/toolchain/bin/../lib/gcc/arm-none-eabi/4.8.0/../../../../arm-none-eabi/lib\libg_s.a(lib_a-memchr.o)
 .comment       0x00000000       0x2b c:/freescale/kds_1.1.1/toolchain/bin/../lib/gcc/arm-none-eabi/4.8.0/../../../../arm-none-eabi/lib\libg_s.a(lib_a-reallocr.o)
 .comment       0x00000000       0x2b c:/freescale/kds_1.1.1/toolchain/bin/../lib/gcc/arm-none-eabi/4.8.0/../../../../arm-none-eabi/lib\libg_s.a(lib_a-sbrkr.o)
 .comment       0x00000000       0x2b c:/freescale/kds_1.1.1/toolchain/bin/../lib/gcc/arm-none-eabi/4.8.0/../../../../arm-none-eabi/lib\libg_s.a(lib_a-strlen.o)
 .comment       0x00000000       0x2b c:/freescale/kds_1.1.1/toolchain/bin/../lib/gcc/arm-none-eabi/4.8.0/../../../../arm-none-eabi/lib\libg_s.a(lib_a-msizer.o)
 .comment       0x00000000       0x2b c:/freescale/kds_1.1.1/toolchain/bin/../lib/gcc/arm-none-eabi/4.8.0/../../../../arm-none-eabi/lib\libg_s.a(lib_a-reent.o)
 .comment       0x00000000       0x2b c:/freescale/kds_1.1.1/toolchain/bin/../lib/gcc/arm-none-eabi/4.8.0/crtend.o

.debug_info     0x00000000    0x13841
 .debug_info    0x00000000      0x498 ./Sources/sensors/adt7410.o
 .debug_info    0x00000498      0xa78 ./Sources/lcd/LCD.o
 .debug_info    0x00000f10       0x78 ./Sources/lcd/s401.o
 .debug_info    0x00000f88      0x434 ./Sources/i2c/i2c.o
 .debug_info    0x000013bc      0x1b4 ./Sources/Events.o
 .debug_info    0x00001570       0xe4 ./Sources/main.o
 .debug_info    0x00001654      0x5e8 ./Sources/mqx_tasks.o
 .debug_info    0x00001c3c      0x3b4 ./Project_Settings/Startup_Code/startup.o
 .debug_info    0x00001ff0       0x84 ./MQXLITE/psp/cortex_m/core/M0/boot.o
 .debug_info    0x00002074       0x88 ./MQXLITE/psp/cortex_m/core/M0/dispatch.o
 .debug_info    0x000020fc      0xa36 ./MQXLITE/psp/cortex_m/int_inst.o
 .debug_info    0x00002b32      0x339 ./MQXLITE/psp/cortex_m/int_vtab.o
 .debug_info    0x00002e6b      0x14a ./MQXLITE/psp/cortex_m/mem_zero.o
 .debug_info    0x00002fb5      0x12d ./MQXLITE/psp/cortex_m/psp_iinit.o
 .debug_info    0x000030e2      0xab5 ./MQXLITE/psp/cortex_m/psp_tinm.o
 .debug_info    0x00003b97      0xbe2 ./MQXLITE/psp/cortex_m/sc_irdyq.o
 .debug_info    0x00004779      0x634 ./MQXLITE/psp/cortex_m/stack_bu.o
 .debug_info    0x00004dad      0x3f7 ./MQXLITE/psp/cortex_m/stack_de.o
 .debug_info    0x000051a4      0xa30 ./MQXLITE/kernel/idletask.o
 .debug_info    0x00005bd4      0xf0b ./MQXLITE/kernel/int.o
 .debug_info    0x00006adf     0x1dae ./MQXLITE/kernel/lwmem.o
 .debug_info    0x0000888d     0x1335 ./MQXLITE/kernel/lwsem.o
 .debug_info    0x00009bc2      0xc20 ./MQXLITE/kernel/mqx_utils.o
 .debug_info    0x0000a7e2     0x10bc ./MQXLITE/kernel/mqxlite.o
 .debug_info    0x0000b89e     0x2685 ./MQXLITE/kernel/task.o
 .debug_info    0x0000df23     0x129b ./MQXLITE/kernel/time_ticks.o
 .debug_info    0x0000f1be      0x292 ./MQXLITE/config/task_template_list.o
 .debug_info    0x0000f450      0xb34 ./Generated_Code/Cpu.o
 .debug_info    0x0000ff84      0xbfc ./Generated_Code/I2C1.o
 .debug_info    0x00010b80     0x111d ./Generated_Code/MQX1.o
 .debug_info    0x00011c9d      0x384 ./Generated_Code/PE_LDD.o
 .debug_info    0x00012021      0x51c ./Generated_Code/SegLCD1.o
 .debug_info    0x0001253d      0x6ec ./Generated_Code/SystemTimer1.o
 .debug_info    0x00012c29      0x9e2 ./Generated_Code/USART0_DEBUG.o
 .debug_info    0x0001360b      0x236 ./Generated_Code/Vectors.o

.debug_abbrev   0x00000000     0x39f4
 .debug_abbrev  0x00000000      0x208 ./Sources/sensors/adt7410.o
 .debug_abbrev  0x00000208      0x2cb ./Sources/lcd/LCD.o
 .debug_abbrev  0x000004d3       0x45 ./Sources/lcd/s401.o
 .debug_abbrev  0x00000518      0x17f ./Sources/i2c/i2c.o
 .debug_abbrev  0x00000697       0xd6 ./Sources/Events.o
 .debug_abbrev  0x0000076d       0x82 ./Sources/main.o
 .debug_abbrev  0x000007ef      0x251 ./Sources/mqx_tasks.o
 .debug_abbrev  0x00000a40      0x1ee ./Project_Settings/Startup_Code/startup.o
 .debug_abbrev  0x00000c2e       0x14 ./MQXLITE/psp/cortex_m/core/M0/boot.o
 .debug_abbrev  0x00000c42       0x14 ./MQXLITE/psp/cortex_m/core/M0/dispatch.o
 .debug_abbrev  0x00000c56      0x147 ./MQXLITE/psp/cortex_m/int_inst.o
 .debug_abbrev  0x00000d9d      0x11d ./MQXLITE/psp/cortex_m/int_vtab.o
 .debug_abbrev  0x00000eba       0x7d ./MQXLITE/psp/cortex_m/mem_zero.o
 .debug_abbrev  0x00000f37       0xc2 ./MQXLITE/psp/cortex_m/psp_iinit.o
 .debug_abbrev  0x00000ff9      0x152 ./MQXLITE/psp/cortex_m/psp_tinm.o
 .debug_abbrev  0x0000114b      0x1ab ./MQXLITE/psp/cortex_m/sc_irdyq.o
 .debug_abbrev  0x000012f6      0x14d ./MQXLITE/psp/cortex_m/stack_bu.o
 .debug_abbrev  0x00001443       0xd9 ./MQXLITE/psp/cortex_m/stack_de.o
 .debug_abbrev  0x0000151c      0x141 ./MQXLITE/kernel/idletask.o
 .debug_abbrev  0x0000165d      0x216 ./MQXLITE/kernel/int.o
 .debug_abbrev  0x00001873      0x32c ./MQXLITE/kernel/lwmem.o
 .debug_abbrev  0x00001b9f      0x28e ./MQXLITE/kernel/lwsem.o
 .debug_abbrev  0x00001e2d      0x226 ./MQXLITE/kernel/mqx_utils.o
 .debug_abbrev  0x00002053      0x2eb ./MQXLITE/kernel/mqxlite.o
 .debug_abbrev  0x0000233e      0x387 ./MQXLITE/kernel/task.o
 .debug_abbrev  0x000026c5      0x2b6 ./MQXLITE/kernel/time_ticks.o
 .debug_abbrev  0x0000297b       0xb7 ./MQXLITE/config/task_template_list.o
 .debug_abbrev  0x00002a32      0x1d4 ./Generated_Code/Cpu.o
 .debug_abbrev  0x00002c06      0x2bc ./Generated_Code/I2C1.o
 .debug_abbrev  0x00002ec2      0x282 ./Generated_Code/MQX1.o
 .debug_abbrev  0x00003144      0x13e ./Generated_Code/PE_LDD.o
 .debug_abbrev  0x00003282      0x1a2 ./Generated_Code/SegLCD1.o
 .debug_abbrev  0x00003424      0x27d ./Generated_Code/SystemTimer1.o
 .debug_abbrev  0x000036a1      0x29c ./Generated_Code/USART0_DEBUG.o
 .debug_abbrev  0x0000393d       0xb7 ./Generated_Code/Vectors.o

.debug_loc      0x00000000     0x61a8
 .debug_loc     0x00000000      0x19e ./Sources/sensors/adt7410.o
 .debug_loc     0x0000019e      0x406 ./Sources/lcd/LCD.o
 .debug_loc     0x000005a4      0x2d6 ./Sources/i2c/i2c.o
 .debug_loc     0x0000087a      0x202 ./Sources/mqx_tasks.o
 .debug_loc     0x00000a7c      0x156 ./Project_Settings/Startup_Code/startup.o
 .debug_loc     0x00000bd2       0x1f ./MQXLITE/psp/cortex_m/int_inst.o
 .debug_loc     0x00000bf1       0x22 ./MQXLITE/psp/cortex_m/int_vtab.o
 .debug_loc     0x00000c13      0x1e7 ./MQXLITE/psp/cortex_m/mem_zero.o
 .debug_loc     0x00000dfa       0x6b ./MQXLITE/psp/cortex_m/psp_iinit.o
 .debug_loc     0x00000e65       0x87 ./MQXLITE/psp/cortex_m/psp_tinm.o
 .debug_loc     0x00000eec      0x135 ./MQXLITE/psp/cortex_m/sc_irdyq.o
 .debug_loc     0x00001021      0x10e ./MQXLITE/psp/cortex_m/stack_bu.o
 .debug_loc     0x0000112f      0x66f ./MQXLITE/kernel/int.o
 .debug_loc     0x0000179e     0x1488 ./MQXLITE/kernel/lwmem.o
 .debug_loc     0x00002c26      0x920 ./MQXLITE/kernel/lwsem.o
 .debug_loc     0x00003546      0x1a9 ./MQXLITE/kernel/mqx_utils.o
 .debug_loc     0x000036ef      0x174 ./MQXLITE/kernel/mqxlite.o
 .debug_loc     0x00003863     0x17a3 ./MQXLITE/kernel/task.o
 .debug_loc     0x00005006      0x787 ./MQXLITE/kernel/time_ticks.o
 .debug_loc     0x0000578d      0x3a9 ./Generated_Code/I2C1.o
 .debug_loc     0x00005b36      0x15e ./Generated_Code/MQX1.o
 .debug_loc     0x00005c94       0xe3 ./Generated_Code/PE_LDD.o
 .debug_loc     0x00005d77       0x9e ./Generated_Code/SegLCD1.o
 .debug_loc     0x00005e15      0x165 ./Generated_Code/SystemTimer1.o
 .debug_loc     0x00005f7a      0x22e ./Generated_Code/USART0_DEBUG.o

.debug_aranges  0x00000000      0xa80
 .debug_aranges
                0x00000000       0x40 ./Sources/sensors/adt7410.o
 .debug_aranges
                0x00000040       0xb0 ./Sources/lcd/LCD.o
 .debug_aranges
                0x000000f0       0x18 ./Sources/lcd/s401.o
 .debug_aranges
                0x00000108       0x30 ./Sources/i2c/i2c.o
 .debug_aranges
                0x00000138       0x48 ./Sources/Events.o
 .debug_aranges
                0x00000180       0x20 ./Sources/main.o
 .debug_aranges
                0x000001a0       0x38 ./Sources/mqx_tasks.o
 .debug_aranges
                0x000001d8       0x58 ./Project_Settings/Startup_Code/startup.o
 .debug_aranges
                0x00000230       0x20 ./MQXLITE/psp/cortex_m/core/M0/boot.o
 .debug_aranges
                0x00000250       0x20 ./MQXLITE/psp/cortex_m/core/M0/dispatch.o
 .debug_aranges
                0x00000270       0x20 ./MQXLITE/psp/cortex_m/int_inst.o
 .debug_aranges
                0x00000290       0x28 ./MQXLITE/psp/cortex_m/int_vtab.o
 .debug_aranges
                0x000002b8       0x20 ./MQXLITE/psp/cortex_m/mem_zero.o
 .debug_aranges
                0x000002d8       0x20 ./MQXLITE/psp/cortex_m/psp_iinit.o
 .debug_aranges
                0x000002f8       0x20 ./MQXLITE/psp/cortex_m/psp_tinm.o
 .debug_aranges
                0x00000318       0x28 ./MQXLITE/psp/cortex_m/sc_irdyq.o
 .debug_aranges
                0x00000340       0x20 ./MQXLITE/psp/cortex_m/stack_bu.o
 .debug_aranges
                0x00000360       0x20 ./MQXLITE/psp/cortex_m/stack_de.o
 .debug_aranges
                0x00000380       0x20 ./MQXLITE/kernel/idletask.o
 .debug_aranges
                0x000003a0       0x90 ./MQXLITE/kernel/int.o
 .debug_aranges
                0x00000430      0x128 ./MQXLITE/kernel/lwmem.o
 .debug_aranges
                0x00000558       0x80 ./MQXLITE/kernel/lwsem.o
 .debug_aranges
                0x000005d8       0x60 ./MQXLITE/kernel/mqx_utils.o
 .debug_aranges
                0x00000638       0x30 ./MQXLITE/kernel/mqxlite.o
 .debug_aranges
                0x00000668      0x158 ./MQXLITE/kernel/task.o
 .debug_aranges
                0x000007c0       0xb8 ./MQXLITE/kernel/time_ticks.o
 .debug_aranges
                0x00000878       0x18 ./MQXLITE/config/task_template_list.o
 .debug_aranges
                0x00000890       0x38 ./Generated_Code/Cpu.o
 .debug_aranges
                0x000008c8       0x68 ./Generated_Code/I2C1.o
 .debug_aranges
                0x00000930       0x48 ./Generated_Code/MQX1.o
 .debug_aranges
                0x00000978       0x30 ./Generated_Code/PE_LDD.o
 .debug_aranges
                0x000009a8       0x28 ./Generated_Code/SegLCD1.o
 .debug_aranges
                0x000009d0       0x60 ./Generated_Code/SystemTimer1.o
 .debug_aranges
                0x00000a30       0x38 ./Generated_Code/USART0_DEBUG.o
 .debug_aranges
                0x00000a68       0x18 ./Generated_Code/Vectors.o

.debug_ranges   0x00000000      0xab8
 .debug_ranges  0x00000000       0x78 ./Sources/sensors/adt7410.o
 .debug_ranges  0x00000078       0xa0 ./Sources/lcd/LCD.o
 .debug_ranges  0x00000118       0x20 ./Sources/i2c/i2c.o
 .debug_ranges  0x00000138       0x38 ./Sources/Events.o
 .debug_ranges  0x00000170       0x10 ./Sources/main.o
 .debug_ranges  0x00000180       0x48 ./Sources/mqx_tasks.o
 .debug_ranges  0x000001c8       0x60 ./Project_Settings/Startup_Code/startup.o
 .debug_ranges  0x00000228       0x10 ./MQXLITE/psp/cortex_m/int_inst.o
 .debug_ranges  0x00000238       0x18 ./MQXLITE/psp/cortex_m/int_vtab.o
 .debug_ranges  0x00000250       0x10 ./MQXLITE/psp/cortex_m/mem_zero.o
 .debug_ranges  0x00000260       0x10 ./MQXLITE/psp/cortex_m/psp_iinit.o
 .debug_ranges  0x00000270       0x10 ./MQXLITE/psp/cortex_m/psp_tinm.o
 .debug_ranges  0x00000280       0x18 ./MQXLITE/psp/cortex_m/sc_irdyq.o
 .debug_ranges  0x00000298       0x10 ./MQXLITE/psp/cortex_m/stack_bu.o
 .debug_ranges  0x000002a8       0x10 ./MQXLITE/psp/cortex_m/stack_de.o
 .debug_ranges  0x000002b8       0x10 ./MQXLITE/kernel/idletask.o
 .debug_ranges  0x000002c8       0x80 ./MQXLITE/kernel/int.o
 .debug_ranges  0x00000348      0x130 ./MQXLITE/kernel/lwmem.o
 .debug_ranges  0x00000478      0x168 ./MQXLITE/kernel/lwsem.o
 .debug_ranges  0x000005e0       0x50 ./MQXLITE/kernel/mqx_utils.o
 .debug_ranges  0x00000630       0x48 ./MQXLITE/kernel/mqxlite.o
 .debug_ranges  0x00000678      0x1c8 ./MQXLITE/kernel/task.o
 .debug_ranges  0x00000840       0xf8 ./MQXLITE/kernel/time_ticks.o
 .debug_ranges  0x00000938       0x28 ./Generated_Code/Cpu.o
 .debug_ranges  0x00000960       0x70 ./Generated_Code/I2C1.o
 .debug_ranges  0x000009d0       0x38 ./Generated_Code/MQX1.o
 .debug_ranges  0x00000a08       0x20 ./Generated_Code/PE_LDD.o
 .debug_ranges  0x00000a28       0x18 ./Generated_Code/SegLCD1.o
 .debug_ranges  0x00000a40       0x50 ./Generated_Code/SystemTimer1.o
 .debug_ranges  0x00000a90       0x28 ./Generated_Code/USART0_DEBUG.o

.debug_line     0x00000000     0x4afd
 .debug_line    0x00000000      0x1c2 ./Sources/sensors/adt7410.o
 .debug_line    0x000001c2      0x366 ./Sources/lcd/LCD.o
 .debug_line    0x00000528       0x36 ./Sources/lcd/s401.o
 .debug_line    0x0000055e      0x134 ./Sources/i2c/i2c.o
 .debug_line    0x00000692      0x177 ./Sources/Events.o
 .debug_line    0x00000809      0x122 ./Sources/main.o
 .debug_line    0x0000092b      0x28a ./Sources/mqx_tasks.o
 .debug_line    0x00000bb5      0x139 ./Project_Settings/Startup_Code/startup.o
 .debug_line    0x00000cee       0x68 ./MQXLITE/psp/cortex_m/core/M0/boot.o
 .debug_line    0x00000d56      0x18b ./MQXLITE/psp/cortex_m/core/M0/dispatch.o
 .debug_line    0x00000ee1      0x129 ./MQXLITE/psp/cortex_m/int_inst.o
 .debug_line    0x0000100a       0xc6 ./MQXLITE/psp/cortex_m/int_vtab.o
 .debug_line    0x000010d0      0x129 ./MQXLITE/psp/cortex_m/mem_zero.o
 .debug_line    0x000011f9       0xfd ./MQXLITE/psp/cortex_m/psp_iinit.o
 .debug_line    0x000012f6      0x13b ./MQXLITE/psp/cortex_m/psp_tinm.o
 .debug_line    0x00001431      0x262 ./MQXLITE/psp/cortex_m/sc_irdyq.o
 .debug_line    0x00001693      0x133 ./MQXLITE/psp/cortex_m/stack_bu.o
 .debug_line    0x000017c6      0x109 ./MQXLITE/psp/cortex_m/stack_de.o
 .debug_line    0x000018cf      0x12b ./MQXLITE/kernel/idletask.o
 .debug_line    0x000019fa      0x334 ./MQXLITE/kernel/int.o
 .debug_line    0x00001d2e      0x630 ./MQXLITE/kernel/lwmem.o
 .debug_line    0x0000235e      0x41e ./MQXLITE/kernel/lwsem.o
 .debug_line    0x0000277c      0x214 ./MQXLITE/kernel/mqx_utils.o
 .debug_line    0x00002990      0x28e ./MQXLITE/kernel/mqxlite.o
 .debug_line    0x00002c1e      0x80b ./MQXLITE/kernel/task.o
 .debug_line    0x00003429      0x479 ./MQXLITE/kernel/time_ticks.o
 .debug_line    0x000038a2      0x174 ./MQXLITE/config/task_template_list.o
 .debug_line    0x00003a16      0x24c ./Generated_Code/Cpu.o
 .debug_line    0x00003c62      0x3be ./Generated_Code/I2C1.o
 .debug_line    0x00004020      0x251 ./Generated_Code/MQX1.o
 .debug_line    0x00004271      0x176 ./Generated_Code/PE_LDD.o
 .debug_line    0x000043e7      0x150 ./Generated_Code/SegLCD1.o
 .debug_line    0x00004537      0x26a ./Generated_Code/SystemTimer1.o
 .debug_line    0x000047a1      0x284 ./Generated_Code/USART0_DEBUG.o
 .debug_line    0x00004a25       0xd8 ./Generated_Code/Vectors.o

.debug_str      0x00000000     0x3aca
 .debug_str     0x00000000      0x282 ./Sources/sensors/adt7410.o
                                0x2c6 (size before relaxing)
 .debug_str     0x00000282      0x406 ./Sources/lcd/LCD.o
                                0x56a (size before relaxing)
 .debug_str     0x00000688       0x16 ./Sources/lcd/s401.o
                                0x107 (size before relaxing)
 .debug_str     0x0000069e      0x1b8 ./Sources/i2c/i2c.o
                                0x375 (size before relaxing)
 .debug_str     0x00000856       0xbe ./Sources/Events.o
                                0x24d (size before relaxing)
 .debug_str     0x00000914       0x44 ./Sources/main.o
                                0x19b (size before relaxing)
 .debug_str     0x00000958      0x131 ./Sources/mqx_tasks.o
                                0x366 (size before relaxing)
 .debug_str     0x00000a89      0x13c ./Project_Settings/Startup_Code/startup.o
                                0x29a (size before relaxing)
 .debug_str     0x00000bc5      0x914 ./MQXLITE/psp/cortex_m/int_inst.o
                                0xb20 (size before relaxing)
 .debug_str     0x000014d9      0x186 ./MQXLITE/psp/cortex_m/int_vtab.o
                                0x2ed (size before relaxing)
 .debug_str     0x0000165f       0x8f ./MQXLITE/psp/cortex_m/mem_zero.o
                                0x1fa (size before relaxing)
 .debug_str     0x000016ee       0x6b ./MQXLITE/psp/cortex_m/psp_iinit.o
                                0x1ef (size before relaxing)
 .debug_str     0x00001759       0x64 ./MQXLITE/psp/cortex_m/psp_tinm.o
                                0xb5e (size before relaxing)
 .debug_str     0x000017bd      0x10a ./MQXLITE/psp/cortex_m/sc_irdyq.o
                                0xc34 (size before relaxing)
 .debug_str     0x000018c7      0x15b ./MQXLITE/psp/cortex_m/stack_bu.o
                                0x5db (size before relaxing)
 .debug_str     0x00001a22       0x3c ./MQXLITE/psp/cortex_m/stack_de.o
                                0x47e (size before relaxing)
 .debug_str     0x00001a5e       0x2c ./MQXLITE/kernel/idletask.o
                                0xb18 (size before relaxing)
 .debug_str     0x00001a8a      0x201 ./MQXLITE/kernel/int.o
                                0xd7e (size before relaxing)
 .debug_str     0x00001c8b      0x57f ./MQXLITE/kernel/lwmem.o
                               0x1129 (size before relaxing)
 .debug_str     0x0000220a      0x1de ./MQXLITE/kernel/lwsem.o
                                0xd85 (size before relaxing)
 .debug_str     0x000023e8      0x113 ./MQXLITE/kernel/mqx_utils.o
                                0xca3 (size before relaxing)
 .debug_str     0x000024fb      0x44d ./MQXLITE/kernel/mqxlite.o
                               0x103b (size before relaxing)
 .debug_str     0x00002948      0x5a5 ./MQXLITE/kernel/task.o
                               0x15f9 (size before relaxing)
 .debug_str     0x00002eed      0x227 ./MQXLITE/kernel/time_ticks.o
                                0xe9a (size before relaxing)
 .debug_str     0x00003114       0x39 ./MQXLITE/config/task_template_list.o
                                0x47f (size before relaxing)
 .debug_str     0x0000314d      0x140 ./Generated_Code/Cpu.o
                                0x8bb (size before relaxing)
 .debug_str     0x0000328d      0x1bd ./Generated_Code/I2C1.o
                                0x8d3 (size before relaxing)
 .debug_str     0x0000344a      0x23f ./Generated_Code/MQX1.o
                               0x11ea (size before relaxing)
 .debug_str     0x00003689      0x170 ./Generated_Code/PE_LDD.o
                                0x553 (size before relaxing)
 .debug_str     0x000037f9       0x8d ./Generated_Code/SegLCD1.o
                                0x3e1 (size before relaxing)
 .debug_str     0x00003886      0x114 ./Generated_Code/SystemTimer1.o
                                0x706 (size before relaxing)
 .debug_str     0x0000399a      0x114 ./Generated_Code/USART0_DEBUG.o
                                0x7ce (size before relaxing)
 .debug_str     0x00003aae       0x1c ./Generated_Code/Vectors.o
                                0x3e6 (size before relaxing)

.debug_frame    0x00000000     0x182c
 .debug_frame   0x00000000       0x98 ./Sources/sensors/adt7410.o
 .debug_frame   0x00000098      0x1dc ./Sources/lcd/LCD.o
 .debug_frame   0x00000274       0x74 ./Sources/i2c/i2c.o
 .debug_frame   0x000002e8       0x70 ./Sources/Events.o
 .debug_frame   0x00000358       0x28 ./Sources/main.o
 .debug_frame   0x00000380       0x7c ./Sources/mqx_tasks.o
 .debug_frame   0x000003fc       0xbc ./Project_Settings/Startup_Code/startup.o
 .debug_frame   0x000004b8       0x28 ./MQXLITE/psp/cortex_m/int_inst.o
 .debug_frame   0x000004e0       0x30 ./MQXLITE/psp/cortex_m/int_vtab.o
 .debug_frame   0x00000510       0x2c ./MQXLITE/psp/cortex_m/mem_zero.o
 .debug_frame   0x0000053c       0x28 ./MQXLITE/psp/cortex_m/psp_iinit.o
 .debug_frame   0x00000564       0x30 ./MQXLITE/psp/cortex_m/psp_tinm.o
 .debug_frame   0x00000594       0x4c ./MQXLITE/psp/cortex_m/sc_irdyq.o
 .debug_frame   0x000005e0       0x2c ./MQXLITE/psp/cortex_m/stack_bu.o
 .debug_frame   0x0000060c       0x20 ./MQXLITE/psp/cortex_m/stack_de.o
 .debug_frame   0x0000062c       0x30 ./MQXLITE/kernel/idletask.o
 .debug_frame   0x0000065c      0x17c ./MQXLITE/kernel/int.o
 .debug_frame   0x000007d8      0x370 ./MQXLITE/kernel/lwmem.o
 .debug_frame   0x00000b48      0x18c ./MQXLITE/kernel/lwsem.o
 .debug_frame   0x00000cd4       0xb4 ./MQXLITE/kernel/mqx_utils.o
 .debug_frame   0x00000d88       0x6c ./MQXLITE/kernel/mqxlite.o
 .debug_frame   0x00000df4      0x40c ./MQXLITE/kernel/task.o
 .debug_frame   0x00001200      0x208 ./MQXLITE/kernel/time_ticks.o
 .debug_frame   0x00001408       0x6c ./Generated_Code/Cpu.o
 .debug_frame   0x00001474      0x120 ./Generated_Code/I2C1.o
 .debug_frame   0x00001594       0xac ./Generated_Code/MQX1.o
 .debug_frame   0x00001640       0x50 ./Generated_Code/PE_LDD.o
 .debug_frame   0x00001690       0x4c ./Generated_Code/SegLCD1.o
 .debug_frame   0x000016dc       0xc4 ./Generated_Code/SystemTimer1.o
 .debug_frame   0x000017a0       0x8c ./Generated_Code/USART0_DEBUG.o
