Archive member included because of file (symbol)

C:/TI/Energia/energiaWorkspace/lplm4f120h5qr_WiFi/Debug\liblplm4f120h5qr_WiFi.a(TCPclient.o)
                              ./WeatherStationWIFI.o (WiFiClient::read())
C:/TI/Energia/energiaWorkspace/lplm4f120h5qr_WiFi/Debug\liblplm4f120h5qr_WiFi.a(WiFi.o)
                              ./WeatherStationWIFI.o (WiFiClass::setCSpin(unsigned char))
C:/TI/Energia/energiaWorkspace/lplm4f120h5qr_WiFi/Debug\liblplm4f120h5qr_WiFi.a(board.o)
                              C:/TI/Energia/energiaWorkspace/lplm4f120h5qr_WiFi/Debug\liblplm4f120h5qr_WiFi.a(WiFi.o) (pio_init)
C:/TI/Energia/energiaWorkspace/lplm4f120h5qr_WiFi/Debug\liblplm4f120h5qr_WiFi.a(netapp.o)
                              C:/TI/Energia/energiaWorkspace/lplm4f120h5qr_WiFi/Debug\liblplm4f120h5qr_WiFi.a(WiFi.o) (netapp_dhcp)
C:/TI/Energia/energiaWorkspace/lplm4f120h5qr_WiFi/Debug\liblplm4f120h5qr_WiFi.a(nvmem.o)
                              C:/TI/Energia/energiaWorkspace/lplm4f120h5qr_WiFi/Debug\liblplm4f120h5qr_WiFi.a(WiFi.o) (nvmem_read)
C:/TI/Energia/energiaWorkspace/lplm4f120h5qr_WiFi/Debug\liblplm4f120h5qr_WiFi.a(patch.o)
                              C:/TI/Energia/energiaWorkspace/lplm4f120h5qr_WiFi/Debug\liblplm4f120h5qr_WiFi.a(WiFi.o) (sendDriverPatch)
C:/TI/Energia/energiaWorkspace/lplm4f120h5qr_WiFi/Debug\liblplm4f120h5qr_WiFi.a(security.o)
                              C:/TI/Energia/energiaWorkspace/lplm4f120h5qr_WiFi/Debug\liblplm4f120h5qr_WiFi.a(WiFi.o) (aes_write_key)
C:/TI/Energia/energiaWorkspace/lplm4f120h5qr_WiFi/Debug\liblplm4f120h5qr_WiFi.a(SimplelinkWifi.o)
                              C:/TI/Energia/energiaWorkspace/lplm4f120h5qr_WiFi/Debug\liblplm4f120h5qr_WiFi.a(WiFi.o) (CC3000_UsynchCallback)
C:/TI/Energia/energiaWorkspace/lplm4f120h5qr_WiFi/Debug\liblplm4f120h5qr_WiFi.a(socket.o)
                              C:/TI/Energia/energiaWorkspace/lplm4f120h5qr_WiFi/Debug\liblplm4f120h5qr_WiFi.a(TCPclient.o) (socket)
C:/TI/Energia/energiaWorkspace/lplm4f120h5qr_WiFi/Debug\liblplm4f120h5qr_WiFi.a(wlan.o)
                              C:/TI/Energia/energiaWorkspace/lplm4f120h5qr_WiFi/Debug\liblplm4f120h5qr_WiFi.a(netapp.o) (tSLInformation)
C:/TI/Energia/energiaWorkspace/lplm4f120h5qr_WiFi/Debug\liblplm4f120h5qr_WiFi.a(spi.o)
                              C:/TI/Energia/energiaWorkspace/lplm4f120h5qr_WiFi/Debug\liblplm4f120h5qr_WiFi.a(wlan.o) (SpiClose)
C:/TI/Energia/energiaWorkspace/lplm4f120h5qr_WiFi/Debug\liblplm4f120h5qr_WiFi.a(cc3000_common.o)
                              C:/TI/Energia/energiaWorkspace/lplm4f120h5qr_WiFi/Debug\liblplm4f120h5qr_WiFi.a(netapp.o) (UINT32_TO_STREAM_f)
C:/TI/Energia/energiaWorkspace/lplm4f120h5qr_WiFi/Debug\liblplm4f120h5qr_WiFi.a(evnt_handler.o)
                              C:/TI/Energia/energiaWorkspace/lplm4f120h5qr_WiFi/Debug\liblplm4f120h5qr_WiFi.a(socket.o) (set_socket_active_status)
C:/TI/Energia/energiaWorkspace/lplm4f120h5qr_WiFi/Debug\liblplm4f120h5qr_WiFi.a(hci.o)
                              C:/TI/Energia/energiaWorkspace/lplm4f120h5qr_WiFi/Debug\liblplm4f120h5qr_WiFi.a(netapp.o) (hci_command_send)
C:/TI/Energia/energiaWorkspace/lplm4f120h5qr_SPI/Debug\liblplm4f120h5qr_SPI.a(SPI.o)
                              C:/TI/Energia/energiaWorkspace/lplm4f120h5qr_WiFi/Debug\liblplm4f120h5qr_WiFi.a(spi.o) (SPIClass::begin())
C:/TI/Energia/energiaWorkspace/lplm4f120h5qr_core/Debug\liblplm4f120h5qr_core.a(startup_gcc.o)
                              (ResetISR)
C:/TI/Energia/energiaWorkspace/lplm4f120h5qr_core/Debug\liblplm4f120h5qr_core.a(sysctl.o)
                              C:/TI/Energia/energiaWorkspace/lplm4f120h5qr_SPI/Debug\liblplm4f120h5qr_SPI.a(SPI.o) (SysCtlClockGet)
C:/TI/Energia/energiaWorkspace/lplm4f120h5qr_core/Debug\liblplm4f120h5qr_core.a(WInterrupts.o)
                              C:/TI/Energia/energiaWorkspace/lplm4f120h5qr_core/Debug\liblplm4f120h5qr_core.a(startup_gcc.o) (GPIOAIntHandler)
C:/TI/Energia/energiaWorkspace/lplm4f120h5qr_core/Debug\liblplm4f120h5qr_core.a(wiring.o)
                              ./WeatherStationWIFI.o (millis)
C:/TI/Energia/energiaWorkspace/lplm4f120h5qr_core/Debug\liblplm4f120h5qr_core.a(wiring_digital.o)
                              ./WeatherStationWIFI.o (pinMode)
C:/TI/Energia/energiaWorkspace/lplm4f120h5qr_core/Debug\liblplm4f120h5qr_core.a(HardwareSerial.o)
                              ./WeatherStationWIFI.o (HardwareSerial::write(unsigned char))
C:/TI/Energia/energiaWorkspace/lplm4f120h5qr_core/Debug\liblplm4f120h5qr_core.a(IPAddress.o)
                              C:/TI/Energia/energiaWorkspace/lplm4f120h5qr_WiFi/Debug\liblplm4f120h5qr_WiFi.a(TCPclient.o) (IPAddress::IPAddress())
C:/TI/Energia/energiaWorkspace/lplm4f120h5qr_core/Debug\liblplm4f120h5qr_core.a(main.o)
                              C:/TI/Energia/energiaWorkspace/lplm4f120h5qr_core/Debug\liblplm4f120h5qr_core.a(startup_gcc.o) (_init)
C:/TI/Energia/energiaWorkspace/lplm4f120h5qr_core/Debug\liblplm4f120h5qr_core.a(new.o)
[...]
Memory Configuration

Name             Origin             Length             Attributes
flash            0x00000000         0x00040000         xr
ram              0x20000000         0x00008000         xrw
*default*        0x00000000         0xffffffff

Linker script and memory map

LOAD ./WeatherStationWIFI.o
START GROUP

.text           0x00000000     0x4c5c
                0x00000000                . = ALIGN (0x4)
                0x00000000                _text = .
 *(.isr_vector)
 .isr_vector    0x00000000      0x26c C:/TI/Energia/energiaWorkspace/lplm4f120h5qr_core/Debug\liblplm4f120h5qr_core.a(startup_gcc.o)
                0x00000000                g_pfnVectors
 *(.text .text* .gnu.linkonce.t.*)
 .text.setup    0x0000026c      0x108 ./WeatherStationWIFI.o
                0x0000026c                setup
 .text.startup._GLOBAL__sub_I_lastConnectionTime
                0x00000374       0x28 ./WeatherStationWIFI.o
 .text.loop     0x0000039c      0x104 ./WeatherStationWIFI.o
                0x0000039c                loop
 .text._ZN6Client10sslConnectEPKct
                0x000004a0        0x6 C:/TI/Energia/energiaWorkspace/lplm4f120h5qr_WiFi/Debug\liblplm4f120h5qr_WiFi.a(TCPclient.o)
                0x000004a0                Client::sslConnect(char const*, unsigned short)
 .text._ZN6Client10sslConnectE9IPAddresst
                0x000004a6        0x6 C:/TI/Energia/energiaWorkspace/lplm4f120h5qr_WiFi/Debug\liblplm4f120h5qr_WiFi.a(TCPclient.o)
                0x000004a6                Client::sslConnect(IPAddress, unsigned short)
 .text._ZN10WiFiClient4readEPhj
                0x000004ac       0x2a C:/TI/Energia/energiaWorkspace/lplm4f120h5qr_WiFi/Debug\liblplm4f120h5qr_WiFi.a(TCPclient.o)
                0x000004ac                WiFiClient::read(unsigned char*, unsigned int)
 .text._ZN10WiFiClient4peekEv
                0x000004d6       0x14 C:/TI/Energia/energiaWorkspace/lplm4f120h5qr_WiFi/Debug\liblplm4f120h5qr_WiFi.a(TCPclient.o)
                0x000004d6                WiFiClient::peek()
 .text._ZN10WiFiClient5flushEv
                0x000004ea       0x1a C:/TI/Energia/energiaWorkspace/lplm4f120h5qr_WiFi/Debug\liblplm4f120h5qr_WiFi.a(TCPclient.o)
                0x000004ea                WiFiClient::flush()
 .text._ZN10WiFiClient4readEv
                0x00000504       0x2a C:/TI/Energia/energiaWorkspace/lplm4f120h5qr_WiFi/Debug\liblplm4f120h5qr_WiFi.a(TCPclient.o)
                0x00000504                WiFiClient::read()
 *fill*         0x0000052e        0x2 
 .text._ZN10WiFiClient9connectedEv
                0x00000530       0x38 C:/TI/Energia/energiaWorkspace/lplm4f120h5qr_WiFi/Debug\liblplm4f120h5qr_WiFi.a(TCPclient.o)
                0x00000530                WiFiClient::connected()
 .text._ZN10WiFiClientcvbEv
                0x00000568        0xa C:/TI/Energia/energiaWorkspace/lplm4f120h5qr_WiFi/Debug\liblplm4f120h5qr_WiFi.a(TCPclient.o)
                0x00000568                WiFiClient::operator bool()
 *fill*         0x00000572        0x2 
 .text._ZN10WiFiClient9availableEv
                0x00000574       0x88 C:/TI/Energia/energiaWorkspace/lplm4f120h5qr_WiFi/Debug\liblplm4f120h5qr_WiFi.a(TCPclient.o)
                0x00000574                WiFiClient::available()
 .text._ZN10WiFiClient7connectEPKct
                0x000005fc       0x40 C:/TI/Energia/energiaWorkspace/lplm4f120h5qr_WiFi/Debug\liblplm4f120h5qr_WiFi.a(TCPclient.o)
                0x000005fc                WiFiClient::connect(char const*, unsigned short)
 .text._ZN10WiFiClient5writeEh
                0x0000063c       0x1c C:/TI/Energia/energiaWorkspace/lplm4f120h5qr_WiFi/Debug\liblplm4f120h5qr_WiFi.a(TCPclient.o)
                0x0000063c                WiFiClient::write(unsigned char)
 .text._ZN10WiFiClient5writeEPKhj
                0x00000658       0x2c C:/TI/Energia/energiaWorkspace/lplm4f120h5qr_WiFi/Debug\liblplm4f120h5qr_WiFi.a(TCPclient.o)
                0x00000658                WiFiClient::write(unsigned char const*, unsigned int)
 .text._ZN10WiFiClient4stopEv
                0x00000684       0x40 C:/TI/Energia/energiaWorkspace/lplm4f120h5qr_WiFi/Debug\liblplm4f120h5qr_WiFi.a(TCPclient.o)
                0x00000684                WiFiClient::stop()
 .text._ZN10WiFiClient7connectE9IPAddresst
                0x000006c4       0x78 C:/TI/Energia/energiaWorkspace/lplm4f120h5qr_WiFi/Debug\liblplm4f120h5qr_WiFi.a(TCPclient.o)
                0x000006c4                WiFiClient::connect(IPAddress, unsigned short)
 .text._ZN10WiFiClientC2Ev
                0x0000073c       0x20 C:/TI/Energia/energiaWorkspace/lplm4f120h5qr_WiFi/Debug\liblplm4f120h5qr_WiFi.a(TCPclient.o)
                0x0000073c                WiFiClient::WiFiClient()
                0x0000073c                WiFiClient::WiFiClient()
 .text._ZN9WiFiClass8setCSpinEh
                0x0000075c        0xc C:/TI/Energia/energiaWorkspace/lplm4f120h5qr_WiFi/Debug\liblplm4f120h5qr_WiFi.a(WiFi.o)
                0x0000075c                WiFiClass::setCSpin(unsigned char)
 .text._ZN9WiFiClass8setENpinEh
                0x00000768        0xc C:/TI/Energia/energiaWorkspace/lplm4f120h5qr_WiFi/Debug\liblplm4f120h5qr_WiFi.a(WiFi.o)
                0x00000768                WiFiClass::setENpin(unsigned char)
 .text._ZN9WiFiClass9setIRQpinEh
                0x00000774        0xc C:/TI/Energia/energiaWorkspace/lplm4f120h5qr_WiFi/Debug\liblplm4f120h5qr_WiFi.a(WiFi.o)
                0x00000774                WiFiClass::setIRQpin(unsigned char)
 .text._ZN9WiFiClass4initEv
                0x00000780       0x24 C:/TI/Energia/energiaWorkspace/lplm4f120h5qr_WiFi/Debug\liblplm4f120h5qr_WiFi.a(WiFi.o)
                0x00000780                WiFiClass::init()
 .text._ZN9WiFiClass5beginEPcPKc
                0x000007a4       0xa8 C:/TI/Energia/energiaWorkspace/lplm4f120h5qr_WiFi/Debug\liblplm4f120h5qr_WiFi.a(WiFi.o)
                0x000007a4                WiFiClass::begin(char*, char const*)
 .text._ZN9WiFiClass5beginEi
                0x0000084c       0x90 C:/TI/Energia/energiaWorkspace/lplm4f120h5qr_WiFi/Debug\liblplm4f120h5qr_WiFi.a(WiFi.o)
                0x0000084c                WiFiClass::begin(int)
 .text._ZN9WiFiClass5beginEv
                0x000008dc        0x6 C:/TI/Energia/energiaWorkspace/lplm4f120h5qr_WiFi/Debug\liblplm4f120h5qr_WiFi.a(WiFi.o)
                0x000008dc                WiFiClass::begin()
 .text._ZN9WiFiClass7localIPEv
                0x000008e2       0x2a C:/TI/Energia/energiaWorkspace/lplm4f120h5qr_WiFi/Debug\liblplm4f120h5qr_WiFi.a(WiFi.o)
                0x000008e2                WiFiClass::localIP()
 .text._ZN9WiFiClass4SSIDEv
                0x0000090c       0x14 C:/TI/Energia/energiaWorkspace/lplm4f120h5qr_WiFi/Debug\liblplm4f120h5qr_WiFi.a(WiFi.o)
                0x0000090c                WiFiClass::SSID()
 .text._ZN9WiFiClass10hostByNameEPKcR9IPAddress
                0x00000920       0x28 C:/TI/Energia/energiaWorkspace/lplm4f120h5qr_WiFi/Debug\liblplm4f120h5qr_WiFi.a(WiFi.o)
                0x00000920                WiFiClass::hostByName(char const*, IPAddress&)
 .text._ZN9WiFiClass16startSmartConfigEv
                0x00000948       0xa4 C:/TI/Energia/energiaWorkspace/lplm4f120h5qr_WiFi/Debug\liblplm4f120h5qr_WiFi.a(WiFi.o)
                0x00000948                WiFiClass::startSmartConfig()
 .text._ZN9WiFiClass11countSocketEb
                0x000009ec       0x20 C:/TI/Energia/energiaWorkspace/lplm4f120h5qr_WiFi/Debug\liblplm4f120h5qr_WiFi.a(WiFi.o)
                0x000009ec                WiFiClass::countSocket(bool)
 .text.pio_init
                0x00000a0c       0x48 C:/TI/Energia/energiaWorkspace/lplm4f120h5qr_WiFi/Debug\liblplm4f120h5qr_WiFi.a(board.o)
                0x00000a0c                pio_init
 .text.ReadWlanInterruptPin
                0x00000a54        0xc C:/TI/Energia/energiaWorkspace/lplm4f120h5qr_WiFi/Debug\liblplm4f120h5qr_WiFi.a(board.o)
                0x00000a54                ReadWlanInterruptPin
 .text.WlanInterruptEnable
                0x00000a60       0x28 C:/TI/Energia/energiaWorkspace/lplm4f120h5qr_WiFi/Debug\liblplm4f120h5qr_WiFi.a(board.o)
                0x00000a60                WlanInterruptEnable
 .text.WlanInterruptDisable
                0x00000a88        0xc C:/TI/Energia/energiaWorkspace/lplm4f120h5qr_WiFi/Debug\liblplm4f120h5qr_WiFi.a(board.o)
                0x00000a88                WlanInterruptDisable
 .text.WriteWlanPin
                0x00000a94       0x14 C:/TI/Energia/energiaWorkspace/lplm4f120h5qr_WiFi/Debug\liblplm4f120h5qr_WiFi.a(board.o)
                0x00000a94                WriteWlanPin
 .text.netapp_timeout_values
                0x00000aa8       0x8c C:/TI/Energia/energiaWorkspace/lplm4f120h5qr_WiFi/Debug\liblplm4f120h5qr_WiFi.a(netapp.o)
                0x00000aa8                netapp_timeout_values
 .text.netapp_ipconfig
                0x00000b34       0x24 C:/TI/Energia/energiaWorkspace/lplm4f120h5qr_WiFi/Debug\liblplm4f120h5qr_WiFi.a(netapp.o)
                0x00000b34                netapp_ipconfig
 .text.nvmem_read
                0x00000b58       0x5c C:/TI/Energia/energiaWorkspace/lplm4f120h5qr_WiFi/Debug\liblplm4f120h5qr_WiFi.a(nvmem.o)
                0x00000b58                nvmem_read
 .text.nvmem_write
                0x00000bb4       0x64 C:/TI/Energia/energiaWorkspace/lplm4f120h5qr_WiFi/Debug\liblplm4f120h5qr_WiFi.a(nvmem.o)
                0x00000bb4                nvmem_write
 .text.nvmem_create_entry
                0x00000c18       0x40 C:/TI/Energia/energiaWorkspace/lplm4f120h5qr_WiFi/Debug\liblplm4f120h5qr_WiFi.a(nvmem.o)
                0x00000c18                nvmem_create_entry
 .text.sendDriverPatch
                0x00000c58        0x8 C:/TI/Energia/energiaWorkspace/lplm4f120h5qr_WiFi/Debug\liblplm4f120h5qr_WiFi.a(patch.o)
                0x00000c58                sendDriverPatch
 .text.sendBootLoaderPatch
                0x00000c60        0x8 C:/TI/Energia/energiaWorkspace/lplm4f120h5qr_WiFi/Debug\liblplm4f120h5qr_WiFi.a(patch.o)
                0x00000c60                sendBootLoaderPatch
 .text.sendWLFWPatch
                0x00000c68        0x8 C:/TI/Energia/energiaWorkspace/lplm4f120h5qr_WiFi/Debug\liblplm4f120h5qr_WiFi.a(patch.o)
                0x00000c68                sendWLFWPatch
 .text.expandKey
                0x00000c70       0xe4 C:/TI/Energia/energiaWorkspace/lplm4f120h5qr_WiFi/Debug\liblplm4f120h5qr_WiFi.a(security.o)
                0x00000c70                expandKey
 .text.galois_mul2
                0x00000d54       0x12 C:/TI/Energia/energiaWorkspace/lplm4f120h5qr_WiFi/Debug\liblplm4f120h5qr_WiFi.a(security.o)
                0x00000d54                galois_mul2
 *fill*         0x00000d66        0x2 
 .text.aes_decr
                0x00000d68      0x5b0 C:/TI/Energia/energiaWorkspace/lplm4f120h5qr_WiFi/Debug\liblplm4f120h5qr_WiFi.a(security.o)
                0x00000d68                aes_decr
 .text.aes_decrypt
                0x00001318       0x1c C:/TI/Energia/energiaWorkspace/lplm4f120h5qr_WiFi/Debug\liblplm4f120h5qr_WiFi.a(security.o)
                0x00001318                aes_decrypt
 .text.aes_read_key
                0x00001334        0xc C:/TI/Energia/energiaWorkspace/lplm4f120h5qr_WiFi/Debug\liblplm4f120h5qr_WiFi.a(security.o)
                0x00001334                aes_read_key
 .text.aes_write_key
                0x00001340        0xc C:/TI/Energia/energiaWorkspace/lplm4f120h5qr_WiFi/Debug\liblplm4f120h5qr_WiFi.a(security.o)
                0x00001340                aes_write_key
 .text.CC3000_UsynchCallback
                0x0000134c       0xa8 C:/TI/Energia/energiaWorkspace/lplm4f120h5qr_WiFi/Debug\liblplm4f120h5qr_WiFi.a(SimplelinkWifi.o)
                0x0000134c                CC3000_UsynchCallback
 .text.HostFlowControlConsumeBuff
                0x000013f4       0x44 C:/TI/Energia/energiaWorkspace/lplm4f120h5qr_WiFi/Debug\liblplm4f120h5qr_WiFi.a(socket.o)
                0x000013f4                HostFlowControlConsumeBuff
 .text.socket   0x00001438       0x5c C:/TI/Energia/energiaWorkspace/lplm4f120h5qr_WiFi/Debug\liblplm4f120h5qr_WiFi.a(socket.o)
                0x00001438                socket
 .text.closesocket
                0x00001494       0x4c C:/TI/Energia/energiaWorkspace/lplm4f120h5qr_WiFi/Debug\liblplm4f120h5qr_WiFi.a(socket.o)
                0x00001494                closesocket
 .text.gethostbyname
                0x000014e0       0x70 C:/TI/Energia/energiaWorkspace/lplm4f120h5qr_WiFi/Debug\liblplm4f120h5qr_WiFi.a(socket.o)
                0x000014e0                gethostbyname
 .text.sl_connect
                0x00001550       0x5c C:/TI/Energia/energiaWorkspace/lplm4f120h5qr_WiFi/Debug\liblplm4f120h5qr_WiFi.a(socket.o)
                0x00001550                sl_connect
 .text.select   0x000015ac       0xd0 C:/TI/Energia/energiaWorkspace/lplm4f120h5qr_WiFi/Debug\liblplm4f120h5qr_WiFi.a(socket.o)
                0x000015ac                select
 .text.simple_link_recv
                0x0000167c       0x60 C:/TI/Energia/energiaWorkspace/lplm4f120h5qr_WiFi/Debug\liblplm4f120h5qr_WiFi.a(socket.o)
                0x0000167c                simple_link_recv
 .text.recv     0x000016dc       0x16 C:/TI/Energia/energiaWorkspace/lplm4f120h5qr_WiFi/Debug\liblplm4f120h5qr_WiFi.a(socket.o)
                0x000016dc                recv
 *fill*         0x000016f2        0x2 
 .text.simple_link_send
                0x000016f4       0xd8 C:/TI/Energia/energiaWorkspace/lplm4f120h5qr_WiFi/Debug\liblplm4f120h5qr_WiFi.a(socket.o)
                0x000016f4                simple_link_send
 .text.send     0x000017cc       0x14 C:/TI/Energia/energiaWorkspace/lplm4f120h5qr_WiFi/Debug\liblplm4f120h5qr_WiFi.a(socket.o)
                0x000017cc                send
 .text.SpiReceiveHandler
                0x000017e0       0x10 C:/TI/Energia/energiaWorkspace/lplm4f120h5qr_WiFi/Debug\liblplm4f120h5qr_WiFi.a(wlan.o)
                0x000017e0                SpiReceiveHandler
 .text.wlan_init
                0x000017f0       0x28 C:/TI/Energia/energiaWorkspace/lplm4f120h5qr_WiFi/Debug\liblplm4f120h5qr_WiFi.a(wlan.o)
                0x000017f0                wlan_init
 .text.wlan_start
                0x00001818       0x94 C:/TI/Energia/energiaWorkspace/lplm4f120h5qr_WiFi/Debug\liblplm4f120h5qr_WiFi.a(wlan.o)
                0x00001818                wlan_start
 .text.wlan_stop
                0x000018ac       0x2c C:/TI/Energia/energiaWorkspace/lplm4f120h5qr_WiFi/Debug\liblplm4f120h5qr_WiFi.a(wlan.o)
                0x000018ac                wlan_stop
 .text.wlan_connect
                0x000018d8       0xcc C:/TI/Energia/energiaWorkspace/lplm4f120h5qr_WiFi/Debug\liblplm4f120h5qr_WiFi.a(wlan.o)
                0x000018d8                wlan_connect
 .text.wlan_ioctl_set_connection_policy
                0x000019a4       0x48 C:/TI/Energia/energiaWorkspace/lplm4f120h5qr_WiFi/Debug\liblplm4f120h5qr_WiFi.a(wlan.o)
                0x000019a4                wlan_ioctl_set_connection_policy
 .text.wlan_add_profile
                0x000019ec      0x1cc C:/TI/Energia/energiaWorkspace/lplm4f120h5qr_WiFi/Debug\liblplm4f120h5qr_WiFi.a(wlan.o)
                0x000019ec                wlan_add_profile
 .text.wlan_ioctl_del_profile
                0x00001bb8       0x38 C:/TI/Energia/energiaWorkspace/lplm4f120h5qr_WiFi/Debug\liblplm4f120h5qr_WiFi.a(wlan.o)
                0x00001bb8                wlan_ioctl_del_profile
 .text.wlan_set_event_mask
                0x00001bf0       0x64 C:/TI/Energia/energiaWorkspace/lplm4f120h5qr_WiFi/Debug\liblplm4f120h5qr_WiFi.a(wlan.o)
                0x00001bf0                wlan_set_event_mask
 .text.wlan_smart_config_start
                0x00001c54       0x38 C:/TI/Energia/energiaWorkspace/lplm4f120h5qr_WiFi/Debug\liblplm4f120h5qr_WiFi.a(wlan.o)
                0x00001c54                wlan_smart_config_start
 .text.wlan_smart_config_set_prefix
                0x00001c8c       0x40 C:/TI/Energia/energiaWorkspace/lplm4f120h5qr_WiFi/Debug\liblplm4f120h5qr_WiFi.a(wlan.o)
                0x00001c8c                wlan_smart_config_set_prefix
 .text.wlan_smart_config_process
                0x00001ccc       0xc8 C:/TI/Energia/energiaWorkspace/lplm4f120h5qr_WiFi/Debug\liblplm4f120h5qr_WiFi.a(wlan.o)
                0x00001ccc                wlan_smart_config_process
 .text.SpiClose
                0x00001d94       0x1c C:/TI/Energia/energiaWorkspace/lplm4f120h5qr_WiFi/Debug\liblplm4f120h5qr_WiFi.a(spi.o)
                0x00001d94                SpiClose
 .text.SpiOpen  0x00001db0       0x38 C:/TI/Energia/energiaWorkspace/lplm4f120h5qr_WiFi/Debug\liblplm4f120h5qr_WiFi.a(spi.o)
                0x00001db0                SpiOpen
 .text.init_spi
                0x00001de8       0x30 C:/TI/Energia/energiaWorkspace/lplm4f120h5qr_WiFi/Debug\liblplm4f120h5qr_WiFi.a(spi.o)
                0x00001de8                init_spi
 .text._Z23SpiWriteDataSynchronousPht
                0x00001e18       0x20 C:/TI/Energia/energiaWorkspace/lplm4f120h5qr_WiFi/Debug\liblplm4f120h5qr_WiFi.a(spi.o)
                0x00001e18                SpiWriteDataSynchronous(unsigned char*, unsigned short)
 .text._Z13SpiFirstWritePht
                0x00001e38       0x48 C:/TI/Energia/energiaWorkspace/lplm4f120h5qr_WiFi/Debug\liblplm4f120h5qr_WiFi.a(spi.o)
                0x00001e38                SpiFirstWrite(unsigned char*, unsigned short)
 .text.SpiWrite
                0x00001e80       0xbc C:/TI/Energia/energiaWorkspace/lplm4f120h5qr_WiFi/Debug\liblplm4f120h5qr_WiFi.a(spi.o)
                0x00001e80                SpiWrite
 .text._Z22SpiReadDataSynchronousPht
                0x00001f3c       0x30 C:/TI/Energia/energiaWorkspace/lplm4f120h5qr_WiFi/Debug\liblplm4f120h5qr_WiFi.a(spi.o)
                0x00001f3c                SpiReadDataSynchronous(unsigned char*, unsigned short)
 .text._Z13SpiReadHeaderv
                0x00001f6c       0x10 C:/TI/Energia/energiaWorkspace/lplm4f120h5qr_WiFi/Debug\liblplm4f120h5qr_WiFi.a(spi.o)
                0x00001f6c                SpiReadHeader()
 .text._Z15SpiReadDataContv
                0x00001f7c       0x58 C:/TI/Energia/energiaWorkspace/lplm4f120h5qr_WiFi/Debug\liblplm4f120h5qr_WiFi.a(spi.o)
                0x00001f7c                SpiReadDataCont()
 .text._Z11SpiPauseSpiv
                0x00001fd4        0xc C:/TI/Energia/energiaWorkspace/lplm4f120h5qr_WiFi/Debug\liblplm4f120h5qr_WiFi.a(spi.o)
                0x00001fd4                SpiPauseSpi()
 .text.SpiResumeSpi
                0x00001fe0       0x10 C:/TI/Energia/energiaWorkspace/lplm4f120h5qr_WiFi/Debug\liblplm4f120h5qr_WiFi.a(spi.o)
                0x00001fe0                SpiResumeSpi
 .text._Z22SpiTriggerRxProcessingv
                0x00001ff0       0x34 C:/TI/Energia/energiaWorkspace/lplm4f120h5qr_WiFi/Debug\liblplm4f120h5qr_WiFi.a(spi.o)
                0x00001ff0                SpiTriggerRxProcessing()
 .text._Z20SSIContReadOperationv
                0x00002024       0x20 C:/TI/Energia/energiaWorkspace/lplm4f120h5qr_WiFi/Debug\liblplm4f120h5qr_WiFi.a(spi.o)
                0x00002024                SSIContReadOperation()
 .text.IntSpiGPIOHandler
                0x00002044       0x58 C:/TI/Energia/energiaWorkspace/lplm4f120h5qr_WiFi/Debug\liblplm4f120h5qr_WiFi.a(spi.o)
                0x00002044                IntSpiGPIOHandler
 .text.UINT32_TO_STREAM_f
                0x0000209c       0x12 C:/TI/Energia/energiaWorkspace/lplm4f120h5qr_WiFi/Debug\liblplm4f120h5qr_WiFi.a(cc3000_common.o)
                0x0000209c                UINT32_TO_STREAM_f
 .text.UINT16_TO_STREAM_f
                0x000020ae        0xa C:/TI/Energia/energiaWorkspace/lplm4f120h5qr_WiFi/Debug\liblplm4f120h5qr_WiFi.a(cc3000_common.o)
                0x000020ae                UINT16_TO_STREAM_f
 .text.STREAM_TO_UINT16_f
                0x000020b8        0xc C:/TI/Energia/energiaWorkspace/lplm4f120h5qr_WiFi/Debug\liblplm4f120h5qr_WiFi.a(cc3000_common.o)
                0x000020b8                STREAM_TO_UINT16_f
 .text.STREAM_TO_UINT32_f
                0x000020c4       0x1a C:/TI/Energia/energiaWorkspace/lplm4f120h5qr_WiFi/Debug\liblplm4f120h5qr_WiFi.a(cc3000_common.o)
                0x000020c4                STREAM_TO_UINT32_f
 *fill*         0x000020de        0x2 
 .text.hci_unsol_handle_patch_request
                0x000020e0       0x88 C:/TI/Energia/energiaWorkspace/lplm4f120h5qr_WiFi/Debug\liblplm4f120h5qr_WiFi.a(evnt_handler.o)
                0x000020e0                hci_unsol_handle_patch_request
 .text.set_socket_active_status
                0x00002168       0x24 C:/TI/Energia/energiaWorkspace/lplm4f120h5qr_WiFi/Debug\liblplm4f120h5qr_WiFi.a(evnt_handler.o)
                0x00002168                set_socket_active_status
 .text.hci_event_unsol_flowcontrol_handler
                0x0000218c       0x7c C:/TI/Energia/energiaWorkspace/lplm4f120h5qr_WiFi/Debug\liblplm4f120h5qr_WiFi.a(evnt_handler.o)
 .text.hci_unsol_event_handler
                0x00002208      0x1d8 C:/TI/Energia/energiaWorkspace/lplm4f120h5qr_WiFi/Debug\liblplm4f120h5qr_WiFi.a(evnt_handler.o)
                0x00002208                hci_unsol_event_handler
 .text.hci_event_handler
                0x000023e0      0x390 C:/TI/Energia/energiaWorkspace/lplm4f120h5qr_WiFi/Debug\liblplm4f120h5qr_WiFi.a(evnt_handler.o)
                0x000023e0                hci_event_handler
 .text.hci_unsolicited_event_handler
                0x00002770       0x30 C:/TI/Energia/energiaWorkspace/lplm4f120h5qr_WiFi/Debug\liblplm4f120h5qr_WiFi.a(evnt_handler.o)
                0x00002770                hci_unsolicited_event_handler
 .text.get_socket_active_status
                0x000027a0       0x24 C:/TI/Energia/energiaWorkspace/lplm4f120h5qr_WiFi/Debug\liblplm4f120h5qr_WiFi.a(evnt_handler.o)
                0x000027a0                get_socket_active_status
 .text.SimpleLinkWaitEvent
                0x000027c4       0x14 C:/TI/Energia/energiaWorkspace/lplm4f120h5qr_WiFi/Debug\liblplm4f120h5qr_WiFi.a(evnt_handler.o)
                0x000027c4                SimpleLinkWaitEvent
 .text.SimpleLinkWaitData
                0x000027d8       0x14 C:/TI/Energia/energiaWorkspace/lplm4f120h5qr_WiFi/Debug\liblplm4f120h5qr_WiFi.a(evnt_handler.o)
                0x000027d8                SimpleLinkWaitData
 .text.hci_command_send
                0x000027ec       0x22 C:/TI/Energia/energiaWorkspace/lplm4f120h5qr_WiFi/Debug\liblplm4f120h5qr_WiFi.a(hci.o)
                0x000027ec                hci_command_send
 .text.hci_data_send
                0x0000280e       0x2e C:/TI/Energia/energiaWorkspace/lplm4f120h5qr_WiFi/Debug\liblplm4f120h5qr_WiFi.a(hci.o)
                0x0000280e                hci_data_send
 .text.hci_data_command_send
                0x0000283c       0x28 C:/TI/Energia/energiaWorkspace/lplm4f120h5qr_WiFi/Debug\liblplm4f120h5qr_WiFi.a(hci.o)
                0x0000283c                hci_data_command_send
 .text.hci_patch_send
                0x00002864       0xc8 C:/TI/Energia/energiaWorkspace/lplm4f120h5qr_WiFi/Debug\liblplm4f120h5qr_WiFi.a(hci.o)
                0x00002864                hci_patch_send
 .text._ZN8SPIClass5beginEv
                0x0000292c      0x104 C:/TI/Energia/energiaWorkspace/lplm4f120h5qr_SPI/Debug\liblplm4f120h5qr_SPI.a(SPI.o)
                0x0000292c                SPIClass::begin()
 .text._ZN8SPIClass11setBitOrderEh
                0x00002a30        0x2 C:/TI/Energia/energiaWorkspace/lplm4f120h5qr_SPI/Debug\liblplm4f120h5qr_SPI.a(SPI.o)
                0x00002a30                SPIClass::setBitOrder(unsigned char)
 *fill*         0x00002a32        0x2 
 .text._ZN8SPIClass11setDataModeEh
                0x00002a34       0x24 C:/TI/Energia/energiaWorkspace/lplm4f120h5qr_SPI/Debug\liblplm4f120h5qr_SPI.a(SPI.o)
                0x00002a34                SPIClass::setDataMode(unsigned char)
 .text._ZN8SPIClass8transferEh
                0x00002a58       0x48 C:/TI/Energia/energiaWorkspace/lplm4f120h5qr_SPI/Debug\liblplm4f120h5qr_SPI.a(SPI.o)
                0x00002a58                SPIClass::transfer(unsigned char)
 .text.startup._GLOBAL__sub_I__ZN8SPIClassC2Ev
                0x00002aa0        0xc C:/TI/Energia/energiaWorkspace/lplm4f120h5qr_SPI/Debug\liblplm4f120h5qr_SPI.a(SPI.o)
 .text.ToneIntHandler
                0x00002aac        0x2 C:/TI/Energia/energiaWorkspace/lplm4f120h5qr_core/Debug\liblplm4f120h5qr_core.a(startup_gcc.o)
                0x00002aac                ToneIntHandler
 .text.I2CIntHandler
                0x00002aae        0x2 C:/TI/Energia/energiaWorkspace/lplm4f120h5qr_core/Debug\liblplm4f120h5qr_core.a(startup_gcc.o)
                0x00002aae                I2CIntHandler
 .text.NmiSR    0x00002ab0        0x2 C:/TI/Energia/energiaWorkspace/lplm4f120h5qr_core/Debug\liblplm4f120h5qr_core.a(startup_gcc.o)
 .text.FaultISR
                0x00002ab2        0x2 C:/TI/Energia/energiaWorkspace/lplm4f120h5qr_core/Debug\liblplm4f120h5qr_core.a(startup_gcc.o)
 .text.IntDefaultHandler
                0x00002ab4        0x2 C:/TI/Energia/energiaWorkspace/lplm4f120h5qr_core/Debug\liblplm4f120h5qr_core.a(startup_gcc.o)
 *fill*         0x00002ab6        0x2 
 .text.ResetISR
                0x00002ab8       0x9c C:/TI/Energia/energiaWorkspace/lplm4f120h5qr_core/Debug\liblplm4f120h5qr_core.a(startup_gcc.o)
                0x00002ab8                ResetISR
 .text._sbrk    0x00002b54       0x2c C:/TI/Energia/energiaWorkspace/lplm4f120h5qr_core/Debug\liblplm4f120h5qr_core.a(startup_gcc.o)
                0x00002b54                _sbrk
 .text.SysCtlPeripheralReset
                0x00002b80       0x3c C:/TI/Energia/energiaWorkspace/lplm4f120h5qr_core/Debug\liblplm4f120h5qr_core.a(sysctl.o)
                0x00002b80                SysCtlPeripheralReset
 .text.SysCtlDelay
                0x00002bbc        0x8 C:/TI/Energia/energiaWorkspace/lplm4f120h5qr_core/Debug\liblplm4f120h5qr_core.a(sysctl.o)
                0x00002bbc                SysCtlDelay
 .text.SysCtlClockGet
                0x00002bc4       0xd0 C:/TI/Energia/energiaWorkspace/lplm4f120h5qr_core/Debug\liblplm4f120h5qr_core.a(sysctl.o)
                0x00002bc4                SysCtlClockGet
 .text.GPIOXIntHandler
                0x00002c94       0x2e C:/TI/Energia/energiaWorkspace/lplm4f120h5qr_core/Debug\liblplm4f120h5qr_core.a(WInterrupts.o)
                0x00002c94                GPIOXIntHandler
 *fill*         0x00002cc2        0x2 
 .text.GPIOAIntHandler
                0x00002cc4       0x10 C:/TI/Energia/energiaWorkspace/lplm4f120h5qr_core/Debug\liblplm4f120h5qr_core.a(WInterrupts.o)
                0x00002cc4                GPIOAIntHandler
 .text.GPIOBIntHandler
                0x00002cd4       0x10 C:/TI/Energia/energiaWorkspace/lplm4f120h5qr_core/Debug\liblplm4f120h5qr_core.a(WInterrupts.o)
                0x00002cd4                GPIOBIntHandler
 .text.GPIOCIntHandler
                0x00002ce4       0x10 C:/TI/Energia/energiaWorkspace/lplm4f120h5qr_core/Debug\liblplm4f120h5qr_core.a(WInterrupts.o)
                0x00002ce4                GPIOCIntHandler
 .text.GPIODIntHandler
                0x00002cf4       0x10 C:/TI/Energia/energiaWorkspace/lplm4f120h5qr_core/Debug\liblplm4f120h5qr_core.a(WInterrupts.o)
                0x00002cf4                GPIODIntHandler
 .text.GPIOEIntHandler
                0x00002d04       0x10 C:/TI/Energia/energiaWorkspace/lplm4f120h5qr_core/Debug\liblplm4f120h5qr_core.a(WInterrupts.o)
                0x00002d04                GPIOEIntHandler
 .text.GPIOFIntHandler
                0x00002d14       0x10 C:/TI/Energia/energiaWorkspace/lplm4f120h5qr_core/Debug\liblplm4f120h5qr_core.a(WInterrupts.o)
                0x00002d14                GPIOFIntHandler
 .text.GPIOGIntHandler
                0x00002d24       0x10 C:/TI/Energia/energiaWorkspace/lplm4f120h5qr_core/Debug\liblplm4f120h5qr_core.a(WInterrupts.o)
                0x00002d24                GPIOGIntHandler
 .text.GPIOHIntHandler
                0x00002d34       0x10 C:/TI/Energia/energiaWorkspace/lplm4f120h5qr_core/Debug\liblplm4f120h5qr_core.a(WInterrupts.o)
                0x00002d34                GPIOHIntHandler
 .text.GPIOJIntHandler
                0x00002d44       0x10 C:/TI/Energia/energiaWorkspace/lplm4f120h5qr_core/Debug\liblplm4f120h5qr_core.a(WInterrupts.o)
                0x00002d44                GPIOJIntHandler
 .text.GPIOKIntHandler
                0x00002d54       0x10 C:/TI/Energia/energiaWorkspace/lplm4f120h5qr_core/Debug\liblplm4f120h5qr_core.a(WInterrupts.o)
                0x00002d54                GPIOKIntHandler
 .text.GPIOLIntHandler
                0x00002d64       0x10 C:/TI/Energia/energiaWorkspace/lplm4f120h5qr_core/Debug\liblplm4f120h5qr_core.a(WInterrupts.o)
                0x00002d64                GPIOLIntHandler
 .text.GPIOMIntHandler
                0x00002d74       0x10 C:/TI/Energia/energiaWorkspace/lplm4f120h5qr_core/Debug\liblplm4f120h5qr_core.a(WInterrupts.o)
                0x00002d74                GPIOMIntHandler
 .text.GPIONIntHandler
                0x00002d84       0x10 C:/TI/Energia/energiaWorkspace/lplm4f120h5qr_core/Debug\liblplm4f120h5qr_core.a(WInterrupts.o)
                0x00002d84                GPIONIntHandler
 .text.GPIOPIntHandler
                0x00002d94       0x10 C:/TI/Energia/energiaWorkspace/lplm4f120h5qr_core/Debug\liblplm4f120h5qr_core.a(WInterrupts.o)
                0x00002d94                GPIOPIntHandler
 .text.GPIOQIntHandler
                0x00002da4       0x10 C:/TI/Energia/energiaWorkspace/lplm4f120h5qr_core/Debug\liblplm4f120h5qr_core.a(WInterrupts.o)
                0x00002da4                GPIOQIntHandler
 .text.attachInterrupt
                0x00002db4      0x294 C:/TI/Energia/energiaWorkspace/lplm4f120h5qr_core/Debug\liblplm4f120h5qr_core.a(WInterrupts.o)
                0x00002db4                attachInterrupt
 .text.detachInterrupt
                0x00003048      0x17c C:/TI/Energia/energiaWorkspace/lplm4f120h5qr_core/Debug\liblplm4f120h5qr_core.a(WInterrupts.o)
                0x00003048                detachInterrupt
 .text.timerInit
                0x000031c4       0x4c C:/TI/Energia/energiaWorkspace/lplm4f120h5qr_core/Debug\liblplm4f120h5qr_core.a(wiring.o)
                0x000031c4                timerInit
 .text.millis   0x00003210        0xc C:/TI/Energia/energiaWorkspace/lplm4f120h5qr_core/Debug\liblplm4f120h5qr_core.a(wiring.o)
                0x00003210                millis
 .text.delay    0x0000321c       0x18 C:/TI/Energia/energiaWorkspace/lplm4f120h5qr_core/Debug\liblplm4f120h5qr_core.a(wiring.o)
                0x0000321c                delay
 .text.delayMicroseconds
                0x00003234       0x50 C:/TI/Energia/energiaWorkspace/lplm4f120h5qr_core/Debug\liblplm4f120h5qr_core.a(wiring.o)
                0x00003234                delayMicroseconds
 .text.SysTickIntHandler
                0x00003284       0x28 C:/TI/Energia/energiaWorkspace/lplm4f120h5qr_core/Debug\liblplm4f120h5qr_core.a(wiring.o)
                0x00003284                SysTickIntHandler
 .text.pinMode  0x000032ac       0xb0 C:/TI/Energia/energiaWorkspace/lplm4f120h5qr_core/Debug\liblplm4f120h5qr_core.a(wiring_digital.o)
                0x000032ac                pinMode
 .text.digitalRead
                0x0000335c       0x38 C:/TI/Energia/energiaWorkspace/lplm4f120h5qr_core/Debug\liblplm4f120h5qr_core.a(wiring_digital.o)
                0x0000335c                digitalRead
 .text.digitalWrite
                0x00003394       0x38 C:/TI/Energia/energiaWorkspace/lplm4f120h5qr_core/Debug\liblplm4f120h5qr_core.a(wiring_digital.o)
                0x00003394                digitalWrite
 .text._ZN14HardwareSerial9availableEv
                0x000033cc       0x10 C:/TI/Energia/energiaWorkspace/lplm4f120h5qr_core/Debug\liblplm4f120h5qr_core.a(HardwareSerial.o)
                0x000033cc                HardwareSerial::available()
 .text._ZN14HardwareSerial4peekEv
                0x000033dc       0x12 C:/TI/Energia/energiaWorkspace/lplm4f120h5qr_core/Debug\liblplm4f120h5qr_core.a(HardwareSerial.o)
                0x000033dc                HardwareSerial::peek()
 .text._ZN14HardwareSerial4readEv
                0x000033ee       0x26 C:/TI/Energia/energiaWorkspace/lplm4f120h5qr_core/Debug\liblplm4f120h5qr_core.a(HardwareSerial.o)
                0x000033ee                HardwareSerial::read()
 .text._ZN14HardwareSerial5flushEv
                0x00003414        0xc C:/TI/Energia/energiaWorkspace/lplm4f120h5qr_core/Debug\liblplm4f120h5qr_core.a(HardwareSerial.o)
                0x00003414                HardwareSerial::flush()
 .text._ZN14HardwareSerialC2Ev
                0x00003420       0x30 C:/TI/Energia/energiaWorkspace/lplm4f120h5qr_core/Debug\liblplm4f120h5qr_core.a(HardwareSerial.o)
                0x00003420                HardwareSerial::HardwareSerial()
                0x00003420                HardwareSerial::HardwareSerial()
 .text._ZN14HardwareSerialC2Em
                0x00003450       0x30 C:/TI/Energia/energiaWorkspace/lplm4f120h5qr_core/Debug\liblplm4f120h5qr_core.a(HardwareSerial.o)
                0x00003450                HardwareSerial::HardwareSerial(unsigned long)
                0x00003450                HardwareSerial::HardwareSerial(unsigned long)
 .text._ZN14HardwareSerial8flushAllEv
                0x00003480       0x16 C:/TI/Energia/energiaWorkspace/lplm4f120h5qr_core/Debug\liblplm4f120h5qr_core.a(HardwareSerial.o)
                0x00003480                HardwareSerial::flushAll()
 *fill*         0x00003496        0x2 
 .text._ZN14HardwareSerial13primeTransmitEm
                0x00003498       0x7c C:/TI/Energia/energiaWorkspace/lplm4f120h5qr_core/Debug\liblplm4f120h5qr_core.a(HardwareSerial.o)
                0x00003498                HardwareSerial::primeTransmit(unsigned long)
 .text._ZN14HardwareSerial5writeEh
                0x00003514       0x5c C:/TI/Energia/energiaWorkspace/lplm4f120h5qr_core/Debug\liblplm4f120h5qr_core.a(HardwareSerial.o)
                0x00003514                HardwareSerial::write(unsigned char)
 .text._ZN14HardwareSerial5beginEm
                0x00003570      0x108 C:/TI/Energia/energiaWorkspace/lplm4f120h5qr_core/Debug\liblplm4f120h5qr_core.a(HardwareSerial.o)
                0x00003570                HardwareSerial::begin(unsigned long)
 .text._ZN14HardwareSerial14UARTIntHandlerEv
                0x00003678       0xd0 C:/TI/Energia/energiaWorkspace/lplm4f120h5qr_core/Debug\liblplm4f120h5qr_core.a(HardwareSerial.o)
                0x00003678                HardwareSerial::UARTIntHandler()
 .text.UARTIntHandler
                0x00003748        0xc C:/TI/Energia/energiaWorkspace/lplm4f120h5qr_core/Debug\liblplm4f120h5qr_core.a(HardwareSerial.o)
                0x00003748                UARTIntHandler
 .text.UARTIntHandler1
                0x00003754        0xc C:/TI/Energia/energiaWorkspace/lplm4f120h5qr_core/Debug\liblplm4f120h5qr_core.a(HardwareSerial.o)
                0x00003754                UARTIntHandler1
 .text.UARTIntHandler2
                0x00003760        0xc C:/TI/Energia/energiaWorkspace/lplm4f120h5qr_core/Debug\liblplm4f120h5qr_core.a(HardwareSerial.o)
                0x00003760                UARTIntHandler2
 .text.UARTIntHandler3
                0x0000376c        0xc C:/TI/Energia/energiaWorkspace/lplm4f120h5qr_core/Debug\liblplm4f120h5qr_core.a(HardwareSerial.o)
                0x0000376c                UARTIntHandler3
 .text.UARTIntHandler4
                0x00003778        0xc C:/TI/Energia/energiaWorkspace/lplm4f120h5qr_core/Debug\liblplm4f120h5qr_core.a(HardwareSerial.o)
                0x00003778                UARTIntHandler4
 .text.UARTIntHandler5
                0x00003784        0xc C:/TI/Energia/energiaWorkspace/lplm4f120h5qr_core/Debug\liblplm4f120h5qr_core.a(HardwareSerial.o)
                0x00003784                UARTIntHandler5
 .text.UARTIntHandler6
                0x00003790        0xc C:/TI/Energia/energiaWorkspace/lplm4f120h5qr_core/Debug\liblplm4f120h5qr_core.a(HardwareSerial.o)
                0x00003790                UARTIntHandler6
 .text.UARTIntHandler7
                0x0000379c        0xc C:/TI/Energia/energiaWorkspace/lplm4f120h5qr_core/Debug\liblplm4f120h5qr_core.a(HardwareSerial.o)
                0x0000379c                UARTIntHandler7
 .text._Z11serialEventv
                0x000037a8        0x2 C:/TI/Energia/energiaWorkspace/lplm4f120h5qr_core/Debug\liblplm4f120h5qr_core.a(HardwareSerial.o)
                0x000037a8                serialEvent()
 .text._Z12serialEvent1v
                0x000037aa        0x2 C:/TI/Energia/energiaWorkspace/lplm4f120h5qr_core/Debug\liblplm4f120h5qr_core.a(HardwareSerial.o)
                0x000037aa                serialEvent1()
 .text._Z12serialEvent2v
                0x000037ac        0x2 C:/TI/Energia/energiaWorkspace/lplm4f120h5qr_core/Debug\liblplm4f120h5qr_core.a(HardwareSerial.o)
                0x000037ac                serialEvent2()
 .text._Z12serialEvent3v
                0x000037ae        0x2 C:/TI/Energia/energiaWorkspace/lplm4f120h5qr_core/Debug\liblplm4f120h5qr_core.a(HardwareSerial.o)
                0x000037ae                serialEvent3()
 .text._Z12serialEvent4v
                0x000037b0        0x2 C:/TI/Energia/energiaWorkspace/lplm4f120h5qr_core/Debug\liblplm4f120h5qr_core.a(HardwareSerial.o)
                0x000037b0                serialEvent4()
 .text._Z12serialEvent5v
                0x000037b2        0x2 C:/TI/Energia/energiaWorkspace/lplm4f120h5qr_core/Debug\liblplm4f120h5qr_core.a(HardwareSerial.o)
                0x000037b2                serialEvent5()
 .text._Z12serialEvent6v
                0x000037b4        0x2 C:/TI/Energia/energiaWorkspace/lplm4f120h5qr_core/Debug\liblplm4f120h5qr_core.a(HardwareSerial.o)
                0x000037b4                serialEvent6()
 .text._Z12serialEvent7v
                0x000037b6        0x2 C:/TI/Energia/energiaWorkspace/lplm4f120h5qr_core/Debug\liblplm4f120h5qr_core.a(HardwareSerial.o)
                0x000037b6                serialEvent7()
 .text._Z14serialEventRunv
                0x000037b8       0x84 C:/TI/Energia/energiaWorkspace/lplm4f120h5qr_core/Debug\liblplm4f120h5qr_core.a(HardwareSerial.o)
                0x000037b8                serialEventRun()
 .text.startup._GLOBAL__sub_I__ZN14HardwareSerialC2Ev
                0x0000383c       0x64 C:/TI/Energia/energiaWorkspace/lplm4f120h5qr_core/Debug\liblplm4f120h5qr_core.a(HardwareSerial.o)
 .text._ZNK9IPAddress7printToER5Print
                0x000038a0       0x3c C:/TI/Energia/energiaWorkspace/lplm4f120h5qr_core/Debug\liblplm4f120h5qr_core.a(IPAddress.o)
                0x000038a0                IPAddress::printTo(Print&) const
 .text._ZN9IPAddressC2Ev
                0x000038dc       0x1c C:/TI/Energia/energiaWorkspace/lplm4f120h5qr_core/Debug\liblplm4f120h5qr_core.a(IPAddress.o)
                0x000038dc                IPAddress::IPAddress()
                0x000038dc                IPAddress::IPAddress()
 .text._ZN9IPAddressC2Ehhhh
                0x000038f8       0x18 C:/TI/Energia/energiaWorkspace/lplm4f120h5qr_core/Debug\liblplm4f120h5qr_core.a(IPAddress.o)
                0x000038f8                IPAddress::IPAddress(unsigned char, unsigned char, unsigned char, unsigned char)
                0x000038f8                IPAddress::IPAddress(unsigned char, unsigned char, unsigned char, unsigned char)
 .text._ZN9IPAddressaSEm
                0x00003910       0x14 C:/TI/Energia/energiaWorkspace/lplm4f120h5qr_core/Debug\liblplm4f120h5qr_core.a(IPAddress.o)
                0x00003910                IPAddress::operator=(unsigned long)
 .text.startup._GLOBAL__sub_I_INADDR_NONE
                0x00003924       0x1c C:/TI/Energia/energiaWorkspace/lplm4f120h5qr_core/Debug\liblplm4f120h5qr_core.a(IPAddress.o)
 .text._init    0x00003940      0x118 C:/TI/Energia/energiaWorkspace/lplm4f120h5qr_core/Debug\liblplm4f120h5qr_core.a(main.o)
                0x00003940                _init
 .text.startup.main
                0x00003a58       0x1c C:/TI/Energia/energiaWorkspace/lplm4f120h5qr_core/Debug\liblplm4f120h5qr_core.a(main.o)
                0x00003a58                main
 .text._ZN5Print5writeEPKhj
                0x00003a74       0x22 C:/TI/Energia/energiaWorkspace/lplm4f120h5qr_core/Debug\liblplm4f120h5qr_core.a(Print.o)
                0x00003a74                Print::write(unsigned char const*, unsigned int)
 .text._ZN5Print5printEmi.part.2
                0x00003a96        0xc C:/TI/Energia/energiaWorkspace/lplm4f120h5qr_core/Debug\liblplm4f120h5qr_core.a(Print.o)
 .text._ZN5Print5writeEPKc
                0x00003aa2       0x1a C:/TI/Energia/energiaWorkspace/lplm4f120h5qr_core/Debug\liblplm4f120h5qr_core.a(Print.o)
                0x00003aa2                Print::write(char const*)
 .text._ZN5Print5printEPKc
                0x00003abc        0x8 C:/TI/Energia/energiaWorkspace/lplm4f120h5qr_core/Debug\liblplm4f120h5qr_core.a(Print.o)
                0x00003abc                Print::print(char const*)
 .text._ZN5Print5printEc
                0x00003ac4        0xa C:/TI/Energia/energiaWorkspace/lplm4f120h5qr_core/Debug\liblplm4f120h5qr_core.a(Print.o)
                0x00003ac4                Print::print(char)
 .text._ZN5Print5printERK9Printable
                0x00003ace       0x10 C:/TI/Energia/energiaWorkspace/lplm4f120h5qr_core/Debug\liblplm4f120h5qr_core.a(Print.o)
                0x00003ace                Print::print(Printable const&)
 .text._ZN5Print7printlnEv
                0x00003ade       0x18 C:/TI/Energia/energiaWorkspace/lplm4f120h5qr_core/Debug\liblplm4f120h5qr_core.a(Print.o)
                0x00003ade                Print::println()
 .text._ZN5Print7printlnEPKc
                0x00003af6       0x14 C:/TI/Energia/energiaWorkspace/lplm4f120h5qr_core/Debug\liblplm4f120h5qr_core.a(Print.o)
                0x00003af6                Print::println(char const*)
 .text._ZN5Print7printlnERK9Printable
                0x00003b0a       0x14 C:/TI/Energia/energiaWorkspace/lplm4f120h5qr_core/Debug\liblplm4f120h5qr_core.a(Print.o)
                0x00003b0a                Print::println(Printable const&)
 .text._ZN5Print11printNumberEmh
                0x00003b1e       0x3c C:/TI/Energia/energiaWorkspace/lplm4f120h5qr_core/Debug\liblplm4f120h5qr_core.a(Print.o)
                0x00003b1e                Print::printNumber(unsigned long, unsigned char)
 .text._ZN5Print5printEmi
                0x00003b5a        0xc C:/TI/Energia/energiaWorkspace/lplm4f120h5qr_core/Debug\liblplm4f120h5qr_core.a(Print.o)
                0x00003b5a                Print::print(unsigned long, int)
 .text._ZN5Print5printEhi
                0x00003b66        0x4 C:/TI/Energia/energiaWorkspace/lplm4f120h5qr_core/Debug\liblplm4f120h5qr_core.a(Print.o)
                0x00003b66                Print::print(unsigned char, int)
 *fill*         0x00003b6a        0x2 
 .text._EEPROMWaitForDone
                0x00003b6c       0x10 C:/TI/Energia/energiaWorkspace/lplm4f120h5qr_core/Debug\liblplm4f120h5qr_core.a(eeprom.o)
 .text._EEPROMSectorMaskClear
                0x00003b7c       0x34 C:/TI/Energia/energiaWorkspace/lplm4f120h5qr_core/Debug\liblplm4f120h5qr_core.a(eeprom.o)
 .text.EEPROMMassErase
                0x00003bb0       0x58 C:/TI/Energia/energiaWorkspace/lplm4f120h5qr_core/Debug\liblplm4f120h5qr_core.a(eeprom.o)
                0x00003bb0                EEPROMMassErase
 .text.GPIOIntEnable
                0x00003c08        0xc C:/TI/Energia/energiaWorkspace/lplm4f120h5qr_core/Debug\liblplm4f120h5qr_core.a(gpio.o)
                0x00003c08                GPIOIntEnable
 .text.GPIOIntDisable
                0x00003c14        0xe C:/TI/Energia/energiaWorkspace/lplm4f120h5qr_core/Debug\liblplm4f120h5qr_core.a(gpio.o)
                0x00003c14                GPIOIntDisable
 .text.GPIOIntStatus
                0x00003c22        0xe C:/TI/Energia/energiaWorkspace/lplm4f120h5qr_core/Debug\liblplm4f120h5qr_core.a(gpio.o)
                0x00003c22                GPIOIntStatus
 .text.GPIOIntClear
                0x00003c30        0x6 C:/TI/Energia/energiaWorkspace/lplm4f120h5qr_core/Debug\liblplm4f120h5qr_core.a(gpio.o)
                0x00003c30                GPIOIntClear
 *fill*         0x00003c36        0x2 
 .text.__errno  0x00003c38        0xc c:/ti/energia/energia-0101e0014/hardware/tools/lm4f/bin/../lib/gcc/arm-none-eabi/4.8.4/../../../../arm-none-eabi/lib/armv7e-m/fpu\libc.a(lib_a-errno.o)
                0x00003c38                __errno
 .text.malloc   0x00003c44       0x10 c:/ti/energia/energia-0101e0014/hardware/tools/lm4f/bin/../lib/gcc/arm-none-eabi/4.8.4/../../../../arm-none-eabi/lib/armv7e-m/fpu\libc.a(lib_a-malloc.o)
                0x00003c44                malloc
 .text.free     0x00003c54       0x10 c:/ti/energia/energia-0101e0014/hardware/tools/lm4f/bin/../lib/gcc/arm-none-eabi/4.8.4/../../../../arm-none-eabi/lib/armv7e-m/fpu\libc.a(lib_a-malloc.o)
                0x00003c54                free
 .text._malloc_r
                0x00003c64      0x538 c:/ti/energia/energia-0101e0014/hardware/tools/lm4f/bin/../lib/gcc/arm-none-eabi/4.8.4/../../../../arm-none-eabi/lib/armv7e-m/fpu\libc.a(lib_a-mallocr.o)
                0x00003c64                _malloc_r
 .text          0x0000419c      0x134 c:/ti/energia/energia-0101e0014/hardware/tools/lm4f/bin/../lib/gcc/arm-none-eabi/4.8.4/../../../../arm-none-eabi/lib/armv7e-m/fpu\libc.a(lib_a-memcpy.o)
                0x0000419c                memcpy
 .text.memset   0x000042d0       0x94 c:/ti/energia/energia-0101e0014/hardware/tools/lm4f/bin/../lib/gcc/arm-none-eabi/4.8.4/../../../../arm-none-eabi/lib/armv7e-m/fpu\libc.a(lib_a-memset.o)
                0x000042d0                memset
 .text.__malloc_lock
                0x00004364        0x4 c:/ti/energia/energia-0101e0014/hardware/tools/lm4f/bin/../lib/gcc/arm-none-eabi/4.8.4/../../../../arm-none-eabi/lib/armv7e-m/fpu\libc.a(lib_a-mlock.o)
                0x00004364                __malloc_lock
 .text.__malloc_unlock
                0x00004368        0x4 c:/ti/energia/energia-0101e0014/hardware/tools/lm4f/bin/../lib/gcc/arm-none-eabi/4.8.4/../../../../arm-none-eabi/lib/armv7e-m/fpu\libc.a(lib_a-mlock.o)
                0x00004368                __malloc_unlock
 .text._sbrk_r  0x0000436c       0x24 c:/ti/energia/energia-0101e0014/hardware/tools/lm4f/bin/../lib/gcc/arm-none-eabi/4.8.4/../../../../arm-none-eabi/lib/armv7e-m/fpu\libc.a(lib_a-sbrkr.o)
                0x0000436c                _sbrk_r
 .text.strlen   0x00004390       0x60 c:/ti/energia/energia-0101e0014/hardware/tools/lm4f/bin/../lib/gcc/arm-none-eabi/4.8.4/../../../../arm-none-eabi/lib/armv7e-m/fpu\libc.a(lib_a-strlen.o)
                0x00004390                strlen
 .text._malloc_trim_r
                0x000043f0       0x9c c:/ti/energia/energia-0101e0014/hardware/tools/lm4f/bin/../lib/gcc/arm-none-eabi/4.8.4/../../../../arm-none-eabi/lib/armv7e-m/fpu\libc.a(lib_a-freer.o)
                0x000043f0                _malloc_trim_r
 .text._free_r  0x0000448c      0x19c c:/ti/energia/energia-0101e0014/hardware/tools/lm4f/bin/../lib/gcc/arm-none-eabi/4.8.4/../../../../arm-none-eabi/lib/armv7e-m/fpu\libc.a(lib_a-freer.o)
                0x0000448c                _free_r
 *(.glue_7t)
 .glue_7t       0x00000000        0x0 linker stubs
 *(.glue_7)
 .glue_7        0x00000000        0x0 linker stubs
 *(.rodata .rodata* .gnu.linkonce.r.*)
 .rodata.str1.1
                0x00004628      0x14c ./WeatherStationWIFI.o
                                0x153 (size before relaxing)
 *fill*         0x00004774        0x4 
 .rodata._ZTV10WiFiClient
                0x00004778       0x40 C:/TI/Energia/energiaWorkspace/lplm4f120h5qr_WiFi/Debug\liblplm4f120h5qr_WiFi.a(TCPclient.o)
                0x00004778                vtable for WiFiClient
 .rodata._ZL14smartconfigkey
                0x000047b8       0x10 C:/TI/Energia/energiaWorkspace/lplm4f120h5qr_WiFi/Debug\liblplm4f120h5qr_WiFi.a(WiFi.o)
 .rodata._ZL16aucCC3000_prefix
                0x000047c8        0x3 C:/TI/Energia/energiaWorkspace/lplm4f120h5qr_WiFi/Debug\liblplm4f120h5qr_WiFi.a(WiFi.o)
 .rodata.sbox   0x000047cb      0x100 C:/TI/Energia/energiaWorkspace/lplm4f120h5qr_WiFi/Debug\liblplm4f120h5qr_WiFi.a(security.o)
                0x000047cb                sbox
 .rodata.rsbox  0x000048cb      0x100 C:/TI/Energia/energiaWorkspace/lplm4f120h5qr_WiFi/Debug\liblplm4f120h5qr_WiFi.a(security.o)
                0x000048cb                rsbox
 .rodata.Rcon   0x000049cb        0xb C:/TI/Energia/energiaWorkspace/lplm4f120h5qr_WiFi/Debug\liblplm4f120h5qr_WiFi.a(security.o)
                0x000049cb                Rcon
 *fill*         0x000049d6        0x2 
 .rodata._ZL11g_ulSSIBase
                0x000049d8       0x10 C:/TI/Energia/energiaWorkspace/lplm4f120h5qr_SPI/Debug\liblplm4f120h5qr_SPI.a(SPI.o)
 .rodata._ZL13g_ulSSIConfig
                0x000049e8       0x40 C:/TI/Energia/energiaWorkspace/lplm4f120h5qr_SPI/Debug\liblplm4f120h5qr_SPI.a(SPI.o)
 .rodata._ZL11g_ulSSIPort
                0x00004a28       0x10 C:/TI/Energia/energiaWorkspace/lplm4f120h5qr_SPI/Debug\liblplm4f120h5qr_SPI.a(SPI.o)
 .rodata._ZL13g_ulSSIPeriph
                0x00004a38       0x10 C:/TI/Energia/energiaWorkspace/lplm4f120h5qr_SPI/Debug\liblplm4f120h5qr_SPI.a(SPI.o)
 .rodata._ZL11g_ulSSIPins
                0x00004a48       0x10 C:/TI/Energia/energiaWorkspace/lplm4f120h5qr_SPI/Debug\liblplm4f120h5qr_SPI.a(SPI.o)
 .rodata.g_pui32Xtals
                0x00004a58       0x6c C:/TI/Energia/energiaWorkspace/lplm4f120h5qr_core/Debug\liblplm4f120h5qr_core.a(sysctl.o)
 .rodata.digital_pin_to_bit_mask
                0x00004ac4       0x29 C:/TI/Energia/energiaWorkspace/lplm4f120h5qr_core/Debug\liblplm4f120h5qr_core.a(wiring_digital.o)
                0x00004ac4                digital_pin_to_bit_mask
 *fill*         0x00004aed        0x3 
 .rodata.port_to_base
                0x00004af0       0x1c C:/TI/Energia/energiaWorkspace/lplm4f120h5qr_core/Debug\liblplm4f120h5qr_core.a(wiring_digital.o)
                0x00004af0                port_to_base
 .rodata.digital_pin_to_port
                0x00004b0c       0x29 C:/TI/Energia/energiaWorkspace/lplm4f120h5qr_core/Debug\liblplm4f120h5qr_core.a(wiring_digital.o)
                0x00004b0c                digital_pin_to_port
 *fill*         0x00004b35        0x3 
 .rodata._ZL14g_ulUARTConfig
                0x00004b38       0x40 C:/TI/Energia/energiaWorkspace/lplm4f120h5qr_core/Debug\liblplm4f120h5qr_core.a(HardwareSerial.o)
 .rodata._ZL14g_ulUARTPeriph
                0x00004b78       0x20 C:/TI/Energia/energiaWorkspace/lplm4f120h5qr_core/Debug\liblplm4f120h5qr_core.a(HardwareSerial.o)
 .rodata._ZL11g_ulUARTInt
                0x00004b98       0x20 C:/TI/Energia/energiaWorkspace/lplm4f120h5qr_core/Debug\liblplm4f120h5qr_core.a(HardwareSerial.o)
 .rodata._ZL12g_ulUARTPins
                0x00004bb8       0x20 C:/TI/Energia/energiaWorkspace/lplm4f120h5qr_core/Debug\liblplm4f120h5qr_core.a(HardwareSerial.o)
 .rodata._ZTV14HardwareSerial
                0x00004bd8       0x20 C:/TI/Energia/energiaWorkspace/lplm4f120h5qr_core/Debug\liblplm4f120h5qr_core.a(HardwareSerial.o)
                0x00004bd8                vtable for HardwareSerial
 .rodata._ZL12g_ulUARTBase
                0x00004bf8       0x20 C:/TI/Energia/energiaWorkspace/lplm4f120h5qr_core/Debug\liblplm4f120h5qr_core.a(HardwareSerial.o)
 .rodata._ZL12g_ulUARTPort
                0x00004c18       0x20 C:/TI/Energia/energiaWorkspace/lplm4f120h5qr_core/Debug\liblplm4f120h5qr_core.a(HardwareSerial.o)
 .rodata._ZTV9IPAddress
                0x00004c38       0x10 C:/TI/Energia/energiaWorkspace/lplm4f120h5qr_core/Debug\liblplm4f120h5qr_core.a(IPAddress.o)
                0x00004c38                vtable for IPAddress
 .rodata.str1.4
                0x00004c48        0x4 c:/ti/energia/energia-0101e0014/hardware/tools/lm4f/bin/../lib/gcc/arm-none-eabi/4.8.4/../../../../arm-none-eabi/lib/armv7e-m/fpu\libc.a(lib_a-impure.o)
 *(.ARM.extab* .gnu.linkonce.armextab.*)
                0x00004c4c                . = ALIGN (0x4)
 *(.init)
                0x00004c4c                . = ALIGN (0x4)
                0x00004c4c                __preinit_array_start = .
 *(SORT(.preinit_array*))
 *(.preinit_array)
                0x00004c4c                __preinit_array_end = .
                0x00004c4c                . = ALIGN (0x4)
                0x00004c4c                __init_array_start = .
 *(SORT(.init_array.*))
 *(.init_array)
 .init_array    0x00004c4c        0x4 ./WeatherStationWIFI.o
 .init_array    0x00004c50        0x4 C:/TI/Energia/energiaWorkspace/lplm4f120h5qr_SPI/Debug\liblplm4f120h5qr_SPI.a(SPI.o)
 .init_array    0x00004c54        0x4 C:/TI/Energia/energiaWorkspace/lplm4f120h5qr_core/Debug\liblplm4f120h5qr_core.a(HardwareSerial.o)
 .init_array    0x00004c58        0x4 C:/TI/Energia/energiaWorkspace/lplm4f120h5qr_core/Debug\liblplm4f120h5qr_core.a(IPAddress.o)
                0x00004c5c                __init_array_end = .
                0x00004c5c                . = ALIGN (0x4)
 *(.fini)
                0x00004c5c                . = ALIGN (0x4)
                0x00004c5c                __fini_array_start = .
 *(.fini_array)
 *(SORT(.fini_array.*))
                0x00004c5c                __fini_array_end = .
                0x00004c5c                . = ALIGN (0x4)
                0x00004c5c                _etext = .

.vfp11_veneer   0x00004c5c        0x0
 .vfp11_veneer  0x00000000        0x0 linker stubs

.v4_bx          0x00004c5c        0x0
 .v4_bx         0x00000000        0x0 linker stubs

.iplt           0x00004c5c        0x0
 .iplt          0x00000000        0x0 ./WeatherStationWIFI.o

.rel.dyn        0x00004c5c        0x0
 .rel.iplt      0x00000000        0x0 ./WeatherStationWIFI.o

.data           0x20000000      0x85c load address 0x00004c5c
                0x20000000                . = ALIGN (0x4)
                0x20000000                _data = .
 *(vtable)
 *(.data .data* .gnu.linkonce.d.*)
 .data.pass     0x20000000        0x9 ./WeatherStationWIFI.o
                0x20000000                pass
 .data.ssid     0x20000009        0xb ./WeatherStationWIFI.o
                0x20000009                ssid
 .data.tSpiReadHeader
                0x20000014        0x5 C:/TI/Energia/energiaWorkspace/lplm4f120h5qr_WiFi/Debug\liblplm4f120h5qr_WiFi.a(spi.o)
                0x20000014                tSpiReadHeader
 *fill*         0x20000019        0x3 
 .data.socket_active_status
                0x2000001c        0x4 C:/TI/Energia/energiaWorkspace/lplm4f120h5qr_WiFi/Debug\liblplm4f120h5qr_WiFi.a(evnt_handler.o)
                0x2000001c                socket_active_status
 .data.impure_data
                0x20000020      0x428 c:/ti/energia/energia-0101e0014/hardware/tools/lm4f/bin/../lib/gcc/arm-none-eabi/4.8.4/../../../../arm-none-eabi/lib/armv7e-m/fpu\libc.a(lib_a-impure.o)
 .data._impure_ptr
                0x20000448        0x4 c:/ti/energia/energia-0101e0014/hardware/tools/lm4f/bin/../lib/gcc/arm-none-eabi/4.8.4/../../../../arm-none-eabi/lib/armv7e-m/fpu\libc.a(lib_a-impure.o)
                0x20000448                _impure_ptr
 .data.__malloc_av_
                0x2000044c      0x408 c:/ti/energia/energia-0101e0014/hardware/tools/lm4f/bin/../lib/gcc/arm-none-eabi/4.8.4/../../../../arm-none-eabi/lib/armv7e-m/fpu\libc.a(lib_a-mallocr.o)
                0x2000044c                __malloc_av_
 .data.__malloc_trim_threshold
                0x20000854        0x4 c:/ti/energia/energia-0101e0014/hardware/tools/lm4f/bin/../lib/gcc/arm-none-eabi/4.8.4/../../../../arm-none-eabi/lib/armv7e-m/fpu\libc.a(lib_a-mallocr.o)
                0x20000854                __malloc_trim_threshold
 .data.__malloc_sbrk_base
                0x20000858        0x4 c:/ti/energia/energia-0101e0014/hardware/tools/lm4f/bin/../lib/gcc/arm-none-eabi/4.8.4/../../../../arm-none-eabi/lib/armv7e-m/fpu\libc.a(lib_a-mallocr.o)
                0x20000858                __malloc_sbrk_base
                0x2000085c                _edata = .

.igot.plt       0x2000085c        0x0 load address 0x000054b8
 .igot.plt      0x00000000        0x0 ./WeatherStationWIFI.o

.bss            0x2000085c      0x74c load address 0x000054b8
                0x2000085c                . = ALIGN (0x4)
                0x2000085c                _bss = .
 *(.bss .bss*)
 .bss.lastConnected
                0x2000085c        0x1 ./WeatherStationWIFI.o
                0x2000085c                lastConnected
 *fill*         0x2000085d        0x3 
 .bss.server    0x20000860        0x8 ./WeatherStationWIFI.o
                0x20000860                server
 .bss.client    0x20000868       0x44 ./WeatherStationWIFI.o
                0x20000868                client
 .bss.lastConnectionTime
                0x200008ac        0x4 ./WeatherStationWIFI.o
                0x200008ac                lastConnectionTime
 .bss.calculator_socket_number
                0x200008b0        0x1 C:/TI/Energia/energiaWorkspace/lplm4f120h5qr_WiFi/Debug\liblplm4f120h5qr_WiFi.a(WiFi.o)
                0x200008b0                calculator_socket_number
 .bss._ZN9WiFiClass8ipConfigE
                0x200008b1       0x3a C:/TI/Energia/energiaWorkspace/lplm4f120h5qr_WiFi/Debug\liblplm4f120h5qr_WiFi.a(WiFi.o)
                0x200008b1                WiFiClass::ipConfig
 .bss.WiFi      0x200008eb        0x1 C:/TI/Energia/energiaWorkspace/lplm4f120h5qr_WiFi/Debug\liblplm4f120h5qr_WiFi.a(WiFi.o)
                0x200008eb                WiFi
 .bss.deassert_cs
                0x200008ec        0x1 C:/TI/Energia/energiaWorkspace/lplm4f120h5qr_WiFi/Debug\liblplm4f120h5qr_WiFi.a(spi.o)
                0x200008ec                deassert_cs
 .bss.CSpin     0x200008ed        0x1 C:/TI/Energia/energiaWorkspace/lplm4f120h5qr_WiFi/Debug\liblplm4f120h5qr_WiFi.a(spi.o)
                0x200008ed                CSpin
 .bss.ENpin     0x200008ee        0x1 C:/TI/Energia/energiaWorkspace/lplm4f120h5qr_WiFi/Debug\liblplm4f120h5qr_WiFi.a(spi.o)
                0x200008ee                ENpin
 .bss.IRQpin    0x200008ef        0x1 C:/TI/Energia/energiaWorkspace/lplm4f120h5qr_WiFi/Debug\liblplm4f120h5qr_WiFi.a(spi.o)
                0x200008ef                IRQpin
 .bss.wlan_tx_buffer
                0x200008f0       0x83 C:/TI/Energia/energiaWorkspace/lplm4f120h5qr_WiFi/Debug\liblplm4f120h5qr_WiFi.a(spi.o)
                0x200008f0                wlan_tx_buffer
 .bss.spi_buffer
                0x20000973       0x83 C:/TI/Energia/energiaWorkspace/lplm4f120h5qr_WiFi/Debug\liblplm4f120h5qr_WiFi.a(spi.o)
                0x20000973                spi_buffer
 *fill*         0x200009f6        0x2 
 .bss.sSpiInformation
                0x200009f8       0x14 C:/TI/Energia/energiaWorkspace/lplm4f120h5qr_WiFi/Debug\liblplm4f120h5qr_WiFi.a(spi.o)
                0x200009f8                sSpiInformation
 .bss.SPI       0x20000a0c        0x1 C:/TI/Energia/energiaWorkspace/lplm4f120h5qr_SPI/Debug\liblplm4f120h5qr_SPI.a(SPI.o)
                0x20000a0c                SPI
 *fill*         0x20000a0d        0x3 
 .bss.heap_end.6349
                0x20000a10        0x4 C:/TI/Energia/energiaWorkspace/lplm4f120h5qr_core/Debug\liblplm4f120h5qr_core.a(startup_gcc.o)
 .bss.cbFuncsH  0x20000a14       0x20 C:/TI/Energia/energiaWorkspace/lplm4f120h5qr_core/Debug\liblplm4f120h5qr_core.a(WInterrupts.o)
 .bss.cbFuncsJ  0x20000a34       0x20 C:/TI/Energia/energiaWorkspace/lplm4f120h5qr_core/Debug\liblplm4f120h5qr_core.a(WInterrupts.o)
 .bss.cbFuncsK  0x20000a54       0x20 C:/TI/Energia/energiaWorkspace/lplm4f120h5qr_core/Debug\liblplm4f120h5qr_core.a(WInterrupts.o)
 .bss.cbFuncsL  0x20000a74       0x20 C:/TI/Energia/energiaWorkspace/lplm4f120h5qr_core/Debug\liblplm4f120h5qr_core.a(WInterrupts.o)
 .bss.cbFuncsM  0x20000a94       0x20 C:/TI/Energia/energiaWorkspace/lplm4f120h5qr_core/Debug\liblplm4f120h5qr_core.a(WInterrupts.o)
 .bss.cbFuncsN  0x20000ab4       0x20 C:/TI/Energia/energiaWorkspace/lplm4f120h5qr_core/Debug\liblplm4f120h5qr_core.a(WInterrupts.o)
 .bss.cbFuncsP  0x20000ad4       0x20 C:/TI/Energia/energiaWorkspace/lplm4f120h5qr_core/Debug\liblplm4f120h5qr_core.a(WInterrupts.o)
 .bss.cbFuncsQ  0x20000af4       0x20 C:/TI/Energia/energiaWorkspace/lplm4f120h5qr_core/Debug\liblplm4f120h5qr_core.a(WInterrupts.o)
 .bss.cbFuncsA  0x20000b14       0x20 C:/TI/Energia/energiaWorkspace/lplm4f120h5qr_core/Debug\liblplm4f120h5qr_core.a(WInterrupts.o)
 .bss.cbFuncsB  0x20000b34       0x20 C:/TI/Energia/energiaWorkspace/lplm4f120h5qr_core/Debug\liblplm4f120h5qr_core.a(WInterrupts.o)
 .bss.cbFuncsC  0x20000b54       0x20 C:/TI/Energia/energiaWorkspace/lplm4f120h5qr_core/Debug\liblplm4f120h5qr_core.a(WInterrupts.o)
 .bss.cbFuncsD  0x20000b74       0x20 C:/TI/Energia/energiaWorkspace/lplm4f120h5qr_core/Debug\liblplm4f120h5qr_core.a(WInterrupts.o)
 .bss.cbFuncsE  0x20000b94       0x20 C:/TI/Energia/energiaWorkspace/lplm4f120h5qr_core/Debug\liblplm4f120h5qr_core.a(WInterrupts.o)
 .bss.cbFuncsF  0x20000bb4       0x20 C:/TI/Energia/energiaWorkspace/lplm4f120h5qr_core/Debug\liblplm4f120h5qr_core.a(WInterrupts.o)
 .bss.cbFuncsG  0x20000bd4       0x20 C:/TI/Energia/energiaWorkspace/lplm4f120h5qr_core/Debug\liblplm4f120h5qr_core.a(WInterrupts.o)
 .bss.SysTickCbFuncs
                0x20000bf4       0x20 C:/TI/Energia/energiaWorkspace/lplm4f120h5qr_core/Debug\liblplm4f120h5qr_core.a(wiring.o)
 .bss.milliseconds
                0x20000c14        0x4 C:/TI/Energia/energiaWorkspace/lplm4f120h5qr_core/Debug\liblplm4f120h5qr_core.a(wiring.o)
 .bss.Serial5   0x20000c18       0x38 C:/TI/Energia/energiaWorkspace/lplm4f120h5qr_core/Debug\liblplm4f120h5qr_core.a(HardwareSerial.o)
                0x20000c18                Serial5
 .bss.Serial    0x20000c50       0x38 C:/TI/Energia/energiaWorkspace/lplm4f120h5qr_core/Debug\liblplm4f120h5qr_core.a(HardwareSerial.o)
                0x20000c50                Serial
 .bss.Serial1   0x20000c88       0x38 C:/TI/Energia/energiaWorkspace/lplm4f120h5qr_core/Debug\liblplm4f120h5qr_core.a(HardwareSerial.o)
                0x20000c88                Serial1
 .bss.Serial2   0x20000cc0       0x38 C:/TI/Energia/energiaWorkspace/lplm4f120h5qr_core/Debug\liblplm4f120h5qr_core.a(HardwareSerial.o)
                0x20000cc0                Serial2
 .bss.Serial3   0x20000cf8       0x38 C:/TI/Energia/energiaWorkspace/lplm4f120h5qr_core/Debug\liblplm4f120h5qr_core.a(HardwareSerial.o)
                0x20000cf8                Serial3
 .bss.Serial4   0x20000d30       0x38 C:/TI/Energia/energiaWorkspace/lplm4f120h5qr_core/Debug\liblplm4f120h5qr_core.a(HardwareSerial.o)
                0x20000d30                Serial4
 .bss.Serial6   0x20000d68       0x38 C:/TI/Energia/energiaWorkspace/lplm4f120h5qr_core/Debug\liblplm4f120h5qr_core.a(HardwareSerial.o)
                0x20000d68                Serial6
 .bss.Serial7   0x20000da0       0x38 C:/TI/Energia/energiaWorkspace/lplm4f120h5qr_core/Debug\liblplm4f120h5qr_core.a(HardwareSerial.o)
                0x20000da0                Serial7
 .bss.INADDR_NONE
                0x20000dd8        0x8 C:/TI/Energia/energiaWorkspace/lplm4f120h5qr_core/Debug\liblplm4f120h5qr_core.a(IPAddress.o)
                0x20000dd8                INADDR_NONE
 .bss.__malloc_max_total_mem
                0x20000de0        0x4 c:/ti/energia/energia-0101e0014/hardware/tools/lm4f/bin/../lib/gcc/arm-none-eabi/4.8.4/../../../../arm-none-eabi/lib/armv7e-m/fpu\libc.a(lib_a-mallocr.o)
                0x20000de0                __malloc_max_total_mem
 .bss.__malloc_max_sbrked_mem
                0x20000de4        0x4 c:/ti/energia/energia-0101e0014/hardware/tools/lm4f/bin/../lib/gcc/arm-none-eabi/4.8.4/../../../../arm-none-eabi/lib/armv7e-m/fpu\libc.a(lib_a-mallocr.o)
                0x20000de4                __malloc_max_sbrked_mem
 .bss.__malloc_top_pad
                0x20000de8        0x4 c:/ti/energia/energia-0101e0014/hardware/tools/lm4f/bin/../lib/gcc/arm-none-eabi/4.8.4/../../../../arm-none-eabi/lib/armv7e-m/fpu\libc.a(lib_a-mallocr.o)
                0x20000de8                __malloc_top_pad
 .bss.__malloc_current_mallinfo
                0x20000dec       0x28 c:/ti/energia/energia-0101e0014/hardware/tools/lm4f/bin/../lib/gcc/arm-none-eabi/4.8.4/../../../../arm-none-eabi/lib/armv7e-m/fpu\libc.a(lib_a-mallocr.o)
                0x20000dec                __malloc_current_mallinfo
 *(COMMON)
 COMMON         0x20000e14       0xb0 C:/TI/Energia/energiaWorkspace/lplm4f120h5qr_WiFi/Debug\liblplm4f120h5qr_WiFi.a(security.o)
                0x20000e14                expandedKey
 COMMON         0x20000ec4       0x41 C:/TI/Energia/energiaWorkspace/lplm4f120h5qr_WiFi/Debug\liblplm4f120h5qr_WiFi.a(SimplelinkWifi.o)
                0x20000ec4                ulCC3000WasConnected
                0x20000ec8                ulCC3000DHCP_configured
                0x20000ecc                gConnectedSockets
                0x20000ed0                ulSmartConfigFinished
                0x20000ed4                ucStopSmartConfig
                0x20000ed8                SendmDNSAdvertisment
                0x20000edc                ulSocket
                0x20000ee0                ulCC3000DHCP
                0x20000ee4                ulCC3000Connected
                0x20000ee8                OkToDoShutDown
                0x20000eec                pucCC3000_Rx_Buffer
 *fill*         0x20000f05        0x3 
 COMMON         0x20000f08       0x98 C:/TI/Energia/energiaWorkspace/lplm4f120h5qr_WiFi/Debug\liblplm4f120h5qr_WiFi.a(wlan.o)
                0x20000f08                profileArray
                0x20000f4c                tSLInformation
                0x20000f90                key
 COMMON         0x20000fa0        0x4 c:/ti/energia/energia-0101e0014/hardware/tools/lm4f/bin/../lib/gcc/arm-none-eabi/4.8.4/../../../../arm-none-eabi/lib/armv7e-m/fpu\libc.a(lib_a-reent.o)
                0x20000fa0                errno
                0x20000fa4                . = ALIGN (0x4)
                0x20000fa4                _ebss = .
                0x20000fa8                . = ALIGN (0x8)
 *fill*         0x20000fa4        0x4 
                0x20000fa8                PROVIDE (__exidx_start, .)

.ARM.exidx
 *(.ARM.exidx* .gnu.linkonce.armexidx.*)
                0x20000fa8                PROVIDE (__exidx_end, .)
                0x20000fa8                . = ALIGN (0x4)
                0x20000fa8                _end = .
                0x20000fa8                PROVIDE (end, _end)
                0x20008000                PROVIDE (_estack, (ORIGIN (ram) + 0x8000))
LOAD C:/TI/Energia/energiaWorkspace/lplm4f120h5qr_WiFi/Debug\liblplm4f120h5qr_WiFi.a
LOAD C:/TI/Energia/energiaWorkspace/lplm4f120h5qr_SPI/Debug\liblplm4f120h5qr_SPI.a
LOAD C:/TI/Energia/energiaWorkspace/lplm4f120h5qr_core/Debug\liblplm4f120h5qr_core.a
LOAD c:/ti/energia/energia-0101e0014/hardware/tools/lm4f/bin/../lib/gcc/arm-none-eabi/4.8.4/../../../../arm-none-eabi/lib/armv7e-m/fpu\libm.a
LOAD c:/ti/energia/energia-0101e0014/hardware/tools/lm4f/bin/../lib/gcc/arm-none-eabi/4.8.4/../../../../arm-none-eabi/lib/armv7e-m/fpu\libc.a
LOAD c:/ti/energia/energia-0101e0014/hardware/tools/lm4f/bin/../lib/gcc/arm-none-eabi/4.8.4/armv7e-m/fpu\libgcc.a
END GROUP
OUTPUT(WeatherStationWIFI.out elf32-littlearm)

.debug_info     0x00000000    0x1277b
 .debug_info    0x00000000      0xc65 ./WeatherStationWIFI.o
 .debug_info    0x00000c65     0x2674 C:/TI/Energia/energiaWorkspace/lplm4f120h5qr_WiFi/Debug\liblplm4f120h5qr_WiFi.a(TCPclient.o)
 .debug_info    0x000032d9     0x152b C:/TI/Energia/energiaWorkspace/lplm4f120h5qr_WiFi/Debug\liblplm4f120h5qr_WiFi.a(WiFi.o)
 .debug_info    0x00004804      0x3aa C:/TI/Energia/energiaWorkspace/lplm4f120h5qr_WiFi/Debug\liblplm4f120h5qr_WiFi.a(board.o)
 .debug_info    0x00004bae      0x63e C:/TI/Energia/energiaWorkspace/lplm4f120h5qr_WiFi/Debug\liblplm4f120h5qr_WiFi.a(netapp.o)
 .debug_info    0x000051ec      0x4e4 C:/TI/Energia/energiaWorkspace/lplm4f120h5qr_WiFi/Debug\liblplm4f120h5qr_WiFi.a(nvmem.o)
 .debug_info    0x000056d0       0xf9 C:/TI/Energia/energiaWorkspace/lplm4f120h5qr_WiFi/Debug\liblplm4f120h5qr_WiFi.a(patch.o)
 .debug_info    0x000057c9      0x33c C:/TI/Energia/energiaWorkspace/lplm4f120h5qr_WiFi/Debug\liblplm4f120h5qr_WiFi.a(security.o)
 .debug_info    0x00005b05      0x4e7 C:/TI/Energia/energiaWorkspace/lplm4f120h5qr_WiFi/Debug\liblplm4f120h5qr_WiFi.a(SimplelinkWifi.o)
 .debug_info    0x00005fec     0x10aa C:/TI/Energia/energiaWorkspace/lplm4f120h5qr_WiFi/Debug\liblplm4f120h5qr_WiFi.a(socket.o)
 .debug_info    0x00007096      0xeac C:/TI/Energia/energiaWorkspace/lplm4f120h5qr_WiFi/Debug\liblplm4f120h5qr_WiFi.a(wlan.o)
 .debug_info    0x00007f42      0x9dc C:/TI/Energia/energiaWorkspace/lplm4f120h5qr_WiFi/Debug\liblplm4f120h5qr_WiFi.a(spi.o)
 .debug_info    0x0000891e      0x19a C:/TI/Energia/energiaWorkspace/lplm4f120h5qr_WiFi/Debug\liblplm4f120h5qr_WiFi.a(cc3000_common.o)
 .debug_info    0x00008ab8      0xb1a C:/TI/Energia/energiaWorkspace/lplm4f120h5qr_WiFi/Debug\liblplm4f120h5qr_WiFi.a(evnt_handler.o)
 .debug_info    0x000095d2      0x4ea C:/TI/Energia/energiaWorkspace/lplm4f120h5qr_WiFi/Debug\liblplm4f120h5qr_WiFi.a(hci.o)
 .debug_info    0x00009abc      0x7e8 C:/TI/Energia/energiaWorkspace/lplm4f120h5qr_SPI/Debug\liblplm4f120h5qr_SPI.a(SPI.o)
 .debug_info    0x0000a2a4      0x908 C:/TI/Energia/energiaWorkspace/lplm4f120h5qr_core/Debug\liblplm4f120h5qr_core.a(startup_gcc.o)
 .debug_info    0x0000abac      0xb64 C:/TI/Energia/energiaWorkspace/lplm4f120h5qr_core/Debug\liblplm4f120h5qr_core.a(sysctl.o)
 .debug_info    0x0000b710      0x6d4 C:/TI/Energia/energiaWorkspace/lplm4f120h5qr_core/Debug\liblplm4f120h5qr_core.a(WInterrupts.o)
 .debug_info    0x0000bde4      0x526 C:/TI/Energia/energiaWorkspace/lplm4f120h5qr_core/Debug\liblplm4f120h5qr_core.a(wiring.o)
 .debug_info    0x0000c30a      0x596 C:/TI/Energia/energiaWorkspace/lplm4f120h5qr_core/Debug\liblplm4f120h5qr_core.a(wiring_digital.o)
 .debug_info    0x0000c8a0     0x1de3 C:/TI/Energia/energiaWorkspace/lplm4f120h5qr_core/Debug\liblplm4f120h5qr_core.a(HardwareSerial.o)
 .debug_info    0x0000e683      0x9d2 C:/TI/Energia/energiaWorkspace/lplm4f120h5qr_core/Debug\liblplm4f120h5qr_core.a(IPAddress.o)
 .debug_info    0x0000f055      0x35f C:/TI/Energia/energiaWorkspace/lplm4f120h5qr_core/Debug\liblplm4f120h5qr_core.a(main.o)
 .debug_info    0x0000f3b4     0x2252 C:/TI/Energia/energiaWorkspace/lplm4f120h5qr_core/Debug\liblplm4f120h5qr_core.a(Print.o)
 .debug_info    0x00011606      0x434 C:/TI/Energia/energiaWorkspace/lplm4f120h5qr_core/Debug\liblplm4f120h5qr_core.a(eeprom.o)
 .debug_info    0x00011a3a      0xd41 C:/TI/Energia/energiaWorkspace/lplm4f120h5qr_core/Debug\liblplm4f120h5qr_core.a(gpio.o)

.debug_abbrev   0x00000000     0x3408
 .debug_abbrev  0x00000000      0x37d ./WeatherStationWIFI.o
 .debug_abbrev  0x0000037d      0x468 C:/TI/Energia/energiaWorkspace/lplm4f120h5qr_WiFi/Debug\liblplm4f120h5qr_WiFi.a(TCPclient.o)
 .debug_abbrev  0x000007e5      0x385 C:/TI/Energia/energiaWorkspace/lplm4f120h5qr_WiFi/Debug\liblplm4f120h5qr_WiFi.a(WiFi.o)
 .debug_abbrev  0x00000b6a       0xbd C:/TI/Energia/energiaWorkspace/lplm4f120h5qr_WiFi/Debug\liblplm4f120h5qr_WiFi.a(board.o)
 .debug_abbrev  0x00000c27      0x1ce C:/TI/Energia/energiaWorkspace/lplm4f120h5qr_WiFi/Debug\liblplm4f120h5qr_WiFi.a(netapp.o)
 .debug_abbrev  0x00000df5      0x171 C:/TI/Energia/energiaWorkspace/lplm4f120h5qr_WiFi/Debug\liblplm4f120h5qr_WiFi.a(nvmem.o)
 .debug_abbrev  0x00000f66       0x70 C:/TI/Energia/energiaWorkspace/lplm4f120h5qr_WiFi/Debug\liblplm4f120h5qr_WiFi.a(patch.o)
 .debug_abbrev  0x00000fd6      0x131 C:/TI/Energia/energiaWorkspace/lplm4f120h5qr_WiFi/Debug\liblplm4f120h5qr_WiFi.a(security.o)
 .debug_abbrev  0x00001107       0xd1 C:/TI/Energia/energiaWorkspace/lplm4f120h5qr_WiFi/Debug\liblplm4f120h5qr_WiFi.a(SimplelinkWifi.o)
 .debug_abbrev  0x000011d8      0x1f8 C:/TI/Energia/energiaWorkspace/lplm4f120h5qr_WiFi/Debug\liblplm4f120h5qr_WiFi.a(socket.o)
 .debug_abbrev  0x000013d0      0x245 C:/TI/Energia/energiaWorkspace/lplm4f120h5qr_WiFi/Debug\liblplm4f120h5qr_WiFi.a(wlan.o)
 .debug_abbrev  0x00001615      0x2a4 C:/TI/Energia/energiaWorkspace/lplm4f120h5qr_WiFi/Debug\liblplm4f120h5qr_WiFi.a(spi.o)
 .debug_abbrev  0x000018b9       0xb2 C:/TI/Energia/energiaWorkspace/lplm4f120h5qr_WiFi/Debug\liblplm4f120h5qr_WiFi.a(cc3000_common.o)
 .debug_abbrev  0x0000196b      0x268 C:/TI/Energia/energiaWorkspace/lplm4f120h5qr_WiFi/Debug\liblplm4f120h5qr_WiFi.a(evnt_handler.o)
 .debug_abbrev  0x00001bd3       0xc2 C:/TI/Energia/energiaWorkspace/lplm4f120h5qr_WiFi/Debug\liblplm4f120h5qr_WiFi.a(hci.o)
 .debug_abbrev  0x00001c95      0x241 C:/TI/Energia/energiaWorkspace/lplm4f120h5qr_SPI/Debug\liblplm4f120h5qr_SPI.a(SPI.o)
 .debug_abbrev  0x00001ed6      0x1c8 C:/TI/Energia/energiaWorkspace/lplm4f120h5qr_core/Debug\liblplm4f120h5qr_core.a(startup_gcc.o)
 .debug_abbrev  0x0000209e      0x1b9 C:/TI/Energia/energiaWorkspace/lplm4f120h5qr_core/Debug\liblplm4f120h5qr_core.a(sysctl.o)
 .debug_abbrev  0x00002257      0x140 C:/TI/Energia/energiaWorkspace/lplm4f120h5qr_core/Debug\liblplm4f120h5qr_core.a(WInterrupts.o)
 .debug_abbrev  0x00002397      0x14d C:/TI/Energia/energiaWorkspace/lplm4f120h5qr_core/Debug\liblplm4f120h5qr_core.a(wiring.o)
 .debug_abbrev  0x000024e4      0x10a C:/TI/Energia/energiaWorkspace/lplm4f120h5qr_core/Debug\liblplm4f120h5qr_core.a(wiring_digital.o)
 .debug_abbrev  0x000025ee      0x463 C:/TI/Energia/energiaWorkspace/lplm4f120h5qr_core/Debug\liblplm4f120h5qr_core.a(HardwareSerial.o)
 .debug_abbrev  0x00002a51      0x2c1 C:/TI/Energia/energiaWorkspace/lplm4f120h5qr_core/Debug\liblplm4f120h5qr_core.a(IPAddress.o)
 .debug_abbrev  0x00002d12       0x84 C:/TI/Energia/energiaWorkspace/lplm4f120h5qr_core/Debug\liblplm4f120h5qr_core.a(main.o)
 .debug_abbrev  0x00002d96      0x41e C:/TI/Energia/energiaWorkspace/lplm4f120h5qr_core/Debug\liblplm4f120h5qr_core.a(Print.o)
 .debug_abbrev  0x000031b4      0x137 C:/TI/Energia/energiaWorkspace/lplm4f120h5qr_core/Debug\liblplm4f120h5qr_core.a(eeprom.o)
 .debug_abbrev  0x000032eb      0x11d C:/TI/Energia/energiaWorkspace/lplm4f120h5qr_core/Debug\liblplm4f120h5qr_core.a(gpio.o)

.debug_loc      0x00000000     0x86fc
 .debug_loc     0x00000000       0x7a ./WeatherStationWIFI.o
 .debug_loc     0x0000007a      0x43c C:/TI/Energia/energiaWorkspace/lplm4f120h5qr_WiFi/Debug\liblplm4f120h5qr_WiFi.a(TCPclient.o)
 .debug_loc     0x000004b6      0x689 C:/TI/Energia/energiaWorkspace/lplm4f120h5qr_WiFi/Debug\liblplm4f120h5qr_WiFi.a(WiFi.o)
 .debug_loc     0x00000b3f       0x13 C:/TI/Energia/energiaWorkspace/lplm4f120h5qr_WiFi/Debug\liblplm4f120h5qr_WiFi.a(board.o)
 .debug_loc     0x00000b52      0x448 C:/TI/Energia/energiaWorkspace/lplm4f120h5qr_WiFi/Debug\liblplm4f120h5qr_WiFi.a(netapp.o)
 .debug_loc     0x00000f9a      0x3f2 C:/TI/Energia/energiaWorkspace/lplm4f120h5qr_WiFi/Debug\liblplm4f120h5qr_WiFi.a(nvmem.o)
 .debug_loc     0x0000138c       0x39 C:/TI/Energia/energiaWorkspace/lplm4f120h5qr_WiFi/Debug\liblplm4f120h5qr_WiFi.a(patch.o)
 .debug_loc     0x000013c5      0x842 C:/TI/Energia/energiaWorkspace/lplm4f120h5qr_WiFi/Debug\liblplm4f120h5qr_WiFi.a(security.o)
 .debug_loc     0x00001c07       0x7b C:/TI/Energia/energiaWorkspace/lplm4f120h5qr_WiFi/Debug\liblplm4f120h5qr_WiFi.a(SimplelinkWifi.o)
 .debug_loc     0x00001c82      0xfcd C:/TI/Energia/energiaWorkspace/lplm4f120h5qr_WiFi/Debug\liblplm4f120h5qr_WiFi.a(socket.o)
 .debug_loc     0x00002c4f     0x1114 C:/TI/Energia/energiaWorkspace/lplm4f120h5qr_WiFi/Debug\liblplm4f120h5qr_WiFi.a(wlan.o)
 .debug_loc     0x00003d63      0x2c6 C:/TI/Energia/energiaWorkspace/lplm4f120h5qr_WiFi/Debug\liblplm4f120h5qr_WiFi.a(spi.o)
 .debug_loc     0x00004029       0xe9 C:/TI/Energia/energiaWorkspace/lplm4f120h5qr_WiFi/Debug\liblplm4f120h5qr_WiFi.a(cc3000_common.o)
 .debug_loc     0x00004112      0xd42 C:/TI/Energia/energiaWorkspace/lplm4f120h5qr_WiFi/Debug\liblplm4f120h5qr_WiFi.a(evnt_handler.o)
 .debug_loc     0x00004e54      0x348 C:/TI/Energia/energiaWorkspace/lplm4f120h5qr_WiFi/Debug\liblplm4f120h5qr_WiFi.a(hci.o)
 .debug_loc     0x0000519c       0x9b C:/TI/Energia/energiaWorkspace/lplm4f120h5qr_SPI/Debug\liblplm4f120h5qr_SPI.a(SPI.o)
 .debug_loc     0x00005237      0x160 C:/TI/Energia/energiaWorkspace/lplm4f120h5qr_core/Debug\liblplm4f120h5qr_core.a(startup_gcc.o)
 .debug_loc     0x00005397      0x8a4 C:/TI/Energia/energiaWorkspace/lplm4f120h5qr_core/Debug\liblplm4f120h5qr_core.a(sysctl.o)
 .debug_loc     0x00005c3b      0x288 C:/TI/Energia/energiaWorkspace/lplm4f120h5qr_core/Debug\liblplm4f120h5qr_core.a(WInterrupts.o)
 .debug_loc     0x00005ec3      0x185 C:/TI/Energia/energiaWorkspace/lplm4f120h5qr_core/Debug\liblplm4f120h5qr_core.a(wiring.o)
 .debug_loc     0x00006048      0x2f2 C:/TI/Energia/energiaWorkspace/lplm4f120h5qr_core/Debug\liblplm4f120h5qr_core.a(wiring_digital.o)
 .debug_loc     0x0000633a      0x33e C:/TI/Energia/energiaWorkspace/lplm4f120h5qr_core/Debug\liblplm4f120h5qr_core.a(HardwareSerial.o)
 .debug_loc     0x00006678      0x1d9 C:/TI/Energia/energiaWorkspace/lplm4f120h5qr_core/Debug\liblplm4f120h5qr_core.a(IPAddress.o)
 .debug_loc     0x00006851     0x1062 C:/TI/Energia/energiaWorkspace/lplm4f120h5qr_core/Debug\liblplm4f120h5qr_core.a(Print.o)
 .debug_loc     0x000078b3      0x326 C:/TI/Energia/energiaWorkspace/lplm4f120h5qr_core/Debug\liblplm4f120h5qr_core.a(eeprom.o)
 .debug_loc     0x00007bd9      0xb23 C:/TI/Energia/energiaWorkspace/lplm4f120h5qr_core/Debug\liblplm4f120h5qr_core.a(gpio.o)

.debug_aranges  0x00000000      0xfa0
 .debug_aranges
                0x00000000       0x30 ./WeatherStationWIFI.o
 .debug_aranges
                0x00000030       0x98 C:/TI/Energia/energiaWorkspace/lplm4f120h5qr_WiFi/Debug\liblplm4f120h5qr_WiFi.a(TCPclient.o)
 .debug_aranges
                0x000000c8      0x110 C:/TI/Energia/energiaWorkspace/lplm4f120h5qr_WiFi/Debug\liblplm4f120h5qr_WiFi.a(WiFi.o)
 .debug_aranges
                0x000001d8       0x40 C:/TI/Energia/energiaWorkspace/lplm4f120h5qr_WiFi/Debug\liblplm4f120h5qr_WiFi.a(board.o)
 .debug_aranges
                0x00000218       0x60 C:/TI/Energia/energiaWorkspace/lplm4f120h5qr_WiFi/Debug\liblplm4f120h5qr_WiFi.a(netapp.o)
 .debug_aranges
                0x00000278       0x50 C:/TI/Energia/energiaWorkspace/lplm4f120h5qr_WiFi/Debug\liblplm4f120h5qr_WiFi.a(nvmem.o)
 .debug_aranges
                0x000002c8       0x30 C:/TI/Energia/energiaWorkspace/lplm4f120h5qr_WiFi/Debug\liblplm4f120h5qr_WiFi.a(patch.o)
 .debug_aranges
                0x000002f8       0x58 C:/TI/Energia/energiaWorkspace/lplm4f120h5qr_WiFi/Debug\liblplm4f120h5qr_WiFi.a(security.o)
 .debug_aranges
                0x00000350       0x20 C:/TI/Energia/energiaWorkspace/lplm4f120h5qr_WiFi/Debug\liblplm4f120h5qr_WiFi.a(SimplelinkWifi.o)
 .debug_aranges
                0x00000370       0xa8 C:/TI/Energia/energiaWorkspace/lplm4f120h5qr_WiFi/Debug\liblplm4f120h5qr_WiFi.a(socket.o)
 .debug_aranges
                0x00000418       0xa0 C:/TI/Energia/energiaWorkspace/lplm4f120h5qr_WiFi/Debug\liblplm4f120h5qr_WiFi.a(wlan.o)
 .debug_aranges
                0x000004b8       0x88 C:/TI/Energia/energiaWorkspace/lplm4f120h5qr_WiFi/Debug\liblplm4f120h5qr_WiFi.a(spi.o)
 .debug_aranges
                0x00000540       0x40 C:/TI/Energia/energiaWorkspace/lplm4f120h5qr_WiFi/Debug\liblplm4f120h5qr_WiFi.a(cc3000_common.o)
 .debug_aranges
                0x00000580       0x60 C:/TI/Energia/energiaWorkspace/lplm4f120h5qr_WiFi/Debug\liblplm4f120h5qr_WiFi.a(evnt_handler.o)
 .debug_aranges
                0x000005e0       0x38 C:/TI/Energia/energiaWorkspace/lplm4f120h5qr_WiFi/Debug\liblplm4f120h5qr_WiFi.a(hci.o)
 .debug_aranges
                0x00000618       0x70 C:/TI/Energia/energiaWorkspace/lplm4f120h5qr_SPI/Debug\liblplm4f120h5qr_SPI.a(SPI.o)
 .debug_aranges
                0x00000688       0xd8 C:/TI/Energia/energiaWorkspace/lplm4f120h5qr_core/Debug\liblplm4f120h5qr_core.a(startup_gcc.o)
 .debug_aranges
                0x00000760      0x1e8 C:/TI/Energia/energiaWorkspace/lplm4f120h5qr_core/Debug\liblplm4f120h5qr_core.a(sysctl.o)
 .debug_aranges
                0x00000948       0xa8 C:/TI/Energia/energiaWorkspace/lplm4f120h5qr_core/Debug\liblplm4f120h5qr_core.a(WInterrupts.o)
 .debug_aranges
                0x000009f0       0x68 C:/TI/Energia/energiaWorkspace/lplm4f120h5qr_core/Debug\liblplm4f120h5qr_core.a(wiring.o)
 .debug_aranges
                0x00000a58       0x30 C:/TI/Energia/energiaWorkspace/lplm4f120h5qr_core/Debug\liblplm4f120h5qr_core.a(wiring_digital.o)
 .debug_aranges
                0x00000a88      0x128 C:/TI/Energia/energiaWorkspace/lplm4f120h5qr_core/Debug\liblplm4f120h5qr_core.a(HardwareSerial.o)
 .debug_aranges
                0x00000bb0       0x60 C:/TI/Energia/energiaWorkspace/lplm4f120h5qr_core/Debug\liblplm4f120h5qr_core.a(IPAddress.o)
 .debug_aranges
                0x00000c10       0x28 C:/TI/Energia/energiaWorkspace/lplm4f120h5qr_core/Debug\liblplm4f120h5qr_core.a(main.o)
 .debug_aranges
                0x00000c38      0x100 C:/TI/Energia/energiaWorkspace/lplm4f120h5qr_core/Debug\liblplm4f120h5qr_core.a(Print.o)
 .debug_aranges
                0x00000d38       0xc0 C:/TI/Energia/energiaWorkspace/lplm4f120h5qr_core/Debug\liblplm4f120h5qr_core.a(eeprom.o)
 .debug_aranges
                0x00000df8      0x1a8 C:/TI/Energia/energiaWorkspace/lplm4f120h5qr_core/Debug\liblplm4f120h5qr_core.a(gpio.o)

.debug_ranges   0x00000000     0x1280
 .debug_ranges  0x00000000       0x68 ./WeatherStationWIFI.o
 .debug_ranges  0x00000068      0x188 C:/TI/Energia/energiaWorkspace/lplm4f120h5qr_WiFi/Debug\liblplm4f120h5qr_WiFi.a(TCPclient.o)
 .debug_ranges  0x000001f0      0x148 C:/TI/Energia/energiaWorkspace/lplm4f120h5qr_WiFi/Debug\liblplm4f120h5qr_WiFi.a(WiFi.o)
 .debug_ranges  0x00000338       0x30 C:/TI/Energia/energiaWorkspace/lplm4f120h5qr_WiFi/Debug\liblplm4f120h5qr_WiFi.a(board.o)
 .debug_ranges  0x00000368       0x50 C:/TI/Energia/energiaWorkspace/lplm4f120h5qr_WiFi/Debug\liblplm4f120h5qr_WiFi.a(netapp.o)
 .debug_ranges  0x000003b8       0x40 C:/TI/Energia/energiaWorkspace/lplm4f120h5qr_WiFi/Debug\liblplm4f120h5qr_WiFi.a(nvmem.o)
 .debug_ranges  0x000003f8       0x20 C:/TI/Energia/energiaWorkspace/lplm4f120h5qr_WiFi/Debug\liblplm4f120h5qr_WiFi.a(patch.o)
 .debug_ranges  0x00000418       0x48 C:/TI/Energia/energiaWorkspace/lplm4f120h5qr_WiFi/Debug\liblplm4f120h5qr_WiFi.a(security.o)
 .debug_ranges  0x00000460       0x10 C:/TI/Energia/energiaWorkspace/lplm4f120h5qr_WiFi/Debug\liblplm4f120h5qr_WiFi.a(SimplelinkWifi.o)
 .debug_ranges  0x00000470       0xb0 C:/TI/Energia/energiaWorkspace/lplm4f120h5qr_WiFi/Debug\liblplm4f120h5qr_WiFi.a(socket.o)
 .debug_ranges  0x00000520       0x90 C:/TI/Energia/energiaWorkspace/lplm4f120h5qr_WiFi/Debug\liblplm4f120h5qr_WiFi.a(wlan.o)
 .debug_ranges  0x000005b0       0xb0 C:/TI/Energia/energiaWorkspace/lplm4f120h5qr_WiFi/Debug\liblplm4f120h5qr_WiFi.a(spi.o)
 .debug_ranges  0x00000660       0x30 C:/TI/Energia/energiaWorkspace/lplm4f120h5qr_WiFi/Debug\liblplm4f120h5qr_WiFi.a(cc3000_common.o)
 .debug_ranges  0x00000690       0x50 C:/TI/Energia/energiaWorkspace/lplm4f120h5qr_WiFi/Debug\liblplm4f120h5qr_WiFi.a(evnt_handler.o)
 .debug_ranges  0x000006e0       0x28 C:/TI/Energia/energiaWorkspace/lplm4f120h5qr_WiFi/Debug\liblplm4f120h5qr_WiFi.a(hci.o)
 .debug_ranges  0x00000708       0x90 C:/TI/Energia/energiaWorkspace/lplm4f120h5qr_SPI/Debug\liblplm4f120h5qr_SPI.a(SPI.o)
 .debug_ranges  0x00000798       0xc8 C:/TI/Energia/energiaWorkspace/lplm4f120h5qr_core/Debug\liblplm4f120h5qr_core.a(startup_gcc.o)
 .debug_ranges  0x00000860      0x200 C:/TI/Energia/energiaWorkspace/lplm4f120h5qr_core/Debug\liblplm4f120h5qr_core.a(sysctl.o)
 .debug_ranges  0x00000a60       0x98 C:/TI/Energia/energiaWorkspace/lplm4f120h5qr_core/Debug\liblplm4f120h5qr_core.a(WInterrupts.o)
 .debug_ranges  0x00000af8       0x58 C:/TI/Energia/energiaWorkspace/lplm4f120h5qr_core/Debug\liblplm4f120h5qr_core.a(wiring.o)
 .debug_ranges  0x00000b50       0x20 C:/TI/Energia/energiaWorkspace/lplm4f120h5qr_core/Debug\liblplm4f120h5qr_core.a(wiring_digital.o)
 .debug_ranges  0x00000b70      0x1e0 C:/TI/Energia/energiaWorkspace/lplm4f120h5qr_core/Debug\liblplm4f120h5qr_core.a(HardwareSerial.o)
 .debug_ranges  0x00000d50       0x80 C:/TI/Energia/energiaWorkspace/lplm4f120h5qr_core/Debug\liblplm4f120h5qr_core.a(IPAddress.o)
 .debug_ranges  0x00000dd0       0x18 C:/TI/Energia/energiaWorkspace/lplm4f120h5qr_core/Debug\liblplm4f120h5qr_core.a(main.o)
 .debug_ranges  0x00000de8      0x250 C:/TI/Energia/energiaWorkspace/lplm4f120h5qr_core/Debug\liblplm4f120h5qr_core.a(Print.o)
 .debug_ranges  0x00001038       0xb0 C:/TI/Energia/energiaWorkspace/lplm4f120h5qr_core/Debug\liblplm4f120h5qr_core.a(eeprom.o)
 .debug_ranges  0x000010e8      0x198 C:/TI/Energia/energiaWorkspace/lplm4f120h5qr_core/Debug\liblplm4f120h5qr_core.a(gpio.o)

.debug_line     0x00000000     0x6035
 .debug_line    0x00000000      0x386 ./WeatherStationWIFI.o
 .debug_line    0x00000386      0x508 C:/TI/Energia/energiaWorkspace/lplm4f120h5qr_WiFi/Debug\liblplm4f120h5qr_WiFi.a(TCPclient.o)
 .debug_line    0x0000088e      0x590 C:/TI/Energia/energiaWorkspace/lplm4f120h5qr_WiFi/Debug\liblplm4f120h5qr_WiFi.a(WiFi.o)
 .debug_line    0x00000e1e      0x1e1 C:/TI/Energia/energiaWorkspace/lplm4f120h5qr_WiFi/Debug\liblplm4f120h5qr_WiFi.a(board.o)
 .debug_line    0x00000fff      0x196 C:/TI/Energia/energiaWorkspace/lplm4f120h5qr_WiFi/Debug\liblplm4f120h5qr_WiFi.a(netapp.o)
 .debug_line    0x00001195      0x141 C:/TI/Energia/energiaWorkspace/lplm4f120h5qr_WiFi/Debug\liblplm4f120h5qr_WiFi.a(nvmem.o)
 .debug_line    0x000012d6       0xa0 C:/TI/Energia/energiaWorkspace/lplm4f120h5qr_WiFi/Debug\liblplm4f120h5qr_WiFi.a(patch.o)
 .debug_line    0x00001376      0x841 C:/TI/Energia/energiaWorkspace/lplm4f120h5qr_WiFi/Debug\liblplm4f120h5qr_WiFi.a(security.o)
 .debug_line    0x00001bb7      0x1b5 C:/TI/Energia/energiaWorkspace/lplm4f120h5qr_WiFi/Debug\liblplm4f120h5qr_WiFi.a(SimplelinkWifi.o)
 .debug_line    0x00001d6c      0x471 C:/TI/Energia/energiaWorkspace/lplm4f120h5qr_WiFi/Debug\liblplm4f120h5qr_WiFi.a(socket.o)
 .debug_line    0x000021dd      0x482 C:/TI/Energia/energiaWorkspace/lplm4f120h5qr_WiFi/Debug\liblplm4f120h5qr_WiFi.a(wlan.o)
 .debug_line    0x0000265f      0x373 C:/TI/Energia/energiaWorkspace/lplm4f120h5qr_WiFi/Debug\liblplm4f120h5qr_WiFi.a(spi.o)
 .debug_line    0x000029d2      0x197 C:/TI/Energia/energiaWorkspace/lplm4f120h5qr_WiFi/Debug\liblplm4f120h5qr_WiFi.a(cc3000_common.o)
 .debug_line    0x00002b69      0x3d6 C:/TI/Energia/energiaWorkspace/lplm4f120h5qr_WiFi/Debug\liblplm4f120h5qr_WiFi.a(evnt_handler.o)
 .debug_line    0x00002f3f      0x21b C:/TI/Energia/energiaWorkspace/lplm4f120h5qr_WiFi/Debug\liblplm4f120h5qr_WiFi.a(hci.o)
 .debug_line    0x0000315a      0x267 C:/TI/Energia/energiaWorkspace/lplm4f120h5qr_SPI/Debug\liblplm4f120h5qr_SPI.a(SPI.o)
 .debug_line    0x000033c1      0x3b9 C:/TI/Energia/energiaWorkspace/lplm4f120h5qr_core/Debug\liblplm4f120h5qr_core.a(startup_gcc.o)
 .debug_line    0x0000377a      0x74a C:/TI/Energia/energiaWorkspace/lplm4f120h5qr_core/Debug\liblplm4f120h5qr_core.a(sysctl.o)
 .debug_line    0x00003ec4      0x332 C:/TI/Energia/energiaWorkspace/lplm4f120h5qr_core/Debug\liblplm4f120h5qr_core.a(WInterrupts.o)
 .debug_line    0x000041f6      0x2af C:/TI/Energia/energiaWorkspace/lplm4f120h5qr_core/Debug\liblplm4f120h5qr_core.a(wiring.o)
 .debug_line    0x000044a5      0x1d8 C:/TI/Energia/energiaWorkspace/lplm4f120h5qr_core/Debug\liblplm4f120h5qr_core.a(wiring_digital.o)
 .debug_line    0x0000467d      0x596 C:/TI/Energia/energiaWorkspace/lplm4f120h5qr_core/Debug\liblplm4f120h5qr_core.a(HardwareSerial.o)
 .debug_line    0x00004c13      0x2f0 C:/TI/Energia/energiaWorkspace/lplm4f120h5qr_core/Debug\liblplm4f120h5qr_core.a(IPAddress.o)
 .debug_line    0x00004f03      0x1b5 C:/TI/Energia/energiaWorkspace/lplm4f120h5qr_core/Debug\liblplm4f120h5qr_core.a(main.o)
 .debug_line    0x000050b8      0x51e C:/TI/Energia/energiaWorkspace/lplm4f120h5qr_core/Debug\liblplm4f120h5qr_core.a(Print.o)
 .debug_line    0x000055d6      0x3b3 C:/TI/Energia/energiaWorkspace/lplm4f120h5qr_core/Debug\liblplm4f120h5qr_core.a(eeprom.o)
 .debug_line    0x00005989      0x6ac C:/TI/Energia/energiaWorkspace/lplm4f120h5qr_core/Debug\liblplm4f120h5qr_core.a(gpio.o)

.debug_str      0x00000000     0x555d
 .debug_str     0x00000000      0x908 ./WeatherStationWIFI.o
                                0x9cd (size before relaxing)
 .debug_str     0x00000908      0xf6c C:/TI/Energia/energiaWorkspace/lplm4f120h5qr_WiFi/Debug\liblplm4f120h5qr_WiFi.a(TCPclient.o)
                               0x1854 (size before relaxing)
 .debug_str     0x00001874      0x3f3 C:/TI/Energia/energiaWorkspace/lplm4f120h5qr_WiFi/Debug\liblplm4f120h5qr_WiFi.a(WiFi.o)
                                0xc8f (size before relaxing)
 .debug_str     0x00001c67      0x15a C:/TI/Energia/energiaWorkspace/lplm4f120h5qr_WiFi/Debug\liblplm4f120h5qr_WiFi.a(board.o)
                                0x38e (size before relaxing)
 .debug_str     0x00001dc1      0x2d8 C:/TI/Energia/energiaWorkspace/lplm4f120h5qr_WiFi/Debug\liblplm4f120h5qr_WiFi.a(netapp.o)
                                0x58c (size before relaxing)
 .debug_str     0x00002099      0x137 C:/TI/Energia/energiaWorkspace/lplm4f120h5qr_WiFi/Debug\liblplm4f120h5qr_WiFi.a(nvmem.o)
                                0x52e (size before relaxing)
 .debug_str     0x000021d0       0x7f C:/TI/Energia/energiaWorkspace/lplm4f120h5qr_WiFi/Debug\liblplm4f120h5qr_WiFi.a(patch.o)
                                0x21c (size before relaxing)
 .debug_str     0x0000224f       0xef C:/TI/Energia/energiaWorkspace/lplm4f120h5qr_WiFi/Debug\liblplm4f120h5qr_WiFi.a(security.o)
                                0x28a (size before relaxing)
 .debug_str     0x0000233e       0xd9 C:/TI/Energia/energiaWorkspace/lplm4f120h5qr_WiFi/Debug\liblplm4f120h5qr_WiFi.a(SimplelinkWifi.o)
                                0x465 (size before relaxing)
 .debug_str     0x00002417      0x377 C:/TI/Energia/energiaWorkspace/lplm4f120h5qr_WiFi/Debug\liblplm4f120h5qr_WiFi.a(socket.o)
                                0x91b (size before relaxing)
 .debug_str     0x0000278e      0x42a C:/TI/Energia/energiaWorkspace/lplm4f120h5qr_WiFi/Debug\liblplm4f120h5qr_WiFi.a(wlan.o)
                                0x93b (size before relaxing)
 .debug_str     0x00002bb8      0x3fe C:/TI/Energia/energiaWorkspace/lplm4f120h5qr_WiFi/Debug\liblplm4f120h5qr_WiFi.a(spi.o)
                                0x940 (size before relaxing)
 .debug_str     0x00002fb6       0xbd C:/TI/Energia/energiaWorkspace/lplm4f120h5qr_WiFi/Debug\liblplm4f120h5qr_WiFi.a(cc3000_common.o)
                                0x26e (size before relaxing)
 .debug_str     0x00003073      0x28b C:/TI/Energia/energiaWorkspace/lplm4f120h5qr_WiFi/Debug\liblplm4f120h5qr_WiFi.a(evnt_handler.o)
                                0x86f (size before relaxing)
 .debug_str     0x000032fe      0x10d C:/TI/Energia/energiaWorkspace/lplm4f120h5qr_WiFi/Debug\liblplm4f120h5qr_WiFi.a(hci.o)
                                0x3f6 (size before relaxing)
 .debug_str     0x0000340b      0x11d C:/TI/Energia/energiaWorkspace/lplm4f120h5qr_SPI/Debug\liblplm4f120h5qr_SPI.a(SPI.o)
                                0x560 (size before relaxing)
 .debug_str     0x00003528      0x2ff C:/TI/Energia/energiaWorkspace/lplm4f120h5qr_core/Debug\liblplm4f120h5qr_core.a(startup_gcc.o)
                                0x5ff (size before relaxing)
 .debug_str     0x00003827      0x745 C:/TI/Energia/energiaWorkspace/lplm4f120h5qr_core/Debug\liblplm4f120h5qr_core.a(sysctl.o)
                                0x8fc (size before relaxing)
 .debug_str     0x00003f6c      0x255 C:/TI/Energia/energiaWorkspace/lplm4f120h5qr_core/Debug\liblplm4f120h5qr_core.a(WInterrupts.o)
                                0x552 (size before relaxing)
 .debug_str     0x000041c1       0xef C:/TI/Energia/energiaWorkspace/lplm4f120h5qr_core/Debug\liblplm4f120h5qr_core.a(wiring.o)
                                0x3c4 (size before relaxing)
 .debug_str     0x000042b0       0xc9 C:/TI/Energia/energiaWorkspace/lplm4f120h5qr_core/Debug\liblplm4f120h5qr_core.a(wiring_digital.o)
                                0x3e7 (size before relaxing)
 .debug_str     0x00004379      0x4c0 C:/TI/Energia/energiaWorkspace/lplm4f120h5qr_core/Debug\liblplm4f120h5qr_core.a(HardwareSerial.o)
                               0x1423 (size before relaxing)
 .debug_str     0x00004839      0x1a0 C:/TI/Energia/energiaWorkspace/lplm4f120h5qr_core/Debug\liblplm4f120h5qr_core.a(IPAddress.o)
                                0x5ef (size before relaxing)
 .debug_str     0x000049d9       0x42 C:/TI/Energia/energiaWorkspace/lplm4f120h5qr_core/Debug\liblplm4f120h5qr_core.a(main.o)
                                0x342 (size before relaxing)
 .debug_str     0x00004a1b      0x404 C:/TI/Energia/energiaWorkspace/lplm4f120h5qr_core/Debug\liblplm4f120h5qr_core.a(Print.o)
                                0xfe3 (size before relaxing)
 .debug_str     0x00004e1f      0x217 C:/TI/Energia/energiaWorkspace/lplm4f120h5qr_core/Debug\liblplm4f120h5qr_core.a(eeprom.o)
                                0x3df (size before relaxing)
 .debug_str     0x00005036      0x527 C:/TI/Energia/energiaWorkspace/lplm4f120h5qr_core/Debug\liblplm4f120h5qr_core.a(gpio.o)
                                0x724 (size before relaxing)

.comment        0x00000000       0x70
 .comment       0x00000000       0x70 ./WeatherStationWIFI.o
                                 0x71 (size before relaxing)
 .comment       0x00000000       0x71 C:/TI/Energia/energiaWorkspace/lplm4f120h5qr_WiFi/Debug\liblplm4f120h5qr_WiFi.a(TCPclient.o)
 .comment       0x00000000       0x71 C:/TI/Energia/energiaWorkspace/lplm4f120h5qr_WiFi/Debug\liblplm4f120h5qr_WiFi.a(WiFi.o)
 .comment       0x00000000       0x71 C:/TI/Energia/energiaWorkspace/lplm4f120h5qr_WiFi/Debug\liblplm4f120h5qr_WiFi.a(board.o)
 .comment       0x00000000       0x71 C:/TI/Energia/energiaWorkspace/lplm4f120h5qr_WiFi/Debug\liblplm4f120h5qr_WiFi.a(netapp.o)
 .comment       0x00000000       0x71 C:/TI/Energia/energiaWorkspace/lplm4f120h5qr_WiFi/Debug\liblplm4f120h5qr_WiFi.a(nvmem.o)
 .comment       0x00000000       0x71 C:/TI/Energia/energiaWorkspace/lplm4f120h5qr_WiFi/Debug\liblplm4f120h5qr_WiFi.a(patch.o)
 .comment       0x00000000       0x71 C:/TI/Energia/energiaWorkspace/lplm4f120h5qr_WiFi/Debug\liblplm4f120h5qr_WiFi.a(security.o)
 .comment       0x00000000       0x71 C:/TI/Energia/energiaWorkspace/lplm4f120h5qr_WiFi/Debug\liblplm4f120h5qr_WiFi.a(SimplelinkWifi.o)
 .comment       0x00000000       0x71 C:/TI/Energia/energiaWorkspace/lplm4f120h5qr_WiFi/Debug\liblplm4f120h5qr_WiFi.a(socket.o)
 .comment       0x00000000       0x71 C:/TI/Energia/energiaWorkspace/lplm4f120h5qr_WiFi/Debug\liblplm4f120h5qr_WiFi.a(wlan.o)
 .comment       0x00000000       0x71 C:/TI/Energia/energiaWorkspace/lplm4f120h5qr_WiFi/Debug\liblplm4f120h5qr_WiFi.a(spi.o)