Archive member included because of file (symbol)

c:/freescale/kds_1.1.1/toolchain/bin/../lib/gcc/arm-none-eabi/4.8.0\libgcc.a(_udivsi3.o)
                              ./MQXLITE/psp/cortex_m/psp_tinm.o (__aeabi_uidiv)
c:/freescale/kds_1.1.1/toolchain/bin/../lib/gcc/arm-none-eabi/4.8.0\libgcc.a(_dvmd_tls.o)
                              c:/freescale/kds_1.1.1/toolchain/bin/../lib/gcc/arm-none-eabi/4.8.0\libgcc.a(_udivsi3.o) (__aeabi_idiv0)
c:/freescale/kds_1.1.1/toolchain/bin/../lib/gcc/arm-none-eabi/4.8.0/../../../../arm-none-eabi/lib\libg_s.a(lib_a-atexit.o)
                              c:/freescale/kds_1.1.1/toolchain/bin/../lib/gcc/arm-none-eabi/4.8.0/../../../../arm-none-eabi/lib/crt0.o (atexit)
c:/freescale/kds_1.1.1/toolchain/bin/../lib/gcc/arm-none-eabi/4.8.0/../../../../arm-none-eabi/lib\libg_s.a(lib_a-exit.o)
                              c:/freescale/kds_1.1.1/toolchain/bin/../lib/gcc/arm-none-eabi/4.8.0/../../../../arm-none-eabi/lib/crt0.o (exit)
c:/freescale/kds_1.1.1/toolchain/bin/../lib/gcc/arm-none-eabi/4.8.0/../../../../arm-none-eabi/lib\libg_s.a(lib_a-fini.o)
                              c:/freescale/kds_1.1.1/toolchain/bin/../lib/gcc/arm-none-eabi/4.8.0/../../../../arm-none-eabi/lib\libg_s.a(lib_a-exit.o) (__libc_fini_array)
c:/freescale/kds_1.1.1/toolchain/bin/../lib/gcc/arm-none-eabi/4.8.0/../../../../arm-none-eabi/lib\libg_s.a(lib_a-impure.o)
                              c:/freescale/kds_1.1.1/toolchain/bin/../lib/gcc/arm-none-eabi/4.8.0/../../../../arm-none-eabi/lib\libg_s.a(lib_a-exit.o) (_global_impure_ptr)
c:/freescale/kds_1.1.1/toolchain/bin/../lib/gcc/arm-none-eabi/4.8.0/../../../../arm-none-eabi/lib\libg_s.a(lib_a-memset.o)
                              c:/freescale/kds_1.1.1/toolchain/bin/../lib/gcc/arm-none-eabi/4.8.0/../../../../arm-none-eabi/lib/crt0.o (memset)
c:/freescale/kds_1.1.1/toolchain/bin/../lib/gcc/arm-none-eabi/4.8.0/../../../../arm-none-eabi/lib\libg_s.a(lib_a-printf.o)
                              ./Sources/usb/usb_reg.o (printf)
c:/freescale/kds_1.1.1/toolchain/bin/../lib/gcc/arm-none-eabi/4.8.0/../../../../arm-none-eabi/lib\libg_s.a(lib_a-puts.o)
                              ./Sources/usb/usb_reg.o (puts)
c:/freescale/kds_1.1.1/toolchain/bin/../lib/gcc/arm-none-eabi/4.8.0/../../../../arm-none-eabi/lib\libg_s.a(lib_a-strlen.o)
                              ./Sources/main.o (strlen)
c:/freescale/kds_1.1.1/toolchain/bin/../lib/gcc/arm-none-eabi/4.8.0/../../../../arm-none-eabi/lib\libg_s.a(lib_a-strncmp.o)
                              ./MQXLITE/kernel/task.o (strncmp)
c:/freescale/kds_1.1.1/toolchain/bin/../lib/gcc/arm-none-eabi/4.8.0/../../../../arm-none-eabi/lib\libg_s.a(lib_a-syscalls.o)
                              c:/freescale/kds_1.1.1/toolchain/bin/../lib/gcc/arm-none-eabi/4.8.0/../../../../arm-none-eabi/lib\libg_s.a(lib_a-exit.o) (_exit)
c:/freescale/kds_1.1.1/toolchain/bin/../lib/gcc/arm-none-eabi/4.8.0/../../../../arm-none-eabi/lib\libg_s.a(lib_a-vfprintf.o)
                              c:/freescale/kds_1.1.1/toolchain/bin/../lib/gcc/arm-none-eabi/4.8.0/../../../../arm-none-eabi/lib\libg_s.a(lib_a-printf.o) (_vfprintf_r)
c:/freescale/kds_1.1.1/toolchain/bin/../lib/gcc/arm-none-eabi/4.8.0/../../../../arm-none-eabi/lib\libg_s.a(lib_a-vfprintf_i.o)
                              c:/freescale/kds_1.1.1/toolchain/bin/../lib/gcc/arm-none-eabi/4.8.0/../../../../arm-none-eabi/lib\libg_s.a(lib_a-vfprintf.o) (_printf_i)
c:/freescale/kds_1.1.1/toolchain/bin/../lib/gcc/arm-none-eabi/4.8.0/../../../../arm-none-eabi/lib\libg_s.a(lib_a-wbuf.o)
                              c:/freescale/kds_1.1.1/toolchain/bin/../lib/gcc/arm-none-eabi/4.8.0/../../../../arm-none-eabi/lib\libg_s.a(lib_a-vfprintf.o) (__swbuf_r)
c:/freescale/kds_1.1.1/toolchain/bin/../lib/gcc/arm-none-eabi/4.8.0/../../../../arm-none-eabi/lib\libg_s.a(lib_a-wsetup.o)
                              c:/freescale/kds_1.1.1/toolchain/bin/../lib/gcc/arm-none-eabi/4.8.0/../../../../arm-none-eabi/lib\libg_s.a(lib_a-vfprintf.o) (__swsetup_r)
c:/freescale/kds_1.1.1/toolchain/bin/../lib/gcc/arm-none-eabi/4.8.0/../../../../arm-none-eabi/lib\libg_s.a(lib_a-__atexit.o)
                              c:/freescale/kds_1.1.1/toolchain/bin/../lib/gcc/arm-none-eabi/4.8.0/../../../../arm-none-eabi/lib\libg_s.a(lib_a-atexit.o) (__do_register_exitproc)
c:/freescale/kds_1.1.1/toolchain/bin/../lib/gcc/arm-none-eabi/4.8.0/../../../../arm-none-eabi/lib\libg_s.a(lib_a-__call_atexit.o)
                              c:/freescale/kds_1.1.1/toolchain/bin/../lib/gcc/arm-none-eabi/4.8.0/../../../../arm-none-eabi/lib\libg_s.a(lib_a-__atexit.o) (__call_exitprocs)
c:/freescale/kds_1.1.1/toolchain/bin/../lib/gcc/arm-none-eabi/4.8.0/../../../../arm-none-eabi/lib\libg_s.a(lib_a-errno.o)
                              c:/freescale/kds_1.1.1/toolchain/bin/../lib/gcc/arm-none-eabi/4.8.0/../../../../arm-none-eabi/lib\libg_s.a(lib_a-syscalls.o) (__errno)
[...]
Memory Configuration

Name             Origin             Length             Attributes
m_interrupts     0x00000000         0x000000c0         xr
m_text           0x00000410         0x0003fbf0         xr
m_data           0x1fffe000         0x00008000         rw
m_cfmprotrom     0x00000400         0x00000010         xr
*default*        0x00000000         0xffffffff

Linker script and memory map

LOAD c:/freescale/kds_1.1.1/toolchain/bin/../lib/gcc/arm-none-eabi/4.8.0/crti.o
LOAD c:/freescale/kds_1.1.1/toolchain/bin/../lib/gcc/arm-none-eabi/4.8.0/crtbegin.o
LOAD c:/freescale/kds_1.1.1/toolchain/bin/../lib/gcc/arm-none-eabi/4.8.0/../../../../arm-none-eabi/lib/crt0.o
LOAD ./Sources/usb/ring_buffer.o
LOAD ./Sources/usb/usb.o
LOAD ./Sources/usb/usb_cdc.o
LOAD ./Sources/usb/usb_reg.o
LOAD ./Sources/lcd/LCD.o
LOAD ./Sources/lcd/s401.o
LOAD ./Sources/bsp/bsp_KL25.o
LOAD ./Sources/I2C/hal_dev_mag3110.o
LOAD ./Sources/I2C/hal_dev_mma8451.o
LOAD ./Sources/I2C/hal_i2c.o
LOAD ./Sources/Events.o
LOAD ./Sources/main.o
LOAD ./Sources/mqx_tasks.o
LOAD ./Project_Settings/Startup_Code/startup.o
LOAD ./MQXLITE/psp/cortex_m/core/M0/boot.o
LOAD ./MQXLITE/psp/cortex_m/core/M0/dispatch.o
LOAD ./MQXLITE/psp/cortex_m/cortex.o
LOAD ./MQXLITE/psp/cortex_m/int_gkis.o
LOAD ./MQXLITE/psp/cortex_m/int_inst.o
LOAD ./MQXLITE/psp/cortex_m/int_kisr.o
LOAD ./MQXLITE/psp/cortex_m/int_pvta.o
LOAD ./MQXLITE/psp/cortex_m/int_unx.o
LOAD ./MQXLITE/psp/cortex_m/int_vtab.o
LOAD ./MQXLITE/psp/cortex_m/int_xcpt.o
LOAD ./MQXLITE/psp/cortex_m/mem_zero.o
LOAD ./MQXLITE/psp/cortex_m/psp_iinit.o
LOAD ./MQXLITE/psp/cortex_m/psp_supp.o
LOAD ./MQXLITE/psp/cortex_m/psp_tiad.o
LOAD ./MQXLITE/psp/cortex_m/psp_tinm.o
LOAD ./MQXLITE/psp/cortex_m/psp_tipr.o
LOAD ./MQXLITE/psp/cortex_m/psp_tisu.o
LOAD ./MQXLITE/psp/cortex_m/sc_irdyq.o
LOAD ./MQXLITE/psp/cortex_m/stack_bu.o
LOAD ./MQXLITE/psp/cortex_m/stack_de.o
LOAD ./MQXLITE/psp/cortex_m/stack_st.o
LOAD ./MQXLITE/kernel/idletask.o
LOAD ./MQXLITE/kernel/int.o
LOAD ./MQXLITE/kernel/klog.o
LOAD ./MQXLITE/kernel/lwevent.o
LOAD ./MQXLITE/kernel/lwlog.o
LOAD ./MQXLITE/kernel/lwmem.o
LOAD ./MQXLITE/kernel/lwmsgq.o
LOAD ./MQXLITE/kernel/lwsem.o
LOAD ./MQXLITE/kernel/lwtimer.o
LOAD ./MQXLITE/kernel/mqx_utils.o
LOAD ./MQXLITE/kernel/mqxlite.o
LOAD ./MQXLITE/kernel/mutex.o
LOAD ./MQXLITE/kernel/qu_test.o
LOAD ./MQXLITE/kernel/sched.o
LOAD ./MQXLITE/kernel/task.o
LOAD ./MQXLITE/kernel/time_ticks.o
LOAD ./MQXLITE/config/task_template_list.o
LOAD ./Generated_Code/Cpu.o
LOAD ./Generated_Code/I2C1.o
LOAD ./Generated_Code/MQX1.o
LOAD ./Generated_Code/PE_LDD.o
LOAD ./Generated_Code/SegLCD1.o
LOAD ./Generated_Code/SystemTimer1.o
LOAD ./Generated_Code/TU1.o
LOAD ./Generated_Code/USART0_DEBUG.o
LOAD ./Generated_Code/Vectors.o
LOAD ./Generated_Code/WDog1.o
LOAD c:/freescale/kds_1.1.1/toolchain/bin/../lib/gcc/arm-none-eabi/4.8.0/../../../../arm-none-eabi/lib\libstdc++.a
LOAD c:/freescale/kds_1.1.1/toolchain/bin/../lib/gcc/arm-none-eabi/4.8.0/../../../../arm-none-eabi/lib\libm.a
START GROUP
LOAD c:/freescale/kds_1.1.1/toolchain/bin/../lib/gcc/arm-none-eabi/4.8.0\libgcc.a
LOAD c:/freescale/kds_1.1.1/toolchain/bin/../lib/gcc/arm-none-eabi/4.8.0/../../../../arm-none-eabi/lib\libg_s.a
LOAD c:/freescale/kds_1.1.1/toolchain/bin/../lib/gcc/arm-none-eabi/4.8.0/../../../../arm-none-eabi/lib\libc_s.a
END GROUP
LOAD c:/freescale/kds_1.1.1/toolchain/bin/../lib/gcc/arm-none-eabi/4.8.0/crtend.o
LOAD c:/freescale/kds_1.1.1/toolchain/bin/../lib/gcc/arm-none-eabi/4.8.0/crtn.o
                0x20006000                _estack = 0x20006000
                0x20006000                __SP_INIT = _estack
                0x00000000                __heap_size = 0x0
                0x00000400                __stack_size = 0x400

.interrupts     0x00000000       0xc0
                0x00000000                __vector_table = .
                0x00000000                . = ALIGN (0x4)
 *(.vectortable)
 .vectortable   0x00000000       0xc0 ./Generated_Code/Vectors.o
                0x00000000                __vect_table
                0x000000c0                . = ALIGN (0x4)

.cfmprotect     0x00000400       0x10
                0x00000400                . = ALIGN (0x4)
 *(.cfmconfig)
 .cfmconfig     0x00000400       0x10 ./Generated_Code/Cpu.o
                0x00000400                _cfm
                0x00000410                . = ALIGN (0x4)

.text           0x00000410     0x23f4
                0x00000410                . = ALIGN (0x4)
 *(.text)
 .text          0x00000410       0x34 ./MQXLITE/psp/cortex_m/core/M0/boot.o
                0x00000410                __boot
 .text          0x00000444       0x9c c:/freescale/kds_1.1.1/toolchain/bin/../lib/gcc/arm-none-eabi/4.8.0\libgcc.a(_udivsi3.o)
                0x00000444                __aeabi_uidiv
                0x00000444                __udivsi3
                0x000004cc                __aeabi_uidivmod
 .text          0x000004e0        0x4 c:/freescale/kds_1.1.1/toolchain/bin/../lib/gcc/arm-none-eabi/4.8.0\libgcc.a(_dvmd_tls.o)
                0x000004e0                __aeabi_idiv0
                0x000004e0                __aeabi_ldiv0
 *(.text*)
 .text.deregister_tm_clones
                0x000004e4       0x24 c:/freescale/kds_1.1.1/toolchain/bin/../lib/gcc/arm-none-eabi/4.8.0/crtbegin.o
 .text.register_tm_clones
                0x00000508       0x28 c:/freescale/kds_1.1.1/toolchain/bin/../lib/gcc/arm-none-eabi/4.8.0/crtbegin.o
 .text.__do_global_dtors_aux
                0x00000530       0x30 c:/freescale/kds_1.1.1/toolchain/bin/../lib/gcc/arm-none-eabi/4.8.0/crtbegin.o
 .text.frame_dummy
                0x00000560       0x3c c:/freescale/kds_1.1.1/toolchain/bin/../lib/gcc/arm-none-eabi/4.8.0/crtbegin.o
 .text.vfnLCD_Home
                0x0000059c       0x14 ./Sources/lcd/LCD.o
                0x0000059c                vfnLCD_Home
 .text.vfnLCD_Write_Msg
                0x000005b0       0x74 ./Sources/lcd/LCD.o
                0x000005b0                vfnLCD_Write_Msg
 .text.vfnLCD_Write_Char
                0x00000624       0xec ./Sources/lcd/LCD.o
                0x00000624                vfnLCD_Write_Char
 .text.Cpu_OnNMIINT
                0x00000710        0x8 ./Sources/Events.o
                0x00000710                Cpu_OnNMIINT
 .text.USART0_DEBUG_OnBlockReceived
                0x00000718       0x10 ./Sources/Events.o
                0x00000718                USART0_DEBUG_OnBlockReceived
 .text.USART0_DEBUG_OnBlockSent
                0x00000728       0x10 ./Sources/Events.o
                0x00000728                USART0_DEBUG_OnBlockSent
 .text.main     0x00000738       0xf4 ./Sources/main.o
                0x00000738                main
 .text.Task1_task
                0x0000082c       0x14 ./Sources/mqx_tasks.o
                0x0000082c                Task1_task
 .text.Task2_task
                0x00000840       0x14 ./Sources/mqx_tasks.o
                0x00000840                Task2_task
 .text.Task3_task
                0x00000854       0x14 ./Sources/mqx_tasks.o
                0x00000854                Task3_task
 .text.Task4_task
                0x00000868       0x14 ./Sources/mqx_tasks.o
                0x00000868                Task4_task
 .text.__flush_cache
                0x0000087c       0x10 ./Project_Settings/Startup_Code/startup.o
                0x0000087c                __flush_cache
 .text.__copy_rom_section
                0x0000088c       0xd8 ./Project_Settings/Startup_Code/startup.o
                0x0000088c                __copy_rom_section
 .text.__copy_rom_sections_to_ram
                0x00000964       0xc0 ./Project_Settings/Startup_Code/startup.o
                0x00000964                __copy_rom_sections_to_ram
 .text.zero_fill_bss
                0x00000a24       0xac ./Project_Settings/Startup_Code/startup.o
 .text.__init_registers
                0x00000ad0        0x8 ./Project_Settings/Startup_Code/startup.o
                0x00000ad0                __init_registers
 .text.__init_user
                0x00000ad8        0x8 ./Project_Settings/Startup_Code/startup.o
                0x00000ad8                __init_user
 .text.__thumb_startup
                0x00000ae0       0x48 ./Project_Settings/Startup_Code/startup.o
                0x00000ae0                __thumb_startup
 .text._psp_int_install
                0x00000b28       0x20 ./MQXLITE/psp/cortex_m/int_inst.o
                0x00000b28                _psp_int_install
 .text._int_set_vector_table
                0x00000b48       0x2c ./MQXLITE/psp/cortex_m/int_vtab.o
                0x00000b48                _int_set_vector_table
 .text._mem_zero
                0x00000b74      0x188 ./MQXLITE/psp/cortex_m/mem_zero.o
                0x00000b74                _mem_zero
 .text._psp_int_init
                0x00000cfc       0x30 ./MQXLITE/psp/cortex_m/psp_iinit.o
                0x00000cfc                _psp_int_init
 .text._psp_normalize_ticks
                0x00000d2c       0x6c ./MQXLITE/psp/cortex_m/psp_tinm.o
                0x00000d2c                _psp_normalize_ticks
 .text._psp_set_kernel_disable_level
                0x00000d98       0xa4 ./MQXLITE/psp/cortex_m/sc_irdyq.o
                0x00000d98                _psp_set_kernel_disable_level
 .text._psp_init_readyqs
                0x00000e3c       0xac ./MQXLITE/psp/cortex_m/sc_irdyq.o
                0x00000e3c                _psp_init_readyqs
 .text._mqx_idle_task
                0x00000ee8       0x7c ./MQXLITE/kernel/idletask.o
                0x00000ee8                _mqx_idle_task
 .text._int_default_isr
                0x00000f64       0x5c ./MQXLITE/kernel/int.o
                0x00000f64                _int_default_isr
 .text._int_disable
                0x00000fc0       0x2c ./MQXLITE/kernel/int.o
                0x00000fc0                _int_disable
 .text._int_enable
                0x00000fec       0x40 ./MQXLITE/kernel/int.o
                0x00000fec                _int_enable
 .text._int_get_isr_data
                0x0000102c       0x68 ./MQXLITE/kernel/int.o
                0x0000102c                _int_get_isr_data
 .text._int_install_isr
                0x00001094       0x84 ./MQXLITE/kernel/int.o
                0x00001094                _int_install_isr
 .text._int_init
                0x00001118       0x88 ./MQXLITE/kernel/int.o
                0x00001118                _int_init
 .text._lwmem_create_pool
                0x000011a0      0x120 ./MQXLITE/kernel/lwmem.o
                0x000011a0                _lwmem_create_pool
 .text._lwmem_set_default_pool
                0x000012c0       0x30 ./MQXLITE/kernel/lwmem.o
                0x000012c0                _lwmem_set_default_pool
 .text._lwsem_create_internal
                0x000012f0       0xc8 ./MQXLITE/kernel/lwsem.o
                0x000012f0                _lwsem_create_internal
 .text._lwsem_create
                0x000013b8       0x24 ./MQXLITE/kernel/lwsem.o
                0x000013b8                _lwsem_create
 .text._mqx_set_cpu_type
                0x000013dc       0x20 ./MQXLITE/kernel/mqx_utils.o
                0x000013dc                _mqx_set_cpu_type
 .text._mqx_init_kernel_data_internal
                0x000013fc      0x19c ./MQXLITE/kernel/mqx_utils.o
                0x000013fc                _mqx_init_kernel_data_internal
 .text._mqxlite_init
                0x00001598      0x11c ./MQXLITE/kernel/mqxlite.o
                0x00001598                _mqxlite_init
 .text._mqx_exit
                0x000016b4       0x18 ./MQXLITE/kernel/mqxlite.o
                0x000016b4                _mqx_exit
 .text._task_set_error
                0x000016cc       0x48 ./MQXLITE/kernel/task.o
                0x000016cc                _task_set_error
 .text._task_fill_stack_internal
                0x00001714       0x34 ./MQXLITE/kernel/task.o
                0x00001714                _task_fill_stack_internal
 .text._task_set_error_td_internal
                0x00001748       0x2c ./MQXLITE/kernel/task.o
                0x00001748                _task_set_error_td_internal
 .text._time_notify_kernel
                0x00001774      0x1b0 ./MQXLITE/kernel/time_ticks.o
                0x00001774                _time_notify_kernel
 .text._time_set_hwtick_function
                0x00001924       0x28 ./MQXLITE/kernel/time_ticks.o
                0x00001924                _time_set_hwtick_function
 .text._time_set_hwticks_per_tick
                0x0000194c       0x20 ./MQXLITE/kernel/time_ticks.o
                0x0000194c                _time_set_hwticks_per_tick
 .text.Cpu_INT_NMIInterrupt
                0x0000196c        0xc ./Generated_Code/Cpu.o
                0x0000196c                Cpu_INT_NMIInterrupt
 .text.Cpu_Interrupt
                0x00001978        0xc ./Generated_Code/Cpu.o
                0x00001978                Cpu_Interrupt
 .text.__init_hardware
                0x00001984      0x120 ./Generated_Code/Cpu.o
                0x00001984                __init_hardware
 .text.PE_low_level_init
                0x00001aa4       0xe0 ./Generated_Code/Cpu.o
                0x00001aa4                PE_low_level_init
 .text.SystemTimer1_OnCounterRestart
                0x00001b84       0x14 ./Generated_Code/MQX1.o
                0x00001b84                SystemTimer1_OnCounterRestart
 .text.SystemTimer1_GetTicsPerSecond
                0x00001b98       0x34 ./Generated_Code/MQX1.o
                0x00001b98                SystemTimer1_GetTicsPerSecond
 .text.system_timer_init
                0x00001bcc       0x6c ./Generated_Code/MQX1.o
                0x00001bcc                system_timer_init
 .text.mqx_initialize_heap
                0x00001c38       0x38 ./Generated_Code/MQX1.o
                0x00001c38                mqx_initialize_heap
 .text.SegLCD1_Init
                0x00001c70      0x1a8 ./Generated_Code/SegLCD1.o
                0x00001c70                SegLCD1_Init
 .text.SystemTimer1_Init
                0x00001e18       0x8c ./Generated_Code/SystemTimer1.o
                0x00001e18                SystemTimer1_Init
 .text.SystemTimer1_GetInputFrequency
                0x00001ea4       0x14 ./Generated_Code/SystemTimer1.o
                0x00001ea4                SystemTimer1_GetInputFrequency
 .text.SystemTimer1_GetPeriodTicks
                0x00001eb8       0x38 ./Generated_Code/SystemTimer1.o
                0x00001eb8                SystemTimer1_GetPeriodTicks
 .text.SystemTimer1_GetCounterValue
                0x00001ef0       0x18 ./Generated_Code/SystemTimer1.o
                0x00001ef0                SystemTimer1_GetCounterValue
 .text.SystemTimer1_Interrupt
                0x00001f08       0x30 ./Generated_Code/SystemTimer1.o
                0x00001f08                SystemTimer1_Interrupt
 .text.USART0_DEBUG_Init
                0x00001f38      0x1c8 ./Generated_Code/USART0_DEBUG.o
                0x00001f38                USART0_DEBUG_Init
 .text.USART0_DEBUG_SendBlock
                0x00002100       0x80 ./Generated_Code/USART0_DEBUG.o
                0x00002100                USART0_DEBUG_SendBlock
 .text.InterruptRx
                0x00002180       0x58 ./Generated_Code/USART0_DEBUG.o
 .text.InterruptTx
                0x000021d8       0x80 ./Generated_Code/USART0_DEBUG.o
 .text.USART0_DEBUG_Interrupt
                0x00002258       0x60 ./Generated_Code/USART0_DEBUG.o
                0x00002258                USART0_DEBUG_Interrupt
 .text.strlen   0x000022b8        0xe c:/freescale/kds_1.1.1/toolchain/bin/../lib/gcc/arm-none-eabi/4.8.0/../../../../arm-none-eabi/lib\libg_s.a(lib_a-strlen.o)
                0x000022b8                strlen
 *(.rodata)
 *fill*         0x000022c6        0x2 
 .rodata        0x000022c8       0x30 ./Sources/main.o
 .rodata        0x000022f8       0x10 ./MQXLITE/kernel/mqx_utils.o
 .rodata        0x00002308       0xdc ./MQXLITE/kernel/mqxlite.o
 .rodata        0x000023e4       0x20 ./MQXLITE/config/task_template_list.o
 *(.rodata*)
 .rodata.WF_ORDERING_TABLE
                0x00002404        0xc ./Sources/lcd/s401.o
                0x00002404                WF_ORDERING_TABLE
 .rodata.ASCII_TO_WF_CODIFICATION_TABLE
                0x00002410       0x64 ./Sources/lcd/s401.o
                0x00002410                ASCII_TO_WF_CODIFICATION_TABLE
 .rodata._mem_zero
                0x00002474       0x40 ./MQXLITE/psp/cortex_m/mem_zero.o
 .rodata._mqx_version_number
                0x000024b4        0x4 ./MQXLITE/kernel/mqxlite.o
                0x000024b4                _mqx_version_number
 .rodata._mqx_vendor
                0x000024b8        0x4 ./MQXLITE/kernel/mqxlite.o
                0x000024b8                _mqx_vendor
 .rodata._mqx_path
                0x000024bc        0x4 ./MQXLITE/kernel/mqxlite.o
                0x000024bc                _mqx_path
 .rodata._mqxlite_version_number
                0x000024c0        0x4 ./MQXLITE/kernel/mqxlite.o
                0x000024c0                _mqxlite_version_number
 .rodata.MQX_template_list
                0x000024c4       0x8c ./MQXLITE/config/task_template_list.o
                0x000024c4                MQX_template_list
 .rodata.MQX_init_struct
                0x00002550       0x24 ./Generated_Code/MQX1.o
                0x00002550                MQX_init_struct
 *(.glue_7)
 .glue_7        0x00000000        0x0 linker stubs
 *(.glue_7t)
 .glue_7t       0x00000000        0x0 linker stubs
 *(.eh_frame)
 .eh_frame      0x00002574        0x0 c:/freescale/kds_1.1.1/toolchain/bin/../lib/gcc/arm-none-eabi/4.8.0/crtbegin.o
 *(.init)
 .init          0x00002574        0x4 c:/freescale/kds_1.1.1/toolchain/bin/../lib/gcc/arm-none-eabi/4.8.0/crti.o
                0x00002574                _init
 .init          0x00002578        0x8 c:/freescale/kds_1.1.1/toolchain/bin/../lib/gcc/arm-none-eabi/4.8.0/crtn.o
 *(.fini)
 .fini          0x00002580        0x4 c:/freescale/kds_1.1.1/toolchain/bin/../lib/gcc/arm-none-eabi/4.8.0/crti.o
                0x00002580                _fini
 .fini          0x00002584        0x8 c:/freescale/kds_1.1.1/toolchain/bin/../lib/gcc/arm-none-eabi/4.8.0/crtn.o
                0x0000258c                . = ALIGN (0x4)
 *(KERNEL)
 KERNEL         0x0000258c      0x278 ./MQXLITE/psp/cortex_m/core/M0/dispatch.o
                0x0000258c                _sched_start_internal
                0x00002592                _sched_run_internal
                0x00002598                _sched_check_scheduler_internal
                0x000025b0                _sched_execute_scheduler_internal
                0x00002678                _mqx_api_call
                0x0000267a                _task_block
                0x000026c2                _int_kernel_isr
                0x0000276c                _psp_exception_return
                0x000027a4                _mem_test_and_set
                0x000027ba                __get_PSP
                0x000027c0                __get_MSP
                0x000027c6                __set_MSP
                0x000027cc                __get_PSR
                0x000027d2                __enable_interrupt
                0x000027d6                __disable_interrupt
                0x000027da                __get_LR
                0x000027de                __get_PC
                0x000027e2                __get_CONTROL
                0x00000000                __VECTOR_TABLE_START = __vector_table
                0x00002804                . = ALIGN (0x4)
 *(.rdata)
                0x00002804                . = ALIGN (0x4)
 *(.exception)
                0x00002804                . = ALIGN (0x4)
                0x00002804                __exception_table_start__ = .
                0x00002804                __exception_table_end__ = .
                0x00002804                __sinit__ = .
                0x00002804                _etext = .

.vfp11_veneer   0x00002804        0x0
 .vfp11_veneer  0x00000000        0x0 linker stubs

.v4_bx          0x00002804        0x0
 .v4_bx         0x00000000        0x0 linker stubs

.iplt           0x00002804        0x0
 .iplt          0x00000000        0x0 c:/freescale/kds_1.1.1/toolchain/bin/../lib/gcc/arm-none-eabi/4.8.0/crtbegin.o

.rel.dyn        0x00002804        0x0
 .rel.iplt      0x00000000        0x0 c:/freescale/kds_1.1.1/toolchain/bin/../lib/gcc/arm-none-eabi/4.8.0/crtbegin.o

.ARM.extab
 *(.ARM.extab* .gnu.linkonce.armextab.*)

.ARM            0x00002804        0x0
                0x00002804                __exidx_start = .
 *(.ARM.exidx*)
                0x00002804                __exidx_end = .

.ctors          0x00002804        0x0
                0x00002804                __CTOR_LIST__ = .
 *crtbegin.o(.ctors)
 *(EXCLUDE_FILE(*crtend.o) .ctors)
 *(SORT(.ctors.*))
 *(.ctors)
                0x00002804                __CTOR_END__ = .

.dtors          0x00002804        0x0
                0x00002804                __DTOR_LIST__ = .
 *crtbegin.o(.dtors)
 *(EXCLUDE_FILE(*crtend.o) .dtors)
 *(SORT(.dtors.*))
 *(.dtors)
                0x00002804                __DTOR_END__ = .

.preinit_array  0x00002804        0x0
                0x00002804                PROVIDE (__preinit_array_start, .)
 *(.preinit_array*)
                0x00002804                PROVIDE (__preinit_array_end, .)

.init_array     0x00002804        0x4
                0x00002804                PROVIDE (__init_array_start, .)
 *(SORT(.init_array.*))
 *(.init_array*)
 .init_array    0x00002804        0x4 c:/freescale/kds_1.1.1/toolchain/bin/../lib/gcc/arm-none-eabi/4.8.0/crtbegin.o
                0x00002808                PROVIDE (__init_array_end, .)

.fini_array     0x00002808        0x4
                0x00002808                PROVIDE (__fini_array_start, .)
 *(SORT(.fini_array.*))
 *(.fini_array*)
 .fini_array    0x00002808        0x4 c:/freescale/kds_1.1.1/toolchain/bin/../lib/gcc/arm-none-eabi/4.8.0/crtbegin.o
                0x0000280c                PROVIDE (__fini_array_end, .)
                0x0000280c                ___ROM_AT = .

.mtb            0x1fffe000        0x0
                0x1fffe000                . = ALIGN (0x8)
                0x1fffe000                _mtb_start = .
 *(.mtb_buf)
                0x1fffe000                . = ALIGN (0x8)
                0x1fffe000                _mtb_end = .

.data           0x1fffe000        0x8 load address 0x0000280c
                0x1fffe000                . = ALIGN (0x4)
                0x1fffe000                _sdata = .
 *(.data)
 *(.data*)
 .data.string   0x1fffe000        0x4 ./Sources/main.o
 .data._mqx_kernel_data
                0x1fffe004        0x4 ./MQXLITE/kernel/mqxlite.o
                0x1fffe004                _mqx_kernel_data
                0x1fffe008                . = ALIGN (0x4)
                0x1fffe008                _edata = .
                0x00000008                ___data_size = (_edata - _sdata)

.jcr            0x1fffe008        0x0 load address 0x00002814
 .jcr           0x1fffe008        0x0 c:/freescale/kds_1.1.1/toolchain/bin/../lib/gcc/arm-none-eabi/4.8.0/crtbegin.o

.tm_clone_table
                0x1fffe008        0x0 load address 0x00002814
 .tm_clone_table
                0x1fffe008        0x0 c:/freescale/kds_1.1.1/toolchain/bin/../lib/gcc/arm-none-eabi/4.8.0/crtbegin.o
 .tm_clone_table
                0x1fffe008        0x0 c:/freescale/kds_1.1.1/toolchain/bin/../lib/gcc/arm-none-eabi/4.8.0/crtend.o

.igot.plt       0x1fffe008        0x0 load address 0x00002814
 .igot.plt      0x00000000        0x0 c:/freescale/kds_1.1.1/toolchain/bin/../lib/gcc/arm-none-eabi/4.8.0/crtbegin.o
                0x1fffe008                . = ALIGN (0x4)

.bss            0x1fffe008     0x1194 load address 0x00002814
                0x1fffe008                __START_BSS = .
                0x1fffe008                PROVIDE (__bss_start__, __START_BSS)
 *(.bss)
 *(.bss*)
 .bss.completed.6137
                0x1fffe008        0x1 c:/freescale/kds_1.1.1/toolchain/bin/../lib/gcc/arm-none-eabi/4.8.0/crtbegin.o
 *fill*         0x1fffe009        0x3 
 .bss.object.6142
                0x1fffe00c       0x18 c:/freescale/kds_1.1.1/toolchain/bin/../lib/gcc/arm-none-eabi/4.8.0/crtbegin.o
 .bss.debugData
                0x1fffe024        0xc ./Sources/main.o
 .bss.argv      0x1fffe030       0x28 ./Project_Settings/Startup_Code/startup.o
 .bss.SystemTimerDeviceDataPtr
                0x1fffe058        0x4 ./Generated_Code/MQX1.o
 .bss.PE_LDD_DeviceDataList
                0x1fffe05c       0x18 ./Generated_Code/PE_LDD.o
                0x1fffe05c                PE_LDD_DeviceDataList
 .bss.DeviceDataPrv__DEFAULT_RTOS_ALLOC
                0x1fffe074        0x4 ./Generated_Code/SegLCD1.o
 .bss.DeviceDataPrv__DEFAULT_RTOS_ALLOC
                0x1fffe078        0xc ./Generated_Code/SystemTimer1.o
 .bss.DeviceDataPrv__DEFAULT_RTOS_ALLOC
                0x1fffe084       0x20 ./Generated_Code/USART0_DEBUG.o
 *(COMMON)
 COMMON         0x1fffe0a4       0x24 ./Sources/lcd/LCD.o
                0x1fffe0a4                bLCD_CharPosition
                0x1fffe0a5                lcd_alternate_mode
                0x1fffe0a8                lcdBuffer
 COMMON         0x1fffe0c8     0x10d4 ./Generated_Code/MQX1.o
                0x1fffe0c8                _mqx_kernel_data_struct
                0x1fffe338                mqx_interrupt_stack
                0x1fffe448                Task3_task_stack
                0x1fffe6d0                mqx_static_ready_queue
                0x1fffe770                mqx_static_isr_table
                0x1fffe8d8                mqx_idle_task_stack
                0x1fffea04                Task2_task_stack
                0x1fffec8c                Task4_task_stack
                0x1fffef14                Task1_task_stack
                0x1ffff19c                . = ALIGN (0x4)
                0x1ffff19c                __END_BSS = .
                0x1ffff19c                PROVIDE (__bss_end__, __END_BSS)
                0x00002814                _romp_at = (___ROM_AT + SIZEOF (.data))

.romp           0x1ffff19c       0x18 load address 0x00002814
                0x00002814                __S_romp = _romp_at
                0x1ffff19c        0x4 LONG 0x280c ___ROM_AT
                0x1ffff1a0        0x4 LONG 0x1fffe000 _sdata
                0x1ffff1a4        0x4 LONG 0x8 ___data_size
                0x1ffff1a8        0x4 LONG 0x0
                0x1ffff1ac        0x4 LONG 0x0
                0x1ffff1b0        0x4 LONG 0x0

._user_heap_stack
                0x1ffff1b4      0x400 load address 0x0000282c
                0x1ffff1b4                . = ALIGN (0x4)
                0x1ffff1b4                PROVIDE (end, .)
                0x1ffff1b4                PROVIDE (_end, .)
                0x1ffff1b4                __heap_addr = .
                0x1ffff1b4                __HeapBase = .
                0x1ffff1b4                . = (. + __heap_size)
                0x1ffff1b4                __HeapLimit = .
                0x1ffff5b4                . = (. + __stack_size)
 *fill*         0x1ffff1b4      0x400 
                0x1ffff5b4                . = ALIGN (0x4)

.ARM.attributes
                0x00000000       0x2d
 *(.ARM.attributes)
 .ARM.attributes
                0x00000000       0x23 c:/freescale/kds_1.1.1/toolchain/bin/../lib/gcc/arm-none-eabi/4.8.0/crti.o
 .ARM.attributes
                0x00000023       0x31 c:/freescale/kds_1.1.1/toolchain/bin/../lib/gcc/arm-none-eabi/4.8.0/crtbegin.o
 .ARM.attributes
                0x00000054       0x32 ./Sources/lcd/LCD.o
 .ARM.attributes
                0x00000086       0x32 ./Sources/lcd/s401.o
 .ARM.attributes
                0x000000b8       0x32 ./Sources/Events.o
 .ARM.attributes
                0x000000ea       0x32 ./Sources/main.o
 .ARM.attributes
                0x0000011c       0x32 ./Sources/mqx_tasks.o
 .ARM.attributes
                0x0000014e       0x32 ./Project_Settings/Startup_Code/startup.o
 .ARM.attributes
                0x00000180       0x22 ./MQXLITE/psp/cortex_m/core/M0/boot.o
 .ARM.attributes
                0x000001a2       0x22 ./MQXLITE/psp/cortex_m/core/M0/dispatch.o
 .ARM.attributes
                0x000001c4       0x32 ./MQXLITE/psp/cortex_m/int_inst.o
 .ARM.attributes
                0x000001f6       0x32 ./MQXLITE/psp/cortex_m/int_vtab.o
 .ARM.attributes
                0x00000228       0x32 ./MQXLITE/psp/cortex_m/mem_zero.o
 .ARM.attributes
                0x0000025a       0x32 ./MQXLITE/psp/cortex_m/psp_iinit.o
 .ARM.attributes
                0x0000028c       0x32 ./MQXLITE/psp/cortex_m/psp_tinm.o
 .ARM.attributes
                0x000002be       0x32 ./MQXLITE/psp/cortex_m/sc_irdyq.o
 .ARM.attributes
                0x000002f0       0x32 ./MQXLITE/kernel/idletask.o
 .ARM.attributes
                0x00000322       0x32 ./MQXLITE/kernel/int.o
 .ARM.attributes
                0x00000354       0x32 ./MQXLITE/kernel/lwmem.o
 .ARM.attributes
                0x00000386       0x32 ./MQXLITE/kernel/lwsem.o
 .ARM.attributes
                0x000003b8       0x32 ./MQXLITE/kernel/mqx_utils.o
 .ARM.attributes
                0x000003ea       0x32 ./MQXLITE/kernel/mqxlite.o
 .ARM.attributes
                0x0000041c       0x32 ./MQXLITE/kernel/task.o
 .ARM.attributes
                0x0000044e       0x32 ./MQXLITE/kernel/time_ticks.o
 .ARM.attributes
                0x00000480       0x32 ./MQXLITE/config/task_template_list.o
 .ARM.attributes
                0x000004b2       0x32 ./Generated_Code/Cpu.o
 .ARM.attributes
                0x000004e4       0x32 ./Generated_Code/MQX1.o
 .ARM.attributes
                0x00000516       0x32 ./Generated_Code/PE_LDD.o
 .ARM.attributes
                0x00000548       0x32 ./Generated_Code/SegLCD1.o
 .ARM.attributes
                0x0000057a       0x32 ./Generated_Code/SystemTimer1.o
 .ARM.attributes
                0x000005ac       0x32 ./Generated_Code/USART0_DEBUG.o
 .ARM.attributes
                0x000005de       0x32 ./Generated_Code/Vectors.o
 .ARM.attributes
                0x00000610       0x23 c:/freescale/kds_1.1.1/toolchain/bin/../lib/gcc/arm-none-eabi/4.8.0\libgcc.a(_udivsi3.o)
 .ARM.attributes
                0x00000633       0x23 c:/freescale/kds_1.1.1/toolchain/bin/../lib/gcc/arm-none-eabi/4.8.0\libgcc.a(_dvmd_tls.o)
 .ARM.attributes
                0x00000656       0x31 c:/freescale/kds_1.1.1/toolchain/bin/../lib/gcc/arm-none-eabi/4.8.0/../../../../arm-none-eabi/lib\libg_s.a(lib_a-strlen.o)
 .ARM.attributes
                0x00000687       0x31 c:/freescale/kds_1.1.1/toolchain/bin/../lib/gcc/arm-none-eabi/4.8.0/crtend.o
 .ARM.attributes
                0x000006b8       0x23 c:/freescale/kds_1.1.1/toolchain/bin/../lib/gcc/arm-none-eabi/4.8.0/crtn.o
OUTPUT(WeatherStation.elf elf32-littlearm)

.comment        0x00000000       0x2a
 .comment       0x00000000       0x2a c:/freescale/kds_1.1.1/toolchain/bin/../lib/gcc/arm-none-eabi/4.8.0/crtbegin.o
                                 0x2b (size before relaxing)
 .comment       0x00000000       0x2b ./Sources/lcd/LCD.o
 .comment       0x00000000       0x2b ./Sources/lcd/s401.o
 .comment       0x00000000       0x2b ./Sources/Events.o
 .comment       0x00000000       0x2b ./Sources/main.o
 .comment       0x00000000       0x2b ./Sources/mqx_tasks.o
 .comment       0x00000000       0x2b ./Project_Settings/Startup_Code/startup.o
 .comment       0x00000000       0x2b ./MQXLITE/psp/cortex_m/int_inst.o
 .comment       0x00000000       0x2b ./MQXLITE/psp/cortex_m/int_vtab.o
 .comment       0x00000000       0x2b ./MQXLITE/psp/cortex_m/mem_zero.o
 .comment       0x00000000       0x2b ./MQXLITE/psp/cortex_m/psp_iinit.o
 .comment       0x00000000       0x2b ./MQXLITE/psp/cortex_m/psp_tinm.o
 .comment       0x00000000       0x2b ./MQXLITE/psp/cortex_m/sc_irdyq.o
 .comment       0x00000000       0x2b ./MQXLITE/kernel/idletask.o
 .comment       0x00000000       0x2b ./MQXLITE/kernel/int.o
 .comment       0x00000000       0x2b ./MQXLITE/kernel/lwmem.o
 .comment       0x00000000       0x2b ./MQXLITE/kernel/lwsem.o
 .comment       0x00000000       0x2b ./MQXLITE/kernel/mqx_utils.o
 .comment       0x00000000       0x2b ./MQXLITE/kernel/mqxlite.o
 .comment       0x00000000       0x2b ./MQXLITE/kernel/task.o
 .comment       0x00000000       0x2b ./MQXLITE/kernel/time_ticks.o
 .comment       0x00000000       0x2b ./MQXLITE/config/task_template_list.o
 .comment       0x00000000       0x2b ./Generated_Code/Cpu.o
 .comment       0x00000000       0x2b ./Generated_Code/MQX1.o
 .comment       0x00000000       0x2b ./Generated_Code/PE_LDD.o
 .comment       0x00000000       0x2b ./Generated_Code/SegLCD1.o
 .comment       0x00000000       0x2b ./Generated_Code/SystemTimer1.o
 .comment       0x00000000       0x2b ./Generated_Code/USART0_DEBUG.o
 .comment       0x00000000       0x2b ./Generated_Code/Vectors.o
 .comment       0x00000000       0x2b c:/freescale/kds_1.1.1/toolchain/bin/../lib/gcc/arm-none-eabi/4.8.0/../../../../arm-none-eabi/lib\libg_s.a(lib_a-strlen.o)
 .comment       0x00000000       0x2b c:/freescale/kds_1.1.1/toolchain/bin/../lib/gcc/arm-none-eabi/4.8.0/crtend.o

.debug_info     0x00000000     0xfb53
 .debug_info    0x00000000      0x9c1 ./Sources/lcd/LCD.o
 .debug_info    0x000009c1       0x7c ./Sources/lcd/s401.o
 .debug_info    0x00000a3d      0x15a ./Sources/Events.o
 .debug_info    0x00000b97      0x48c ./Sources/main.o
 .debug_info    0x00001023      0x15b ./Sources/mqx_tasks.o
 .debug_info    0x0000117e      0x308 ./Project_Settings/Startup_Code/startup.o
 .debug_info    0x00001486       0x82 ./MQXLITE/psp/cortex_m/core/M0/boot.o
 .debug_info    0x00001508       0x86 ./MQXLITE/psp/cortex_m/core/M0/dispatch.o
 .debug_info    0x0000158e      0xa22 ./MQXLITE/psp/cortex_m/int_inst.o
 .debug_info    0x00001fb0      0x33d ./MQXLITE/psp/cortex_m/int_vtab.o
 .debug_info    0x000022ed      0x144 ./MQXLITE/psp/cortex_m/mem_zero.o
 .debug_info    0x00002431       0xe2 ./MQXLITE/psp/cortex_m/psp_iinit.o
 .debug_info    0x00002513      0xab3 ./MQXLITE/psp/cortex_m/psp_tinm.o
 .debug_info    0x00002fc6      0xbe3 ./MQXLITE/psp/cortex_m/sc_irdyq.o
 .debug_info    0x00003ba9      0xa35 ./MQXLITE/kernel/idletask.o
 .debug_info    0x000045de      0xe18 ./MQXLITE/kernel/int.o
 .debug_info    0x000053f6     0x1815 ./MQXLITE/kernel/lwmem.o
 .debug_info    0x00006c0b     0x10a2 ./MQXLITE/kernel/lwsem.o
 .debug_info    0x00007cad      0xbd4 ./MQXLITE/kernel/mqx_utils.o
 .debug_info    0x00008881      0xe04 ./MQXLITE/kernel/mqxlite.o
 .debug_info    0x00009685     0x1e89 ./MQXLITE/kernel/task.o
 .debug_info    0x0000b50e     0x1063 ./MQXLITE/kernel/time_ticks.o
 .debug_info    0x0000c571      0x296 ./MQXLITE/config/task_template_list.o
 .debug_info    0x0000c807      0xabe ./Generated_Code/Cpu.o
 .debug_info    0x0000d2c5      0xf2a ./Generated_Code/MQX1.o
 .debug_info    0x0000e1ef      0x381 ./Generated_Code/PE_LDD.o
 .debug_info    0x0000e570      0x517 ./Generated_Code/SegLCD1.o
 .debug_info    0x0000ea87      0x5fd ./Generated_Code/SystemTimer1.o
 .debug_info    0x0000f084      0x89c ./Generated_Code/USART0_DEBUG.o
 .debug_info    0x0000f920      0x233 ./Generated_Code/Vectors.o

.debug_abbrev   0x00000000     0x279c
 .debug_abbrev  0x00000000      0x27c ./Sources/lcd/LCD.o
 .debug_abbrev  0x0000027c       0x48 ./Sources/lcd/s401.o
 .debug_abbrev  0x000002c4       0x9a ./Sources/Events.o
 .debug_abbrev  0x0000035e      0x144 ./Sources/main.o
 .debug_abbrev  0x000004a2       0x8a ./Sources/mqx_tasks.o
 .debug_abbrev  0x0000052c      0x148 ./Project_Settings/Startup_Code/startup.o
 .debug_abbrev  0x00000674       0x14 ./MQXLITE/psp/cortex_m/core/M0/boot.o
 .debug_abbrev  0x00000688       0x14 ./MQXLITE/psp/cortex_m/core/M0/dispatch.o
 .debug_abbrev  0x0000069c      0x12e ./MQXLITE/psp/cortex_m/int_inst.o
 .debug_abbrev  0x000007ca      0x120 ./MQXLITE/psp/cortex_m/int_vtab.o
 .debug_abbrev  0x000008ea       0x80 ./MQXLITE/psp/cortex_m/mem_zero.o
 .debug_abbrev  0x0000096a       0x72 ./MQXLITE/psp/cortex_m/psp_iinit.o
 .debug_abbrev  0x000009dc      0x155 ./MQXLITE/psp/cortex_m/psp_tinm.o
 .debug_abbrev  0x00000b31      0x192 ./MQXLITE/psp/cortex_m/sc_irdyq.o
 .debug_abbrev  0x00000cc3      0x144 ./MQXLITE/kernel/idletask.o
 .debug_abbrev  0x00000e07      0x1ff ./MQXLITE/kernel/int.o
 .debug_abbrev  0x00001006      0x1fb ./MQXLITE/kernel/lwmem.o
 .debug_abbrev  0x00001201      0x1c7 ./MQXLITE/kernel/lwsem.o
 .debug_abbrev  0x000013c8      0x1e1 ./MQXLITE/kernel/mqx_utils.o
 .debug_abbrev  0x000015a9      0x1e3 ./MQXLITE/kernel/mqxlite.o
 .debug_abbrev  0x0000178c      0x276 ./MQXLITE/kernel/task.o
 .debug_abbrev  0x00001a02      0x200 ./MQXLITE/kernel/time_ticks.o
 .debug_abbrev  0x00001c02       0xba ./MQXLITE/config/task_template_list.o
 .debug_abbrev  0x00001cbc      0x186 ./Generated_Code/Cpu.o
 .debug_abbrev  0x00001e42      0x1bd ./Generated_Code/MQX1.o
 .debug_abbrev  0x00001fff      0x123 ./Generated_Code/PE_LDD.o
 .debug_abbrev  0x00002122      0x1a5 ./Generated_Code/SegLCD1.o
 .debug_abbrev  0x000022c7      0x232 ./Generated_Code/SystemTimer1.o
 .debug_abbrev  0x000024f9      0x1e9 ./Generated_Code/USART0_DEBUG.o
 .debug_abbrev  0x000026e2       0xba ./Generated_Code/Vectors.o

.debug_aranges  0x00000000      0x988
 .debug_aranges
                0x00000000       0xb0 ./Sources/lcd/LCD.o
 .debug_aranges
                0x000000b0       0x18 ./Sources/lcd/s401.o
 .debug_aranges
                0x000000c8       0x48 ./Sources/Events.o
 .debug_aranges
                0x00000110       0x20 ./Sources/main.o
 .debug_aranges
                0x00000130       0x38 ./Sources/mqx_tasks.o
 .debug_aranges
                0x00000168       0x60 ./Project_Settings/Startup_Code/startup.o
 .debug_aranges
                0x000001c8       0x20 ./MQXLITE/psp/cortex_m/core/M0/boot.o
 .debug_aranges
                0x000001e8       0x20 ./MQXLITE/psp/cortex_m/core/M0/dispatch.o
 .debug_aranges
                0x00000208       0x20 ./MQXLITE/psp/cortex_m/int_inst.o
 .debug_aranges
                0x00000228       0x28 ./MQXLITE/psp/cortex_m/int_vtab.o
 .debug_aranges
                0x00000250       0x20 ./MQXLITE/psp/cortex_m/mem_zero.o
 .debug_aranges
                0x00000270       0x20 ./MQXLITE/psp/cortex_m/psp_iinit.o
 .debug_aranges
                0x00000290       0x20 ./MQXLITE/psp/cortex_m/psp_tinm.o
 .debug_aranges
                0x000002b0       0x28 ./MQXLITE/psp/cortex_m/sc_irdyq.o
 .debug_aranges
                0x000002d8       0x20 ./MQXLITE/kernel/idletask.o
 .debug_aranges
                0x000002f8       0x90 ./MQXLITE/kernel/int.o
 .debug_aranges
                0x00000388      0x128 ./MQXLITE/kernel/lwmem.o
 .debug_aranges
                0x000004b0       0x80 ./MQXLITE/kernel/lwsem.o
 .debug_aranges
                0x00000530       0x60 ./MQXLITE/kernel/mqx_utils.o
 .debug_aranges
                0x00000590       0x30 ./MQXLITE/kernel/mqxlite.o
 .debug_aranges
                0x000005c0      0x160 ./MQXLITE/kernel/task.o
 .debug_aranges
                0x00000720       0xb8 ./MQXLITE/kernel/time_ticks.o
 .debug_aranges
                0x000007d8       0x18 ./MQXLITE/config/task_template_list.o
 .debug_aranges
                0x000007f0       0x38 ./Generated_Code/Cpu.o
 .debug_aranges
                0x00000828       0x48 ./Generated_Code/MQX1.o
 .debug_aranges
                0x00000870       0x30 ./Generated_Code/PE_LDD.o
 .debug_aranges
                0x000008a0       0x28 ./Generated_Code/SegLCD1.o
 .debug_aranges
                0x000008c8       0x60 ./Generated_Code/SystemTimer1.o
 .debug_aranges
                0x00000928       0x48 ./Generated_Code/USART0_DEBUG.o
 .debug_aranges
                0x00000970       0x18 ./Generated_Code/Vectors.o

.debug_ranges   0x00000000      0x770
 .debug_ranges  0x00000000       0xa0 ./Sources/lcd/LCD.o
 .debug_ranges  0x000000a0       0x38 ./Sources/Events.o
 .debug_ranges  0x000000d8       0x10 ./Sources/main.o
 .debug_ranges  0x000000e8       0x28 ./Sources/mqx_tasks.o
 .debug_ranges  0x00000110       0x50 ./Project_Settings/Startup_Code/startup.o
 .debug_ranges  0x00000160       0x10 ./MQXLITE/psp/cortex_m/int_inst.o
 .debug_ranges  0x00000170       0x18 ./MQXLITE/psp/cortex_m/int_vtab.o
 .debug_ranges  0x00000188       0x10 ./MQXLITE/psp/cortex_m/mem_zero.o
 .debug_ranges  0x00000198       0x10 ./MQXLITE/psp/cortex_m/psp_iinit.o
 .debug_ranges  0x000001a8       0x10 ./MQXLITE/psp/cortex_m/psp_tinm.o
 .debug_ranges  0x000001b8       0x18 ./MQXLITE/psp/cortex_m/sc_irdyq.o
 .debug_ranges  0x000001d0       0x10 ./MQXLITE/kernel/idletask.o
 .debug_ranges  0x000001e0       0x80 ./MQXLITE/kernel/int.o
 .debug_ranges  0x00000260      0x118 ./MQXLITE/kernel/lwmem.o
 .debug_ranges  0x00000378       0x70 ./MQXLITE/kernel/lwsem.o
 .debug_ranges  0x000003e8       0x50 ./MQXLITE/kernel/mqx_utils.o
 .debug_ranges  0x00000438       0x20 ./MQXLITE/kernel/mqxlite.o
 .debug_ranges  0x00000458      0x150 ./MQXLITE/kernel/task.o
 .debug_ranges  0x000005a8       0xa8 ./MQXLITE/kernel/time_ticks.o
 .debug_ranges  0x00000650       0x28 ./Generated_Code/Cpu.o
 .debug_ranges  0x00000678       0x38 ./Generated_Code/MQX1.o
 .debug_ranges  0x000006b0       0x20 ./Generated_Code/PE_LDD.o
 .debug_ranges  0x000006d0       0x18 ./Generated_Code/SegLCD1.o
 .debug_ranges  0x000006e8       0x50 ./Generated_Code/SystemTimer1.o
 .debug_ranges  0x00000738       0x38 ./Generated_Code/USART0_DEBUG.o

.debug_macro    0x00000000     0x9efb
 .debug_macro   0x00000000       0x94 ./Sources/lcd/LCD.o
 .debug_macro   0x00000094      0x130 ./Sources/lcd/LCD.o
 .debug_macro   0x000001c4      0x2e3 ./Sources/lcd/LCD.o
 .debug_macro   0x000004a7       0x22 ./Sources/lcd/LCD.o
 .debug_macro   0x000004c9       0x23 ./Sources/lcd/s401.o
 .debug_macro   0x000004ec      0x200 ./Sources/Events.o
 .debug_macro   0x000006ec       0x12 ./Sources/Events.o
 .debug_macro   0x000006fe       0x50 ./Sources/Events.o
 .debug_macro   0x0000074e       0x4a ./Sources/Events.o
 .debug_macro   0x00000798       0x94 ./Sources/Events.o
 .debug_macro   0x0000082c       0x80 ./Sources/Events.o
 .debug_macro   0x000008ac       0x81 ./Sources/Events.o
 .debug_macro   0x0000092d       0x3a ./Sources/Events.o
 .debug_macro   0x00000967       0x16 ./Sources/Events.o
 .debug_macro   0x0000097d       0x76 ./Sources/Events.o
 .debug_macro   0x000009f3      0x20e ./Sources/Events.o
 .debug_macro   0x00000c01       0xa2 ./Sources/Events.o
 .debug_macro   0x00000ca3       0x16 ./Sources/Events.o
 .debug_macro   0x00000cb9       0x1c ./Sources/Events.o
 .debug_macro   0x00000cd5      0x70f ./Sources/Events.o
 .debug_macro   0x000013e4       0x3a ./Sources/Events.o
 .debug_macro   0x0000141e       0x52 ./Sources/Events.o
 .debug_macro   0x00001470       0x1c ./Sources/Events.o
 .debug_macro   0x0000148c       0xa6 ./Sources/Events.o
 .debug_macro   0x00001532      0x16d ./Sources/Events.o
 .debug_macro   0x0000169f       0x7c ./Sources/Events.o
 .debug_macro   0x0000171b       0xfc ./Sources/Events.o
 .debug_macro   0x00001817      0x12a ./Sources/Events.o
 .debug_macro   0x00001941      0x3c2 ./Sources/Events.o
 .debug_macro   0x00001d03       0x22 ./Sources/Events.o
 .debug_macro   0x00001d25       0x27 ./Sources/Events.o
 .debug_macro   0x00001d4c       0x67 ./Sources/Events.o
 .debug_macro   0x00001db3       0x2f ./Sources/Events.o
 .debug_macro   0x00001de2       0x22 ./Sources/Events.o
 .debug_macro   0x00001e04      0x25a ./Sources/Events.o
 .debug_macro   0x0000205e       0x50 ./Sources/Events.o
 .debug_macro   0x000020ae      0x33d ./Sources/main.o
 .debug_macro   0x000023eb       0x2e ./Sources/main.o
 .debug_macro   0x00002419       0x2e ./Sources/main.o
 .debug_macro   0x00002447       0x95 ./Sources/main.o
 .debug_macro   0x000024dc       0x10 ./Sources/main.o
 .debug_macro   0x000024ec       0x89 ./Sources/main.o
 .debug_macro   0x00002575       0x10 ./Sources/main.o
 .debug_macro   0x00002585       0x3a ./Sources/main.o
 .debug_macro   0x000025bf       0x52 ./Sources/main.o
 .debug_macro   0x00002611       0x19 ./Sources/main.o
 .debug_macro   0x0000262a      0x16d ./Sources/main.o
 .debug_macro   0x00002797       0x10 ./Sources/main.o
 .debug_macro   0x000027a7       0xef ./Sources/main.o
 .debug_macro   0x00002896       0x22 ./Sources/main.o
 .debug_macro   0x000028b8       0x91 ./Sources/main.o
 .debug_macro   0x00002949       0x16 ./Sources/main.o
 .debug_macro   0x0000295f      0x14a ./Sources/main.o
 .debug_macro   0x00002aa9       0x2e ./Sources/main.o
 .debug_macro   0x00002ad7      0x200 ./Sources/mqx_tasks.o
 .debug_macro   0x00002cd7       0xee ./Project_Settings/Startup_Code/startup.o
 .debug_macro   0x00002dc5       0x10 ./Project_Settings/Startup_Code/startup.o
 .debug_macro   0x00002dd5       0x89 ./Project_Settings/Startup_Code/startup.o
 .debug_macro   0x00002e5e       0x1c ./Project_Settings/Startup_Code/startup.o
 .debug_macro   0x00002e7a      0x236 ./MQXLITE/psp/cortex_m/int_inst.o
 .debug_macro   0x000030b0      0x236 ./MQXLITE/psp/cortex_m/int_vtab.o
 .debug_macro   0x000032e6      0x236 ./MQXLITE/psp/cortex_m/mem_zero.o
 .debug_macro   0x0000351c      0x236 ./MQXLITE/psp/cortex_m/psp_iinit.o
 .debug_macro   0x00003752      0x236 ./MQXLITE/psp/cortex_m/psp_tinm.o
 .debug_macro   0x00003988      0x236 ./MQXLITE/psp/cortex_m/sc_irdyq.o
 .debug_macro   0x00003bbe      0x236 ./MQXLITE/kernel/idletask.o
 .debug_macro   0x00003df4      0x236 ./MQXLITE/kernel/int.o
 .debug_macro   0x0000402a      0x23e ./MQXLITE/kernel/lwmem.o
 .debug_macro   0x00004268      0x236 ./MQXLITE/kernel/lwsem.o
 .debug_macro   0x0000449e      0x285 ./MQXLITE/kernel/mqx_utils.o
 .debug_macro   0x00004723      0x285 ./MQXLITE/kernel/mqxlite.o
 .debug_macro   0x000049a8      0x2dc ./MQXLITE/kernel/task.o
 .debug_macro   0x00004c84     0x15a8 ./MQXLITE/kernel/task.o
 .debug_macro   0x0000622c      0x242 ./MQXLITE/kernel/time_ticks.o
 .debug_macro   0x0000646e      0x1fa ./MQXLITE/config/task_template_list.o
 .debug_macro   0x00006668      0x218 ./Generated_Code/Cpu.o
 .debug_macro   0x00006880       0x9c ./Generated_Code/Cpu.o
 .debug_macro   0x0000691c      0x6fd ./Generated_Code/Cpu.o
 .debug_macro   0x00007019     0x15a2 ./Generated_Code/Cpu.o
 .debug_macro   0x000085bb      0x21a ./Generated_Code/MQX1.o
 .debug_macro   0x000087d5      0x1e3 ./Generated_Code/PE_LDD.o
 .debug_macro   0x000089b8      0x185 ./Generated_Code/SegLCD1.o
 .debug_macro   0x00008b3d      0x20e ./Generated_Code/SegLCD1.o
 .debug_macro   0x00008d4b      0x18c ./Generated_Code/SystemTimer1.o
 .debug_macro   0x00008ed7      0x233 ./Generated_Code/USART0_DEBUG.o
 .debug_macro   0x0000910a       0x4a ./Generated_Code/USART0_DEBUG.o
 .debug_macro   0x00009154      0x322 ./Generated_Code/USART0_DEBUG.o
 .debug_macro   0x00009476      0x85a ./Generated_Code/USART0_DEBUG.o
 .debug_macro   0x00009cd0      0x212 ./Generated_Code/Vectors.o
 .debug_macro   0x00009ee2       0x19 ./Generated_Code/Vectors.o

.debug_line     0x00000000     0x9fbb
 .debug_line    0x00000000      0x428 ./Sources/lcd/LCD.o
 .debug_line    0x00000428       0x54 ./Sources/lcd/s401.o
 .debug_line    0x0000047c      0x4c6 ./Sources/Events.o
 .debug_line    0x00000942      0x6a4 ./Sources/main.o
 .debug_line    0x00000fe6      0x4cf ./Sources/mqx_tasks.o
 .debug_line    0x000014b5      0x322 ./Project_Settings/Startup_Code/startup.o
 .debug_line    0x000017d7       0x68 ./MQXLITE/psp/cortex_m/core/M0/boot.o
 .debug_line    0x0000183f      0x18b ./MQXLITE/psp/cortex_m/core/M0/dispatch.o
 .debug_line    0x000019ca      0x514 ./MQXLITE/psp/cortex_m/int_inst.o
 .debug_line    0x00001ede      0x527 ./MQXLITE/psp/cortex_m/int_vtab.o
 .debug_line    0x00002405      0x599 ./MQXLITE/psp/cortex_m/mem_zero.o
 .debug_line    0x0000299e      0x515 ./MQXLITE/psp/cortex_m/psp_iinit.o
 .debug_line    0x00002eb3      0x516 ./MQXLITE/psp/cortex_m/psp_tinm.o
 .debug_line    0x000033c9      0x56e ./MQXLITE/psp/cortex_m/sc_irdyq.o
 .debug_line    0x00003937      0x511 ./MQXLITE/kernel/idletask.o
 .debug_line    0x00003e48      0x6d2 ./MQXLITE/kernel/int.o
 .debug_line    0x0000451a      0x990 ./MQXLITE/kernel/lwmem.o
 .debug_line    0x00004eaa      0x795 ./MQXLITE/kernel/lwsem.o
 .debug_line    0x0000563f      0x6a6 ./MQXLITE/kernel/mqx_utils.o
 .debug_line    0x00005ce5      0x64f ./MQXLITE/kernel/mqxlite.o
 .debug_line    0x00006334      0xbfe ./MQXLITE/kernel/task.o
 .debug_line    0x00006f32      0x84b ./MQXLITE/kernel/time_ticks.o
 .debug_line    0x0000777d      0x4b5 ./MQXLITE/config/task_template_list.o
 .debug_line    0x00007c32      0x5a3 ./Generated_Code/Cpu.o
 .debug_line    0x000081d5      0x565 ./Generated_Code/MQX1.o
 .debug_line    0x0000873a      0x4af ./Generated_Code/PE_LDD.o
 .debug_line    0x00008be9      0x42c ./Generated_Code/SegLCD1.o
 .debug_line    0x00009015      0x4c1 ./Generated_Code/SystemTimer1.o
 .debug_line    0x000094d6      0x5b8 ./Generated_Code/USART0_DEBUG.o
 .debug_line    0x00009a8e      0x52d ./Generated_Code/Vectors.o

.debug_str      0x00000000    0x54318
 .debug_str     0x00000000    0x3513e ./Sources/lcd/LCD.o
                              0x35525 (size before relaxing)
 .debug_str     0x0003513e       0x16 ./Sources/lcd/s401.o
                               0x2c5f (size before relaxing)
 .debug_str     0x00035154     0xbc4b ./Sources/Events.o
                              0x402e3 (size before relaxing)
 .debug_str     0x00040d9f     0x330d ./Sources/main.o
                              0x4414e (size before relaxing)
 .debug_str     0x000440ac       0x5a ./Sources/mqx_tasks.o
                              0x40289 (size before relaxing)
 .debug_str     0x00044106      0x203 ./Project_Settings/Startup_Code/startup.o
                               0x3fe1 (size before relaxing)
 .debug_str     0x00044309     0x12f9 ./MQXLITE/psp/cortex_m/int_inst.o
                              0x415d5 (size before relaxing)
 .debug_str     0x00045602      0x17e ./MQXLITE/psp/cortex_m/int_vtab.o
                              0x40dac (size before relaxing)
 .debug_str     0x00045780       0x8f ./MQXLITE/psp/cortex_m/mem_zero.o
                              0x40cb9 (size before relaxing)
 .debug_str     0x0004580f       0x6b ./MQXLITE/psp/cortex_m/psp_iinit.o
                              0x40c93 (size before relaxing)
 .debug_str     0x0004587a       0x64 ./MQXLITE/psp/cortex_m/psp_tinm.o
                              0x4161d (size before relaxing)
 .debug_str     0x000458de      0x10f ./MQXLITE/psp/cortex_m/sc_irdyq.o
                              0x416f3 (size before relaxing)
 .debug_str     0x000459ed       0x2c ./MQXLITE/kernel/idletask.o
                              0x415d7 (size before relaxing)
 .debug_str     0x00045a19      0x1d5 ./MQXLITE/kernel/int.o
                              0x41811 (size before relaxing)
 .debug_str     0x00045bee      0x336 ./MQXLITE/kernel/lwmem.o
                              0x41b9c (size before relaxing)
 .debug_str     0x00045f24      0x178 ./MQXLITE/kernel/lwsem.o
                              0x417b9 (size before relaxing)
 .debug_str     0x0004609c      0x11f ./MQXLITE/kernel/mqx_utils.o
                              0x41a96 (size before relaxing)
 .debug_str     0x000461bb      0x19d ./MQXLITE/kernel/mqxlite.o
                              0x41d2a (size before relaxing)
 .debug_str     0x00046358      0x6a9 ./MQXLITE/kernel/task.o
                              0x439a7 (size before relaxing)
 .debug_str     0x00046a01      0x26e ./MQXLITE/kernel/time_ticks.o
                              0x418fd (size before relaxing)
 .debug_str     0x00046c6f       0x66 ./MQXLITE/config/task_template_list.o
                              0x40575 (size before relaxing)
 .debug_str     0x00046cd5      0x145 ./Generated_Code/Cpu.o
                              0x40912 (size before relaxing)
 .debug_str     0x00046e1a      0x276 ./Generated_Code/MQX1.o
                              0x41205 (size before relaxing)
 .debug_str     0x00047090      0x186 ./Generated_Code/PE_LDD.o
                              0x405e7 (size before relaxing)
 .debug_str     0x00047216     0x32bc ./Generated_Code/SegLCD1.o
                              0x408e1 (size before relaxing)
 .debug_str     0x0004a4d2      0x22b ./Generated_Code/SystemTimer1.o
                              0x3ea88 (size before relaxing)
 .debug_str     0x0004a6fd     0x9bff ./Generated_Code/USART0_DEBUG.o
                              0x4a260 (size before relaxing)
 .debug_str     0x000542fc       0x1c ./Generated_Code/Vectors.o
                              0x404b5 (size before relaxing)

.debug_frame    0x00000000     0x1c14
 .debug_frame   0x00000000      0x25c ./Sources/lcd/LCD.o
 .debug_frame   0x0000025c       0xcc ./Sources/Events.o
 .debug_frame   0x00000328       0x34 ./Sources/main.o
 .debug_frame   0x0000035c       0x90 ./Sources/mqx_tasks.o
 .debug_frame   0x000003ec      0x120 ./Project_Settings/Startup_Code/startup.o
 .debug_frame   0x0000050c       0x30 ./MQXLITE/psp/cortex_m/int_inst.o
 .debug_frame   0x0000053c       0x4c ./MQXLITE/psp/cortex_m/int_vtab.o
 .debug_frame   0x00000588       0x34 ./MQXLITE/psp/cortex_m/mem_zero.o
 .debug_frame   0x000005bc       0x30 ./MQXLITE/psp/cortex_m/psp_iinit.o
 .debug_frame   0x000005ec       0x38 ./MQXLITE/psp/cortex_m/psp_tinm.o
 .debug_frame   0x00000624       0x50 ./MQXLITE/psp/cortex_m/sc_irdyq.o
 .debug_frame   0x00000674       0x30 ./MQXLITE/kernel/idletask.o
 .debug_frame   0x000006a4      0x1f0 ./MQXLITE/kernel/int.o
 .debug_frame   0x00000894      0x44c ./MQXLITE/kernel/lwmem.o
 .debug_frame   0x00000ce0      0x1b4 ./MQXLITE/kernel/lwsem.o
 .debug_frame   0x00000e94      0x12c ./MQXLITE/kernel/mqx_utils.o
 .debug_frame   0x00000fc0       0x70 ./MQXLITE/kernel/mqxlite.o
 .debug_frame   0x00001030      0x528 ./MQXLITE/kernel/task.o
 .debug_frame   0x00001558      0x2ac ./MQXLITE/kernel/time_ticks.o
 .debug_frame   0x00001804       0x80 ./Generated_Code/Cpu.o
 .debug_frame   0x00001884       0xd0 ./Generated_Code/MQX1.o
 .debug_frame   0x00001954       0x6c ./Generated_Code/PE_LDD.o
 .debug_frame   0x000019c0       0x54 ./Generated_Code/SegLCD1.o
 .debug_frame   0x00001a14      0x130 ./Generated_Code/SystemTimer1.o
 .debug_frame   0x00001b44       0xd0 ./Generated_Code/USART0_DEBUG.o
